Archive member included to satisfy reference by file (symbol)

/usr/lib/gcc/arm-none-eabi/13.2.1/../../../arm-none-eabi/lib/thumb/v7-m/nofp/libg.a(libc_a-memset.o)
                              /usr/lib/gcc/arm-none-eabi/13.2.1/../../../arm-none-eabi/lib/thumb/v7-m/nofp/crt0.o (memset)
/usr/lib/gcc/arm-none-eabi/13.2.1/../../../arm-none-eabi/lib/thumb/v7-m/nofp/libg.a(libc_a-init.o)
                              /usr/lib/gcc/arm-none-eabi/13.2.1/../../../arm-none-eabi/lib/thumb/v7-m/nofp/crt0.o (__libc_init_array)
/usr/lib/gcc/arm-none-eabi/13.2.1/../../../arm-none-eabi/lib/thumb/v7-m/nofp/libg.a(libc_a-exit.o)
                              /usr/lib/gcc/arm-none-eabi/13.2.1/../../../arm-none-eabi/lib/thumb/v7-m/nofp/crt0.o (exit)
/usr/lib/gcc/arm-none-eabi/13.2.1/../../../arm-none-eabi/lib/thumb/v7-m/nofp/libg.a(libc_a-atexit.o)
                              /usr/lib/gcc/arm-none-eabi/13.2.1/../../../arm-none-eabi/lib/thumb/v7-m/nofp/crt0.o (atexit)
/usr/lib/gcc/arm-none-eabi/13.2.1/../../../arm-none-eabi/lib/thumb/v7-m/nofp/libg.a(libc_a-fini.o)
                              /usr/lib/gcc/arm-none-eabi/13.2.1/../../../arm-none-eabi/lib/thumb/v7-m/nofp/crt0.o (__libc_fini_array)
/usr/lib/gcc/arm-none-eabi/13.2.1/../../../arm-none-eabi/lib/thumb/v7-m/nofp/libg.a(libc_a-__call_atexit.o)
                              /usr/lib/gcc/arm-none-eabi/13.2.1/../../../arm-none-eabi/lib/thumb/v7-m/nofp/libg.a(libc_a-exit.o) (__call_exitprocs)
/usr/lib/gcc/arm-none-eabi/13.2.1/../../../arm-none-eabi/lib/thumb/v7-m/nofp/libg.a(libc_a-__atexit.o)
                              /usr/lib/gcc/arm-none-eabi/13.2.1/../../../arm-none-eabi/lib/thumb/v7-m/nofp/libg.a(libc_a-atexit.o) (__register_exitproc)
/usr/lib/gcc/arm-none-eabi/13.2.1/../../../arm-none-eabi/lib/thumb/v7-m/nofp/libg.a(libc_a-findfp.o)
                              /usr/lib/gcc/arm-none-eabi/13.2.1/../../../arm-none-eabi/lib/thumb/v7-m/nofp/libg.a(libc_a-exit.o) (__stdio_exit_handler)
/usr/lib/gcc/arm-none-eabi/13.2.1/../../../arm-none-eabi/lib/thumb/v7-m/nofp/libg.a(libc_a-fwalk.o)
                              /usr/lib/gcc/arm-none-eabi/13.2.1/../../../arm-none-eabi/lib/thumb/v7-m/nofp/libg.a(libc_a-findfp.o) (_fwalk_sglue)
/usr/lib/gcc/arm-none-eabi/13.2.1/../../../arm-none-eabi/lib/thumb/v7-m/nofp/libg.a(libc_a-impure.o)
                              /usr/lib/gcc/arm-none-eabi/13.2.1/../../../arm-none-eabi/lib/thumb/v7-m/nofp/libg.a(libc_a-findfp.o) (_impure_data)
/usr/lib/gcc/arm-none-eabi/13.2.1/../../../arm-none-eabi/lib/thumb/v7-m/nofp/libg.a(libc_a-mallocr.o)
                              /usr/lib/gcc/arm-none-eabi/13.2.1/../../../arm-none-eabi/lib/thumb/v7-m/nofp/libg.a(libc_a-findfp.o) (_malloc_r)
/usr/lib/gcc/arm-none-eabi/13.2.1/../../../arm-none-eabi/lib/thumb/v7-m/nofp/libg.a(libc_a-freer.o)
                              /usr/lib/gcc/arm-none-eabi/13.2.1/../../../arm-none-eabi/lib/thumb/v7-m/nofp/libg.a(libc_a-mallocr.o) (_free_r)
/usr/lib/gcc/arm-none-eabi/13.2.1/../../../arm-none-eabi/lib/thumb/v7-m/nofp/libg.a(libc_a-fclose.o)
                              /usr/lib/gcc/arm-none-eabi/13.2.1/../../../arm-none-eabi/lib/thumb/v7-m/nofp/libg.a(libc_a-findfp.o) (_fclose_r)
/usr/lib/gcc/arm-none-eabi/13.2.1/../../../arm-none-eabi/lib/thumb/v7-m/nofp/libg.a(libc_a-sysconf.o)
                              /usr/lib/gcc/arm-none-eabi/13.2.1/../../../arm-none-eabi/lib/thumb/v7-m/nofp/libg.a(libc_a-mallocr.o) (sysconf)
/usr/lib/gcc/arm-none-eabi/13.2.1/../../../arm-none-eabi/lib/thumb/v7-m/nofp/libg.a(libc_a-stdio.o)
                              /usr/lib/gcc/arm-none-eabi/13.2.1/../../../arm-none-eabi/lib/thumb/v7-m/nofp/libg.a(libc_a-findfp.o) (__sread)
/usr/lib/gcc/arm-none-eabi/13.2.1/../../../arm-none-eabi/lib/thumb/v7-m/nofp/libg.a(libc_a-writer.o)
                              /usr/lib/gcc/arm-none-eabi/13.2.1/../../../arm-none-eabi/lib/thumb/v7-m/nofp/libg.a(libc_a-stdio.o) (_write_r)
/usr/lib/gcc/arm-none-eabi/13.2.1/../../../arm-none-eabi/lib/thumb/v7-m/nofp/libg.a(libc_a-mlock.o)
                              /usr/lib/gcc/arm-none-eabi/13.2.1/../../../arm-none-eabi/lib/thumb/v7-m/nofp/libg.a(libc_a-mallocr.o) (__malloc_lock)
/usr/lib/gcc/arm-none-eabi/13.2.1/../../../arm-none-eabi/lib/thumb/v7-m/nofp/libg.a(libc_a-sbrkr.o)
                              /usr/lib/gcc/arm-none-eabi/13.2.1/../../../arm-none-eabi/lib/thumb/v7-m/nofp/libg.a(libc_a-mallocr.o) (_sbrk_r)
/usr/lib/gcc/arm-none-eabi/13.2.1/../../../arm-none-eabi/lib/thumb/v7-m/nofp/libg.a(libc_a-closer.o)
                              /usr/lib/gcc/arm-none-eabi/13.2.1/../../../arm-none-eabi/lib/thumb/v7-m/nofp/libg.a(libc_a-stdio.o) (_close_r)
/usr/lib/gcc/arm-none-eabi/13.2.1/../../../arm-none-eabi/lib/thumb/v7-m/nofp/libg.a(libc_a-fflush.o)
                              /usr/lib/gcc/arm-none-eabi/13.2.1/../../../arm-none-eabi/lib/thumb/v7-m/nofp/libg.a(libc_a-fclose.o) (__sflush_r)
/usr/lib/gcc/arm-none-eabi/13.2.1/../../../arm-none-eabi/lib/thumb/v7-m/nofp/libg.a(libc_a-errno.o)
[...]
Memory Configuration

Name             Origin             Length             Attributes
FLASH            0x00000000         0x00008000         xr
SRAM             0x20000000         0x00005800         xrw
*default*        0x00000000         0xffffffff

Linker script and memory map

LOAD /usr/lib/gcc/arm-none-eabi/13.2.1/thumb/v7-m/nofp/crti.o
LOAD /usr/lib/gcc/arm-none-eabi/13.2.1/thumb/v7-m/nofp/crtbegin.o
LOAD /usr/lib/gcc/arm-none-eabi/13.2.1/../../../arm-none-eabi/lib/thumb/v7-m/nofp/crt0.o
LOAD build/py/mpstate.o
LOAD /tmp/ccGMRpMt.ltrans0.ltrans.o
LOAD /tmp/cchUzV5z.debug.temp.o
LOAD /tmp/ccjzVtPs.debug.temp.o
LOAD /tmp/cco0of1a.debug.temp.o
LOAD /tmp/cch2HPUS.debug.temp.o
LOAD /tmp/ccDalv1v.debug.temp.o
LOAD /tmp/cc1Y2SjV.debug.temp.o
LOAD /tmp/ccQXVebo.debug.temp.o
LOAD /tmp/ccOhSRc5.debug.temp.o
LOAD /tmp/ccv2bAfi.debug.temp.o
LOAD /tmp/ccmJVhdD.debug.temp.o
LOAD /tmp/ccVGqLYp.debug.temp.o
LOAD /tmp/ccb9HAXv.debug.temp.o
LOAD /tmp/ccQqpCxE.debug.temp.o
LOAD /tmp/ccw3PUR1.debug.temp.o
LOAD /tmp/ccGNp8Jl.debug.temp.o
LOAD /tmp/ccSVdKvZ.debug.temp.o
LOAD /tmp/ccWsX6cT.debug.temp.o
LOAD /tmp/ccrg5Xb9.debug.temp.o
LOAD /tmp/ccAlHAv1.debug.temp.o
LOAD /tmp/ccSBL2iX.debug.temp.o
LOAD /tmp/ccUdwjs0.debug.temp.o
LOAD /tmp/ccySlpUA.debug.temp.o
LOAD /tmp/ccQV8wUJ.debug.temp.o
LOAD /tmp/cc7zIApt.debug.temp.o
LOAD /tmp/ccs5POcz.debug.temp.o
LOAD /tmp/cc3qwSlZ.debug.temp.o
LOAD /tmp/ccx5yvzk.debug.temp.o
LOAD /tmp/cc9ltrUv.debug.temp.o
LOAD /tmp/ccZ4JtUg.debug.temp.o
LOAD /tmp/ccrlwzEX.debug.temp.o
LOAD /tmp/ccA3nDCZ.debug.temp.o
LOAD /tmp/ccxLq8RC.debug.temp.o
LOAD /tmp/ccZKWV5d.debug.temp.o
LOAD /tmp/ccGuhceQ.debug.temp.o
LOAD /tmp/ccoKbPcZ.debug.temp.o
LOAD /tmp/ccylxIyq.debug.temp.o
LOAD /tmp/ccvOlhbX.debug.temp.o
LOAD /tmp/cc1dLu2N.debug.temp.o
LOAD /tmp/ccC044If.debug.temp.o
LOAD /tmp/ccfQG5Hz.debug.temp.o
LOAD /tmp/ccsPMF4p.debug.temp.o
LOAD /tmp/ccEtUTDg.debug.temp.o
LOAD /tmp/ccdsRh0t.debug.temp.o
LOAD /tmp/ccC3YS1G.debug.temp.o
LOAD /tmp/cc8jtyCa.debug.temp.o
LOAD /tmp/ccrQbn2n.debug.temp.o
LOAD /tmp/ccFTf8rR.debug.temp.o
LOAD /tmp/ccRnmlKj.debug.temp.o
LOAD /tmp/cc9RQfGX.debug.temp.o
LOAD /tmp/cc7VlmFP.debug.temp.o
LOAD /tmp/ccikBIaN.debug.temp.o
LOAD /tmp/cc9L6iYU.debug.temp.o
LOAD /tmp/ccd6QHk8.debug.temp.o
LOAD /tmp/ccGsl9sl.debug.temp.o
LOAD /tmp/cc7IrNbP.debug.temp.o
LOAD /tmp/ccMol4Ww.debug.temp.o
LOAD /tmp/ccKtovEQ.debug.temp.o
LOAD /tmp/ccw31pxr.debug.temp.o
LOAD /tmp/ccGWIg5D.debug.temp.o
LOAD /tmp/cccHjpaI.debug.temp.o
LOAD /tmp/ccJVEBSO.debug.temp.o
LOAD /tmp/ccsJTULm.debug.temp.o
LOAD /tmp/ccspLMjt.debug.temp.o
LOAD /tmp/ccj7EXPc.debug.temp.o
LOAD /tmp/cczSSi8s.debug.temp.o
LOAD /tmp/cceb0dxe.debug.temp.o
LOAD /tmp/ccAerdyr.debug.temp.o
LOAD /tmp/ccUWM3vB.debug.temp.o
LOAD /tmp/ccaJEfBv.debug.temp.o
LOAD /tmp/ccRFduxD.debug.temp.o
LOAD /tmp/ccnQEkdo.debug.temp.o
LOAD /tmp/ccgAZ7YC.debug.temp.o
LOAD /tmp/ccUer8vs.debug.temp.o
LOAD /tmp/ccDjUQsN.debug.temp.o
LOAD /tmp/cc9ZkWQI.debug.temp.o
LOAD /tmp/ccYd2QEq.debug.temp.o
LOAD /tmp/cchHQN8E.debug.temp.o
LOAD /tmp/ccVmShYg.debug.temp.o
LOAD /tmp/ccp47M8N.debug.temp.o
LOAD /tmp/ccv5Bk5A.debug.temp.o
LOAD /tmp/cclqj9qN.debug.temp.o
LOAD /tmp/ccvXiept.debug.temp.o
LOAD /tmp/ccx2TMhX.debug.temp.o
LOAD /tmp/cci0aQIl.debug.temp.o
LOAD /tmp/ccoz3JlP.debug.temp.o
LOAD /tmp/ccJ1jgiR.debug.temp.o
LOAD /tmp/ccBcwlPB.debug.temp.o
LOAD /tmp/ccwlv0DJ.debug.temp.o
LOAD /tmp/ccTSHUlU.debug.temp.o
LOAD /tmp/cc7YKOvg.debug.temp.o
LOAD /tmp/cctX9llY.debug.temp.o
LOAD /tmp/cc6sGOxd.debug.temp.o
LOAD /tmp/ccm28yEo.debug.temp.o
LOAD /tmp/cc2bMX5X.debug.temp.o
LOAD /tmp/ccgqhAnR.debug.temp.o
LOAD /tmp/ccaVm9Ak.debug.temp.o
LOAD /tmp/ccrBRWPk.debug.temp.o
LOAD /tmp/ccZ2EQCt.debug.temp.o
LOAD /tmp/ccusKiLC.debug.temp.o
LOAD /tmp/cctTL0bx.debug.temp.o
LOAD /tmp/ccbbkW87.debug.temp.o
LOAD /tmp/ccND17YH.debug.temp.o
LOAD /tmp/ccST1MEK.debug.temp.o
LOAD /tmp/ccTaTwii.debug.temp.o
LOAD /tmp/ccX8wj3t.debug.temp.o
LOAD /tmp/ccykFx73.debug.temp.o
LOAD /tmp/ccmffN53.debug.temp.o
LOAD /tmp/ccsr5GkF.debug.temp.o
LOAD /tmp/cc4HQxdV.debug.temp.o
LOAD /tmp/ccl9PGzI.debug.temp.o
LOAD /tmp/ccGfUEat.debug.temp.o
LOAD /tmp/cc6M68od.debug.temp.o
LOAD /tmp/ccDYOM8C.debug.temp.o
LOAD /tmp/ccleDLe3.debug.temp.o
LOAD /tmp/ccC5Jf5U.debug.temp.o
LOAD /tmp/ccnjxyTr.debug.temp.o
LOAD /tmp/cczmXTWG.debug.temp.o
LOAD /tmp/cchLRzLO.debug.temp.o
LOAD /tmp/ccZpiPFX.debug.temp.o
LOAD /tmp/ccIYRqju.debug.temp.o
LOAD /tmp/cccS6lPA.debug.temp.o
LOAD /tmp/ccD4uz7T.debug.temp.o
LOAD /tmp/cc7bHCTp.debug.temp.o
LOAD /tmp/ccEnFs8l.debug.temp.o
LOAD /tmp/ccldDdJq.debug.temp.o
LOAD /tmp/cccG1hQx.debug.temp.o
LOAD /tmp/ccHZW02I.debug.temp.o
LOAD /tmp/ccm8OsX5.debug.temp.o
LOAD /tmp/ccQ4t0Ys.debug.temp.o
LOAD /tmp/ccPjDAEv.debug.temp.o
LOAD /tmp/cc1t33WJ.debug.temp.o
LOAD /tmp/ccLWlNOy.debug.temp.o
LOAD /tmp/ccSSuq6q.debug.temp.o
LOAD /tmp/ccXr7d7l.debug.temp.o
LOAD /tmp/ccjgdXQi.debug.temp.o
LOAD build/py/nlr.o
LOAD build/py/nlrx86.o
LOAD build/py/nlrx64.o
LOAD build/py/nlrthumb.o
LOAD build/py/nlraarch64.o
LOAD build/py/nlrmips.o
LOAD build/py/nlrpowerpc.o
LOAD build/py/nlrxtensa.o
LOAD build/py/nlrrv32.o
LOAD build/py/nlrrv64.o
LOAD build/py/nlrsetjmp.o
LOAD build/py/malloc.o
LOAD build/py/gc.o
LOAD build/py/pystack.o
LOAD build/py/qstr.o
LOAD build/py/vstr.o
LOAD build/py/mpprint.o
LOAD build/py/unicode.o
LOAD build/py/mpz.o
LOAD build/py/reader.o
LOAD build/py/lexer.o
LOAD build/py/parse.o
LOAD build/py/scope.o
LOAD build/py/compile.o
LOAD build/py/emitcommon.o
LOAD build/py/emitbc.o
LOAD build/py/asmbase.o
LOAD build/py/asmx64.o
LOAD build/py/emitnx64.o
LOAD build/py/asmx86.o
LOAD build/py/emitnx86.o
LOAD build/py/asmthumb.o
LOAD build/py/emitnthumb.o
LOAD build/py/emitinlinethumb.o
LOAD build/py/asmarm.o
LOAD build/py/emitnarm.o
LOAD build/py/asmxtensa.o
LOAD build/py/emitnxtensa.o
LOAD build/py/emitinlinextensa.o
LOAD build/py/emitnxtensawin.o
LOAD build/py/asmrv32.o
LOAD build/py/emitnrv32.o
LOAD build/py/emitinlinerv32.o
LOAD build/py/emitndebug.o
LOAD build/py/formatfloat.o
LOAD build/py/parsenumbase.o
LOAD build/py/parsenum.o
LOAD build/py/emitglue.o
LOAD build/py/persistentcode.o
LOAD build/py/runtime.o
LOAD build/py/runtime_utils.o
LOAD build/py/scheduler.o
LOAD build/py/nativeglue.o
LOAD build/py/pairheap.o
LOAD build/py/ringbuf.o
LOAD build/py/cstack.o
LOAD build/py/stackctrl.o
LOAD build/py/argcheck.o
LOAD build/py/warning.o
LOAD build/py/profile.o
LOAD build/py/map.o
LOAD build/py/obj.o
LOAD build/py/objarray.o
LOAD build/py/objattrtuple.o
LOAD build/py/objbool.o
LOAD build/py/objboundmeth.o
LOAD build/py/objcell.o
LOAD build/py/objclosure.o
LOAD build/py/objcode.o
LOAD build/py/objcomplex.o
LOAD build/py/objdeque.o
LOAD build/py/objdict.o
LOAD build/py/objenumerate.o
LOAD build/py/objexcept.o
LOAD build/py/objfilter.o
LOAD build/py/objfloat.o
LOAD build/py/objfun.o
LOAD build/py/objgenerator.o
LOAD build/py/objgetitemiter.o
LOAD build/py/objint.o
LOAD build/py/objint_longlong.o
LOAD build/py/objint_mpz.o
LOAD build/py/objlist.o
LOAD build/py/objmap.o
LOAD build/py/objmodule.o
LOAD build/py/objobject.o
LOAD build/py/objpolyiter.o
LOAD build/py/objproperty.o
LOAD build/py/objnone.o
LOAD build/py/objnamedtuple.o
LOAD build/py/objrange.o
LOAD build/py/objreversed.o
LOAD build/py/objringio.o
LOAD build/py/objset.o
LOAD build/py/objsingleton.o
LOAD build/py/objslice.o
LOAD build/py/objstr.o
LOAD build/py/objstrunicode.o
LOAD build/py/objstringio.o
LOAD build/py/objtuple.o
LOAD build/py/objtype.o
LOAD build/py/objzip.o
LOAD build/py/opmethods.o
LOAD build/py/sequence.o
LOAD build/py/stream.o
LOAD build/py/binary.o
LOAD build/py/builtinimport.o
LOAD build/py/builtinevex.o
LOAD build/py/builtinhelp.o
LOAD build/py/modarray.o
LOAD build/py/modbuiltins.o
LOAD build/py/modcollections.o
LOAD build/py/modgc.o
LOAD build/py/modio.o
LOAD build/py/modmath.o
LOAD build/py/modcmath.o
LOAD build/py/modmicropython.o
LOAD build/py/modstruct.o
LOAD build/py/modsys.o
LOAD build/py/moderrno.o
LOAD build/py/modthread.o
LOAD build/py/vm.o
LOAD build/py/bc.o
LOAD build/py/showbc.o
LOAD build/py/repl.o
LOAD build/py/smallint.o
LOAD build/py/frozenmod.o
LOAD build/main.o
LOAD build/mphalport.o
LOAD build/uart.o
LOAD build/shared/libc/printf.o
LOAD build/shared/readline/readline.o
LOAD build/shared/runtime/pyexec.o
LOAD build/shared/runtime/stdout_helpers.o
START GROUP
LOAD /usr/lib/gcc/arm-none-eabi/13.2.1/thumb/v7-m/nofp/libgcc.a
LOAD /usr/lib/gcc/arm-none-eabi/13.2.1/../../../arm-none-eabi/lib/thumb/v7-m/nofp/libg.a
LOAD /usr/lib/gcc/arm-none-eabi/13.2.1/../../../arm-none-eabi/lib/thumb/v7-m/nofp/libc.a
END GROUP
START GROUP
LOAD /usr/lib/gcc/arm-none-eabi/13.2.1/thumb/v7-m/nofp/libgcc.a
LOAD /usr/lib/gcc/arm-none-eabi/13.2.1/../../../arm-none-eabi/lib/thumb/v7-m/nofp/libc.a
LOAD /usr/lib/gcc/arm-none-eabi/13.2.1/../../../arm-none-eabi/lib/thumb/v7-m/nofp/libnosys.a
END GROUP
LOAD /usr/lib/gcc/arm-none-eabi/13.2.1/thumb/v7-m/nofp/crtend.o
LOAD /usr/lib/gcc/arm-none-eabi/13.2.1/thumb/v7-m/nofp/crtn.o
                0x00000800                        STACK_SIZE = 0x800

.text           0x00000000     0x774c
                0x00000000                        . = ALIGN (0x4)
 *(.isr_vector)
 *(.text*)
 .text.gc_mark_subtree
                0x00000000       0xb8 /tmp/ccGMRpMt.ltrans0.ltrans.o
 .text.gc_collect_root
                0x000000b8       0x68 /tmp/ccGMRpMt.ltrans0.ltrans.o
 .text.gc_deal_with_stack_overflow
                0x00000120       0x68 /tmp/ccGMRpMt.ltrans0.ltrans.o
 .text.gc_sweep_free_blocks
                0x00000188       0x84 /tmp/ccGMRpMt.ltrans0.ltrans.o
 .text.gc_free  0x0000020c       0x6c /tmp/ccGMRpMt.ltrans0.ltrans.o
 .text.qstr_compute_hash
                0x00000278       0x20 /tmp/ccGMRpMt.ltrans0.ltrans.o
 .text.find_qstr
                0x00000298       0x20 /tmp/ccGMRpMt.ltrans0.ltrans.o
 .text.qstr_hash
                0x000002b8       0x20 /tmp/ccGMRpMt.ltrans0.ltrans.o
 .text.qstr_data
                0x000002d8       0x1e /tmp/ccGMRpMt.ltrans0.ltrans.o
 *fill*         0x000002f6        0x2
 .text.mp_decompress_rom_string
                0x000002f8       0x70 /tmp/ccGMRpMt.ltrans0.ltrans.o
 .text.mp_print_strn
                0x00000368       0xf8 /tmp/ccGMRpMt.ltrans0.ltrans.o
 .text.unichar_isspace
                0x00000460       0x14 /tmp/ccGMRpMt.ltrans0.ltrans.o
 .text.unichar_isalpha
                0x00000474       0x14 /tmp/ccGMRpMt.ltrans0.ltrans.o
 .text.unichar_isdigit
                0x00000488       0x14 /tmp/ccGMRpMt.ltrans0.ltrans.o
 .text.unichar_isupper
                0x0000049c       0x14 /tmp/ccGMRpMt.ltrans0.ltrans.o
 .text.unichar_islower
                0x000004b0       0x14 /tmp/ccGMRpMt.ltrans0.ltrans.o
 .text.unichar_tolower
                0x000004c4       0x10 /tmp/ccGMRpMt.ltrans0.ltrans.o
 .text.unichar_toupper
                0x000004d4       0x10 /tmp/ccGMRpMt.ltrans0.ltrans.o
 .text.type_get_iternext
                0x000004e4       0x38 /tmp/ccGMRpMt.ltrans0.ltrans.o
 .text.mp_obj_get_type
                0x0000051c       0x18 /tmp/ccGMRpMt.ltrans0.ltrans.o
 .text.mp_convert_member_lookup
                0x00000534       0x60 /tmp/ccGMRpMt.ltrans0.ltrans.o
 .text.mp_obj_len_maybe
                0x00000594       0x64 /tmp/ccGMRpMt.ltrans0.ltrans.o
 .text.mp_obj_is_true
                0x000005f8       0x52 /tmp/ccGMRpMt.ltrans0.ltrans.o
 *fill*         0x0000064a        0x2
 .text.mp_obj_is_dict_or_ordereddict
                0x0000064c       0x28 /tmp/ccGMRpMt.ltrans0.ltrans.o
 .text.dict_iter_next
                0x00000674       0x28 /tmp/ccGMRpMt.ltrans0.ltrans.o
 .text.dict_unary_op
                0x0000069c       0x26 /tmp/ccGMRpMt.ltrans0.ltrans.o
 *fill*         0x000006c2        0x2
 .text.dict_view_getiter
                0x000006c4       0x1c /tmp/ccGMRpMt.ltrans0.ltrans.o
 .text.dict_view_unary_op
                0x000006e0       0x18 /tmp/ccGMRpMt.ltrans0.ltrans.o
 .text.dict_getiter
                0x000006f8       0x18 /tmp/ccGMRpMt.ltrans0.ltrans.o
 .text.mp_obj_is_native_exception_instance
                0x00000710       0x24 /tmp/ccGMRpMt.ltrans0.ltrans.o
 .text.mp_obj_int_unary_op
                0x00000734        0x4 /tmp/ccGMRpMt.ltrans0.ltrans.o
 .text.list_unary_op
                0x00000738       0x22 /tmp/ccGMRpMt.ltrans0.ltrans.o
 *fill*         0x0000075a        0x2
 .text.list_getiter
                0x0000075c       0x1c /tmp/ccGMRpMt.ltrans0.ltrans.o
 .text.list_it_iternext
                0x00000778       0x1c /tmp/ccGMRpMt.ltrans0.ltrans.o
 .text.list_reverse
                0x00000794       0x2e /tmp/ccGMRpMt.ltrans0.ltrans.o
 .text.polymorph_it_iternext
                0x000007c2        0x4 /tmp/ccGMRpMt.ltrans0.ltrans.o
 .text.str_to_int
                0x000007c6       0x30 /tmp/ccGMRpMt.ltrans0.ltrans.o
 *fill*         0x000007f6        0x2
 .text.arg_looks_integer
                0x000007f8       0x28 /tmp/ccGMRpMt.ltrans0.ltrans.o
 .text.str_uni_istype
                0x00000820       0x74 /tmp/ccGMRpMt.ltrans0.ltrans.o
 .text.str_isspace
                0x00000894        0xc /tmp/ccGMRpMt.ltrans0.ltrans.o
 .text.str_isalpha
                0x000008a0        0xc /tmp/ccGMRpMt.ltrans0.ltrans.o
 .text.str_isdigit
                0x000008ac        0xc /tmp/ccGMRpMt.ltrans0.ltrans.o
 .text.str_isupper
                0x000008b8        0xc /tmp/ccGMRpMt.ltrans0.ltrans.o
 .text.str_islower
                0x000008c4        0xc /tmp/ccGMRpMt.ltrans0.ltrans.o
 .text.mp_obj_str_get_buffer
                0x000008d0       0x34 /tmp/ccGMRpMt.ltrans0.ltrans.o
 .text.mp_obj_new_str_iterator
                0x00000904       0x1c /tmp/ccGMRpMt.ltrans0.ltrans.o
 .text.bytes_it_iternext
                0x00000920       0x3a /tmp/ccGMRpMt.ltrans0.ltrans.o
 *fill*         0x0000095a        0x2
 .text.mp_obj_new_bytes_iterator
                0x0000095c       0x1c /tmp/ccGMRpMt.ltrans0.ltrans.o
 .text.mp_obj_tuple_getiter
                0x00000978       0x1c /tmp/ccGMRpMt.ltrans0.ltrans.o
 .text.tuple_it_iternext
                0x00000994       0x1c /tmp/ccGMRpMt.ltrans0.ltrans.o
 .text.instance_count_native_bases
                0x000009b0       0x28 /tmp/ccGMRpMt.ltrans0.ltrans.o
 .text.native_base_init_wrapper
                0x000009d8       0x34 /tmp/ccGMRpMt.ltrans0.ltrans.o
 .text.mp_obj_is_subclass_fast
                0x00000a0c       0x30 /tmp/ccGMRpMt.ltrans0.ltrans.o
 .text.mp_obj_is_exception_type
                0x00000a3c       0x34 /tmp/ccGMRpMt.ltrans0.ltrans.o
 .text.mp_obj_exception_match
                0x00000a70       0x3c /tmp/ccGMRpMt.ltrans0.ltrans.o
 .text.op_getitem
                0x00000aac       0x1a /tmp/ccGMRpMt.ltrans0.ltrans.o
 .text.op_setitem
                0x00000ac6       0x18 /tmp/ccGMRpMt.ltrans0.ltrans.o
 .text.op_delitem
                0x00000ade       0x1a /tmp/ccGMRpMt.ltrans0.ltrans.o
 .text.gc_collect_root.constprop.0
                0x00000af8       0x64 /tmp/ccGMRpMt.ltrans0.ltrans.o
 .text.nlr_jump
                0x00000b5c       0x4c /tmp/ccGMRpMt.ltrans0.ltrans.o
 .text.gc_alloc.constprop.0
                0x00000ba8      0x17c /tmp/ccGMRpMt.ltrans0.ltrans.o
 .text.m_malloc_maybe
                0x00000d24        0x4 /tmp/ccGMRpMt.ltrans0.ltrans.o
 .text.gc_realloc
                0x00000d28      0x254 /tmp/ccGMRpMt.ltrans0.ltrans.o
 .text.exc_add_strn
                0x00000f7c       0x54 /tmp/ccGMRpMt.ltrans0.ltrans.o
 .text.qstr_find_strn
                0x00000fd0       0x8c /tmp/ccGMRpMt.ltrans0.ltrans.o
 .text.mp_obj_equal_not_equal
                0x0000105c      0x188 /tmp/ccGMRpMt.ltrans0.ltrans.o
 .text.mp_obj_equal
                0x000011e4       0x14 /tmp/ccGMRpMt.ltrans0.ltrans.o
 .text.mp_seq_count_obj
                0x000011f8       0x2e /tmp/ccGMRpMt.ltrans0.ltrans.o
 .text.list_count
                0x00001226        0xa /tmp/ccGMRpMt.ltrans0.ltrans.o
 .text.tuple_count
                0x00001230        0xc /tmp/ccGMRpMt.ltrans0.ltrans.o
 .text.find_subbytes
                0x0000123c       0x42 /tmp/ccGMRpMt.ltrans0.ltrans.o
 *fill*         0x0000127e        0x2
 .text.mp_vprintf
                0x00001280      0x29c /tmp/ccGMRpMt.ltrans0.ltrans.o
 .text.mp_printf
                0x0000151c       0x1a /tmp/ccGMRpMt.ltrans0.ltrans.o
 *fill*         0x00001536        0x2
 .text.mp_obj_print_helper
                0x00001538       0x30 /tmp/ccGMRpMt.ltrans0.ltrans.o
 .text.type_print
                0x00001568        0xc /tmp/ccGMRpMt.ltrans0.ltrans.o
 .text.decompress_error_text_maybe
                0x00001574       0x64 /tmp/ccGMRpMt.ltrans0.ltrans.o
 .text.mp_obj_exception_get_value
                0x000015d8       0x22 /tmp/ccGMRpMt.ltrans0.ltrans.o
 .text.mp_obj_exception_attr
                0x000015fa       0x3a /tmp/ccGMRpMt.ltrans0.ltrans.o
 .text.mp_obj_new_exception_msg
                0x00001634       0x48 /tmp/ccGMRpMt.ltrans0.ltrans.o
 .text.mp_raise_msg
                0x0000167c       0x16 /tmp/ccGMRpMt.ltrans0.ltrans.o
 *fill*         0x00001692        0x2
 .text.mp_raise_ValueError
                0x00001694       0x10 /tmp/ccGMRpMt.ltrans0.ltrans.o
 .text.terse_str_format_value_error
                0x000016a4        0xc /tmp/ccGMRpMt.ltrans0.ltrans.o
 .text.mp_raise_TypeError
                0x000016b0       0x10 /tmp/ccGMRpMt.ltrans0.ltrans.o
 .text.mp_call_function_n_kw
                0x000016c0       0x2c /tmp/ccGMRpMt.ltrans0.ltrans.o
 .text.mp_call_function_1
                0x000016ec       0x14 /tmp/ccGMRpMt.ltrans0.ltrans.o
 .text.mp_call_method_n_kw
                0x00001700       0x20 /tmp/ccGMRpMt.ltrans0.ltrans.o
 .text.mp_arg_error_terse_mismatch
                0x00001720        0xc /tmp/ccGMRpMt.ltrans0.ltrans.o
 .text.mp_arg_check_num_sig
                0x0000172c       0x26 /tmp/ccGMRpMt.ltrans0.ltrans.o
 .text.bool_make_new
                0x00001752       0x22 /tmp/ccGMRpMt.ltrans0.ltrans.o
 .text.mp_obj_exception_make_new
                0x00001774       0x6c /tmp/ccGMRpMt.ltrans0.ltrans.o
 .text.mp_raise_type_arg
                0x000017e0       0x12 /tmp/ccGMRpMt.ltrans0.ltrans.o
 .text.fun_builtin_1_call
                0x000017f2       0x1c /tmp/ccGMRpMt.ltrans0.ltrans.o
 .text.fun_builtin_2_call
                0x0000180e       0x1e /tmp/ccGMRpMt.ltrans0.ltrans.o
 .text.fun_builtin_3_call
                0x0000182c       0x20 /tmp/ccGMRpMt.ltrans0.ltrans.o
 .text.fun_builtin_var_call
                0x0000184c       0x4e /tmp/ccGMRpMt.ltrans0.ltrans.o
 *fill*         0x0000189a        0x2
 .text.mp_get_buffer
                0x0000189c       0x34 /tmp/ccGMRpMt.ltrans0.ltrans.o
 .text.mp_ensure_not_fixed
                0x000018d0       0x10 /tmp/ccGMRpMt.ltrans0.ltrans.o
 .text.dict_clear
                0x000018e0       0x2a /tmp/ccGMRpMt.ltrans0.ltrans.o
 *fill*         0x0000190a        0x2
 .text.str_check_arg_type
                0x0000190c       0x1c /tmp/ccGMRpMt.ltrans0.ltrans.o
 .text.mp_obj_str_get_data
                0x00001928       0x48 /tmp/ccGMRpMt.ltrans0.ltrans.o
 .text.type_call
                0x00001970       0x20 /tmp/ccGMRpMt.ltrans0.ltrans.o
 .text.mp_obj_new_int_from_uint.part.0
                0x00001990       0x14 /tmp/ccGMRpMt.ltrans0.ltrans.o
 .text.mp_unary_op
                0x000019a4      0x100 /tmp/ccGMRpMt.ltrans0.ltrans.o
 .text.mp_obj_get_int_maybe
                0x00001aa4       0x44 /tmp/ccGMRpMt.ltrans0.ltrans.o
 .text.mp_obj_get_int
                0x00001ae8       0x1c /tmp/ccGMRpMt.ltrans0.ltrans.o
 .text.bool_unary_op
                0x00001b04       0x18 /tmp/ccGMRpMt.ltrans0.ltrans.o
 .text.mp_obj_tuple_unary_op
                0x00001b1c       0x54 /tmp/ccGMRpMt.ltrans0.ltrans.o
 .text.int_from_bytes
                0x00001b70       0x54 /tmp/ccGMRpMt.ltrans0.ltrans.o
 .text.mp_get_index.isra.0
                0x00001bc4       0x60 /tmp/ccGMRpMt.ltrans0.ltrans.o
 .text.str_finder
                0x00001c24       0xcc /tmp/ccGMRpMt.ltrans0.ltrans.o
 .text.str_find
                0x00001cf0        0x8 /tmp/ccGMRpMt.ltrans0.ltrans.o
 .text.str_rfind
                0x00001cf8        0xa /tmp/ccGMRpMt.ltrans0.ltrans.o
 .text.str_index
                0x00001d02        0x8 /tmp/ccGMRpMt.ltrans0.ltrans.o
 .text.str_rindex
                0x00001d0a        0xa /tmp/ccGMRpMt.ltrans0.ltrans.o
 .text.str_startendswith
                0x00001d14       0xc4 /tmp/ccGMRpMt.ltrans0.ltrans.o
 .text.str_startswith
                0x00001dd8        0x6 /tmp/ccGMRpMt.ltrans0.ltrans.o
 .text.str_endswith
                0x00001dde        0x6 /tmp/ccGMRpMt.ltrans0.ltrans.o
 .text.mp_obj_tuple_subscr
                0x00001de4       0x1c /tmp/ccGMRpMt.ltrans0.ltrans.o
 .text.mp_seq_index_obj
                0x00001e00       0x5c /tmp/ccGMRpMt.ltrans0.ltrans.o
 .text.list_index
                0x00001e5c       0x12 /tmp/ccGMRpMt.ltrans0.ltrans.o
 .text.tuple_index
                0x00001e6e       0x10 /tmp/ccGMRpMt.ltrans0.ltrans.o
 *fill*         0x00001e7e        0x2
 .text.mp_raise_msg_varg.constprop.0
                0x00001e80       0x84 /tmp/ccGMRpMt.ltrans0.ltrans.o
 .text.m_malloc_fail
                0x00001f04       0x2c /tmp/ccGMRpMt.ltrans0.ltrans.o
 .text.m_realloc
                0x00001f30       0x16 /tmp/ccGMRpMt.ltrans0.ltrans.o
 *fill*         0x00001f46        0x2
 .text.vstr_ensure_extra
                0x00001f48       0x38 /tmp/ccGMRpMt.ltrans0.ltrans.o
 .text.vstr_add_byte
                0x00001f80       0x18 /tmp/ccGMRpMt.ltrans0.ltrans.o
 .text.vstr_add_strn
                0x00001f98       0x24 /tmp/ccGMRpMt.ltrans0.ltrans.o
 .text.mp_obj_list_append
                0x00001fbc       0x42 /tmp/ccGMRpMt.ltrans0.ltrans.o
 .text.list_insert
                0x00001ffe       0x40 /tmp/ccGMRpMt.ltrans0.ltrans.o
 *fill*         0x0000203e        0x2
 .text.list_pop
                0x00002040       0x74 /tmp/ccGMRpMt.ltrans0.ltrans.o
 .text.list_subscr
                0x000020b4       0x3c /tmp/ccGMRpMt.ltrans0.ltrans.o
 .text.mp_obj_list_remove
                0x000020f0       0x20 /tmp/ccGMRpMt.ltrans0.ltrans.o
 .text.list_clear
                0x00002110       0x22 /tmp/ccGMRpMt.ltrans0.ltrans.o
 .text.m_malloc
                0x00002132       0x14 /tmp/ccGMRpMt.ltrans0.ltrans.o
 .text.vstr_init
                0x00002146       0x1c /tmp/ccGMRpMt.ltrans0.ltrans.o
 .text.vstr_init_len
                0x00002162       0x10 /tmp/ccGMRpMt.ltrans0.ltrans.o
 *fill*         0x00002172        0x2
 .text.mp_map_rehash
                0x00002174       0x74 /tmp/ccGMRpMt.ltrans0.ltrans.o
 .text.mp_map_lookup
                0x000021e8      0x18c /tmp/ccGMRpMt.ltrans0.ltrans.o
 .text.mp_load_method_maybe
                0x00002374       0x7c /tmp/ccGMRpMt.ltrans0.ltrans.o
 .text.mp_getiter
                0x000023f0       0x88 /tmp/ccGMRpMt.ltrans0.ltrans.o
 .text.mp_builtin_next
                0x00002478       0x68 /tmp/ccGMRpMt.ltrans0.ltrans.o
 .text.dict_binary_op
                0x000024e0       0x70 /tmp/ccGMRpMt.ltrans0.ltrans.o
 .text.dict_view_binary_op
                0x00002550       0x1a /tmp/ccGMRpMt.ltrans0.ltrans.o
 *fill*         0x0000256a        0x2
 .text.dict_get_helper
                0x0000256c       0x50 /tmp/ccGMRpMt.ltrans0.ltrans.o
 .text.dict_subscr
                0x000025bc       0x54 /tmp/ccGMRpMt.ltrans0.ltrans.o
 .text.dict_get
                0x00002610        0x6 /tmp/ccGMRpMt.ltrans0.ltrans.o
 .text.dict_pop
                0x00002616        0x6 /tmp/ccGMRpMt.ltrans0.ltrans.o
 .text.dict_setdefault
                0x0000261c        0x6 /tmp/ccGMRpMt.ltrans0.ltrans.o
 *fill*         0x00002622        0x2
 .text.mp_obj_class_lookup
                0x00002624       0xac /tmp/ccGMRpMt.ltrans0.ltrans.o
 .text.mp_obj_instance_getiter
                0x000026d0       0x76 /tmp/ccGMRpMt.ltrans0.ltrans.o
 *fill*         0x00002746        0x2
 .text.instance_unary_op
                0x00002748       0xb4 /tmp/ccGMRpMt.ltrans0.ltrans.o
 .text.instance_subscr
                0x000027fc       0xa4 /tmp/ccGMRpMt.ltrans0.ltrans.o
 .text.instance_get_buffer
                0x000028a0       0x50 /tmp/ccGMRpMt.ltrans0.ltrans.o
 .text.mp_obj_instance_attr
                0x000028f0       0x8a /tmp/ccGMRpMt.ltrans0.ltrans.o
 .text.type_attr
                0x0000297a       0x60 /tmp/ccGMRpMt.ltrans0.ltrans.o
 .text.mp_obj_malloc_helper
                0x000029da        0xc /tmp/ccGMRpMt.ltrans0.ltrans.o
 *fill*         0x000029e6        0x2
 .text.dict_values
                0x000029e8       0x18 /tmp/ccGMRpMt.ltrans0.ltrans.o
 .text.dict_items
                0x00002a00       0x18 /tmp/ccGMRpMt.ltrans0.ltrans.o
 .text.dict_keys
                0x00002a18       0x18 /tmp/ccGMRpMt.ltrans0.ltrans.o
 .text.object_make_new
                0x00002a30       0x1a /tmp/ccGMRpMt.ltrans0.ltrans.o
 *fill*         0x00002a4a        0x2
 .text.mp_obj_new_str_type_from_vstr
                0x00002a4c       0x74 /tmp/ccGMRpMt.ltrans0.ltrans.o
 .text.mp_obj_str_binary_op
                0x00002ac0      0x1bc /tmp/ccGMRpMt.ltrans0.ltrans.o
 .text.str_replace
                0x00002c7c      0x15a /tmp/ccGMRpMt.ltrans0.ltrans.o
 .text.str_caseconv
                0x00002dd6       0x56 /tmp/ccGMRpMt.ltrans0.ltrans.o
 .text.str_lower
                0x00002e2c        0xc /tmp/ccGMRpMt.ltrans0.ltrans.o
 .text.str_upper
                0x00002e38        0xc /tmp/ccGMRpMt.ltrans0.ltrans.o
 .text.mp_obj_new_tuple.part.0
                0x00002e44       0x30 /tmp/ccGMRpMt.ltrans0.ltrans.o
 .text.dict_popitem
                0x00002e74       0x4c /tmp/ccGMRpMt.ltrans0.ltrans.o
 .text.dict_view_it_iternext
                0x00002ec0       0x36 /tmp/ccGMRpMt.ltrans0.ltrans.o
 *fill*         0x00002ef6        0x2
 .text.mp_obj_dict_init
                0x00002ef8       0x24 /tmp/ccGMRpMt.ltrans0.ltrans.o
 .text.mp_obj_dict_copy
                0x00002f1c       0x38 /tmp/ccGMRpMt.ltrans0.ltrans.o
 .text.mp_obj_list_init
                0x00002f54       0x38 /tmp/ccGMRpMt.ltrans0.ltrans.o
 .text.list_new
                0x00002f8c       0x16 /tmp/ccGMRpMt.ltrans0.ltrans.o
 .text.list_copy
                0x00002fa2       0x26 /tmp/ccGMRpMt.ltrans0.ltrans.o
 .text.mp_obj_new_str_copy
                0x00002fc8       0x38 /tmp/ccGMRpMt.ltrans0.ltrans.o
 .text.mp_obj_new_str
                0x00003000       0x28 /tmp/ccGMRpMt.ltrans0.ltrans.o
 .text.mp_obj_str_make_new
                0x00003028       0xa4 /tmp/ccGMRpMt.ltrans0.ltrans.o
 .text.mp_obj_new_str_of_type
                0x000030cc       0x24 /tmp/ccGMRpMt.ltrans0.ltrans.o
 .text.mp_obj_str_split
                0x000030f0      0x140 /tmp/ccGMRpMt.ltrans0.ltrans.o
 .text.str_rsplit
                0x00003230      0x114 /tmp/ccGMRpMt.ltrans0.ltrans.o
 .text.str_uni_strip
                0x00003344      0x114 /tmp/ccGMRpMt.ltrans0.ltrans.o
 .text.str_strip
                0x00003458        0xa /tmp/ccGMRpMt.ltrans0.ltrans.o
 .text.str_lstrip
                0x00003462        0xa /tmp/ccGMRpMt.ltrans0.ltrans.o
 .text.str_rstrip
                0x0000346c        0xa /tmp/ccGMRpMt.ltrans0.ltrans.o
 *fill*         0x00003476        0x2
 .text.mp_obj_instance_call
                0x00003478       0xb8 /tmp/ccGMRpMt.ltrans0.ltrans.o
 .text.static_class_method_make_new
                0x00003530       0x20 /tmp/ccGMRpMt.ltrans0.ltrans.o
 .text.mp_obj_int_formatted.constprop.0
                0x00003550      0x150 /tmp/ccGMRpMt.ltrans0.ltrans.o
 .text.mp_print_mp_int.constprop.0.isra.0
                0x000036a0      0x168 /tmp/ccGMRpMt.ltrans0.ltrans.o
 .text.qstr_from_strn_helper.constprop.0
                0x00003808      0x134 /tmp/ccGMRpMt.ltrans0.ltrans.o
 .text.type_make_new
                0x0000393c      0x1c4 /tmp/ccGMRpMt.ltrans0.ltrans.o
 .text.str_it_iternext
                0x00003b00       0x42 /tmp/ccGMRpMt.ltrans0.ltrans.o
 *fill*         0x00003b42        0x2
 .text.bytes_subscr
                0x00003b44       0x60 /tmp/ccGMRpMt.ltrans0.ltrans.o
 .text.mp_print_str.isra.0
                0x00003ba4       0x1e /tmp/ccGMRpMt.ltrans0.ltrans.o
 *fill*         0x00003bc2        0x2
 .text.bool_print
                0x00003bc4       0x14 /tmp/ccGMRpMt.ltrans0.ltrans.o
 .text.dict_print
                0x00003bd8       0x70 /tmp/ccGMRpMt.ltrans0.ltrans.o
 .text.dict_view_print
                0x00003c48       0x78 /tmp/ccGMRpMt.ltrans0.ltrans.o
 .text.mp_obj_int_print
                0x00003cc0       0x38 /tmp/ccGMRpMt.ltrans0.ltrans.o
 .text.list_print
                0x00003cf8       0x4c /tmp/ccGMRpMt.ltrans0.ltrans.o
 .text.none_print
                0x00003d44        0xc /tmp/ccGMRpMt.ltrans0.ltrans.o
 .text.str_print
                0x00003d50      0x12c /tmp/ccGMRpMt.ltrans0.ltrans.o
 .text.mp_obj_tuple_print
                0x00003e7c       0x60 /tmp/ccGMRpMt.ltrans0.ltrans.o
 .text.mp_obj_exception_print
                0x00003edc       0x88 /tmp/ccGMRpMt.ltrans0.ltrans.o
 .text.instance_print
                0x00003f64       0xb8 /tmp/ccGMRpMt.ltrans0.ltrans.o
 .text.int_to_bytes
                0x0000401c       0xd0 /tmp/ccGMRpMt.ltrans0.ltrans.o
 .text.mp_obj_str_format_helper
                0x000040ec      0x4cc /tmp/ccGMRpMt.ltrans0.ltrans.o
 .text.mp_obj_str_format
                0x000045b8       0x4c /tmp/ccGMRpMt.ltrans0.ltrans.o
 .text.mp_obj_instance_make_new
                0x00004604      0x15c /tmp/ccGMRpMt.ltrans0.ltrans.o
 .text.mp_stream_unbuffered_iter
                0x00004760       0x94 /tmp/ccGMRpMt.ltrans0.ltrans.o
 .text.mp_parse_num_integer.constprop.0
                0x000047f4      0x134 /tmp/ccGMRpMt.ltrans0.ltrans.o
 .text.mp_obj_int_make_new
                0x00004928       0x6c /tmp/ccGMRpMt.ltrans0.ltrans.o
 .text.nlr_push_tail
                0x00004994       0x10 /tmp/ccGMRpMt.ltrans0.ltrans.o
                0x00004994                nlr_push_tail
 .text.nlr_push
                0x000049a4       0x24 /tmp/ccGMRpMt.ltrans0.ltrans.o
                0x000049a4                nlr_push
 .text.mp_iternext
                0x000049c8       0x80 /tmp/ccGMRpMt.ltrans0.ltrans.o
 .text.mp_binary_op
                0x00004a48      0x2e8 /tmp/ccGMRpMt.ltrans0.ltrans.o
 .text.bool_binary_op
                0x00004d30       0x10 /tmp/ccGMRpMt.ltrans0.ltrans.o
 .text.mp_obj_int_binary_op
                0x00004d40       0x64 /tmp/ccGMRpMt.ltrans0.ltrans.o
 .text.mp_quicksort
                0x00004da4       0xae /tmp/ccGMRpMt.ltrans0.ltrans.o
 *fill*         0x00004e52        0x2
 .text.mp_obj_list_sort
                0x00004e54       0xcc /tmp/ccGMRpMt.ltrans0.ltrans.o
 .text.instance_binary_op
                0x00004f20       0x70 /tmp/ccGMRpMt.ltrans0.ltrans.o
 .text.mp_seq_cmp_objs
                0x00004f90       0x88 /tmp/ccGMRpMt.ltrans0.ltrans.o
 .text.mp_obj_tuple_binary_op
                0x00005018      0x11c /tmp/ccGMRpMt.ltrans0.ltrans.o
 .text.dict_update
                0x00005134       0xe0 /tmp/ccGMRpMt.ltrans0.ltrans.o
 .text.mp_obj_dict_make_new
                0x00005214       0x4e /tmp/ccGMRpMt.ltrans0.ltrans.o
 .text.list_extend_from_iter
                0x00005262       0x22 /tmp/ccGMRpMt.ltrans0.ltrans.o
 .text.mp_obj_list_make_new
                0x00005284       0x2c /tmp/ccGMRpMt.ltrans0.ltrans.o
 .text.str_join
                0x000052b0      0x12c /tmp/ccGMRpMt.ltrans0.ltrans.o
 .text.list_extend
                0x000053dc       0x70 /tmp/ccGMRpMt.ltrans0.ltrans.o
 .text.list_binary_op
                0x0000544c       0xe0 /tmp/ccGMRpMt.ltrans0.ltrans.o
 .text.bytes_make_new
                0x0000552c      0x100 /tmp/ccGMRpMt.ltrans0.ltrans.o
 .text.mp_obj_tuple_make_new
                0x0000562c       0x84 /tmp/ccGMRpMt.ltrans0.ltrans.o
 .text.it_iternext
                0x000056b0       0x58 /tmp/ccGMRpMt.ltrans0.ltrans.o
 .text.startup.main
                0x00005708       0xc4 /tmp/ccGMRpMt.ltrans0.ltrans.o
                0x00005708                main
 .text.Reset_Handler
                0x000057cc       0x5c /tmp/ccGMRpMt.ltrans0.ltrans.o
                0x000057cc                Reset_Handler
 .text          0x00005828       0xa0 /usr/lib/gcc/arm-none-eabi/13.2.1/../../../arm-none-eabi/lib/thumb/v7-m/nofp/libg.a(libc_a-memset.o)
                0x00005828                memset
 .text          0x000058c8       0xd0 /usr/lib/gcc/arm-none-eabi/13.2.1/../../../arm-none-eabi/lib/thumb/v7-m/nofp/libg.a(libc_a-strchr.o)
                0x000058c8                strchr
 .text          0x00005998       0x8c /usr/lib/gcc/arm-none-eabi/13.2.1/../../../arm-none-eabi/lib/thumb/v7-m/nofp/libg.a(libc_a-strncmp.o)
                0x00005998                strncmp
 .text          0x00005a24       0xfc /usr/lib/gcc/arm-none-eabi/13.2.1/../../../arm-none-eabi/lib/thumb/v7-m/nofp/libg.a(libc_a-memmove.o)
                0x00005a24                memmove
 .text          0x00005b20       0x5c /usr/lib/gcc/arm-none-eabi/13.2.1/../../../arm-none-eabi/lib/thumb/v7-m/nofp/libg.a(libc_a-memcmp.o)
                0x00005b20                memcmp
 .text          0x00005b7c       0xec /usr/lib/gcc/arm-none-eabi/13.2.1/../../../arm-none-eabi/lib/thumb/v7-m/nofp/libg.a(libc_a-memcpy.o)
                0x00005b7c                memcpy
 .text          0x00005c68       0x5c /usr/lib/gcc/arm-none-eabi/13.2.1/../../../arm-none-eabi/lib/thumb/v7-m/nofp/libg.a(libc_a-strlen-stub.o)
                0x00005c68                strlen
 *(.rodata*)
 .rodata.mp_decompress_rom_string.str1.1
                0x00005cc4      0xbf5 /tmp/ccGMRpMt.ltrans0.ltrans.o
                                0x2fd (size before relaxing)
 .rodata.mp_vprintf.str1.1
                0x000068b9        0xb /tmp/ccGMRpMt.ltrans0.ltrans.o
 .rodata.mp_obj_print_helper.str1.1
                0x000068b9        0x5 /tmp/ccGMRpMt.ltrans0.ltrans.o
 .rodata.type_print.str1.1
                0x000068b9        0xd /tmp/ccGMRpMt.ltrans0.ltrans.o
 .rodata.terse_str_format_value_error.str1.1
                0x000068b9        0xa /tmp/ccGMRpMt.ltrans0.ltrans.o
 .rodata.mp_call_function_n_kw.str1.1
                0x000068b9        0x5 /tmp/ccGMRpMt.ltrans0.ltrans.o
 .rodata.mp_arg_error_terse_mismatch.str1.1
                0x000068b9       0x15 /tmp/ccGMRpMt.ltrans0.ltrans.o
 .rodata.mp_get_buffer.str1.1
                0x000068b9        0xe /tmp/ccGMRpMt.ltrans0.ltrans.o
 .rodata.str_check_arg_type.str1.1
                0x000068b9        0x9 /tmp/ccGMRpMt.ltrans0.ltrans.o
 .rodata.type_call.str1.1
                0x000068b9        0x5 /tmp/ccGMRpMt.ltrans0.ltrans.o
 .rodata.mp_obj_new_int_from_uint.part.0.str1.1
                0x000068b9        0xc /tmp/ccGMRpMt.ltrans0.ltrans.o
 .rodata.mp_unary_op.str1.1
                0x000068b9       0x17 /tmp/ccGMRpMt.ltrans0.ltrans.o
 .rodata.mp_obj_get_int.str1.1
                0x000068b9        0x6 /tmp/ccGMRpMt.ltrans0.ltrans.o
 .rodata.mp_get_index.isra.0.str1.1
                0x000068b9        0xc /tmp/ccGMRpMt.ltrans0.ltrans.o
 .rodata.str_finder.str1.1
                0x000068b9        0xd /tmp/ccGMRpMt.ltrans0.ltrans.o
 .rodata.mp_seq_index_obj.str1.1
                0x000068b9        0x6 /tmp/ccGMRpMt.ltrans0.ltrans.o
 .rodata.mp_raise_msg_varg.constprop.0.str1.1
                0x000068b9       0x2e /tmp/ccGMRpMt.ltrans0.ltrans.o
 .rodata.m_malloc_fail.str1.1
                0x000068b9       0x12 /tmp/ccGMRpMt.ltrans0.ltrans.o
 .rodata.list_pop.str1.1
                0x000068b9        0x8 /tmp/ccGMRpMt.ltrans0.ltrans.o
 .rodata.mp_getiter.str1.1
                0x000068b9        0x5 /tmp/ccGMRpMt.ltrans0.ltrans.o
 .rodata.mp_builtin_next.str1.1
                0x000068b9        0x6 /tmp/ccGMRpMt.ltrans0.ltrans.o
 .rodata.instance_subscr.str1.1
                0x000068b9       0x1f /tmp/ccGMRpMt.ltrans0.ltrans.o
 .rodata.dict_popitem.str1.1
                0x000068b9        0xf /tmp/ccGMRpMt.ltrans0.ltrans.o
 .rodata.mp_obj_str_split.str1.1
                0x000068b9        0xc /tmp/ccGMRpMt.ltrans0.ltrans.o
 .rodata.str_rsplit.str1.1
                0x000068b9        0xf /tmp/ccGMRpMt.ltrans0.ltrans.o
 .rodata.qstr_from_strn_helper.constprop.0.str1.1
                0x000068b9        0x5 /tmp/ccGMRpMt.ltrans0.ltrans.o
 .rodata.type_make_new.str1.1
                0x000068b9       0x28 /tmp/ccGMRpMt.ltrans0.ltrans.o
 .rodata.bool_print.str1.1
                0x000068b9        0xb /tmp/ccGMRpMt.ltrans0.ltrans.o
 .rodata.dict_print.str1.1
                0x000068b9        0xa /tmp/ccGMRpMt.ltrans0.ltrans.o
 .rodata.dict_view_print.str1.1
                0x000068b9        0x6 /tmp/ccGMRpMt.ltrans0.ltrans.o
 .rodata.list_print.str1.1
                0x000068b9        0x4 /tmp/ccGMRpMt.ltrans0.ltrans.o
 .rodata.none_print.str1.1
                0x000068b9        0x5 /tmp/ccGMRpMt.ltrans0.ltrans.o
 .rodata.str_print.str1.1
                0x000068b9       0x1c /tmp/ccGMRpMt.ltrans0.ltrans.o
 .rodata.mp_obj_tuple_print.str1.1
                0x000068b9        0x6 /tmp/ccGMRpMt.ltrans0.ltrans.o
 .rodata.mp_obj_exception_print.str1.1
                0x000068b9        0x1 /tmp/ccGMRpMt.ltrans0.ltrans.o
 .rodata.instance_print.str1.1
                0x000068b9       0x12 /tmp/ccGMRpMt.ltrans0.ltrans.o
 .rodata.int_to_bytes.str1.1
                0x000068b9        0x5 /tmp/ccGMRpMt.ltrans0.ltrans.o
 .rodata.mp_obj_str_format_helper.str1.1
                0x000068b9       0x21 /tmp/ccGMRpMt.ltrans0.ltrans.o
 .rodata.mp_obj_instance_make_new.str1.1
                0x000068b9       0x11 /tmp/ccGMRpMt.ltrans0.ltrans.o
 .rodata.mp_parse_num_integer.constprop.0.str1.1
                0x000068b9       0x23 /tmp/ccGMRpMt.ltrans0.ltrans.o
 .rodata.mp_binary_op.str1.1
                0x000068b9       0x1a /tmp/ccGMRpMt.ltrans0.ltrans.o
 .rodata.dict_update.str1.1
                0x000068b9        0xd /tmp/ccGMRpMt.ltrans0.ltrans.o
 .rodata.str_join.str1.1
                0x000068b9       0x23 /tmp/ccGMRpMt.ltrans0.ltrans.o
 .rodata.bytes_make_new.str1.1
                0x000068b9        0x6 /tmp/ccGMRpMt.ltrans0.ltrans.o
 .rodata.mp_qstr_const_lengths_static
                0x000068b9       0xb7 /tmp/ccGMRpMt.ltrans0.ltrans.o
 .rodata.mp_qstr_const_lengths
                0x00006970       0x21 /tmp/ccGMRpMt.ltrans0.ltrans.o
 .rodata.str1.1
                0x00006991      0x6e6 /tmp/ccGMRpMt.ltrans0.ltrans.o
 *fill*         0x00006991        0x3
 .rodata.mp_qstr_const_pool_static
                0x00006994      0x2f0 /tmp/ccGMRpMt.ltrans0.ltrans.o
 .rodata.list_sort_obj
                0x00006c84        0xc /tmp/ccGMRpMt.ltrans0.ltrans.o
 .rodata.list_reverse_obj
                0x00006c90        0x8 /tmp/ccGMRpMt.ltrans0.ltrans.o
 .rodata.list_remove_obj
                0x00006c98        0x8 /tmp/ccGMRpMt.ltrans0.ltrans.o
 .rodata.list_pop_obj
                0x00006ca0        0xc /tmp/ccGMRpMt.ltrans0.ltrans.o
 .rodata.list_insert_obj
                0x00006cac        0x8 /tmp/ccGMRpMt.ltrans0.ltrans.o
 .rodata.list_index_obj
                0x00006cb4        0xc /tmp/ccGMRpMt.ltrans0.ltrans.o
 .rodata.list_extend_obj
                0x00006cc0        0x8 /tmp/ccGMRpMt.ltrans0.ltrans.o
 .rodata.list_count_obj
                0x00006cc8        0x8 /tmp/ccGMRpMt.ltrans0.ltrans.o
 .rodata.list_copy_obj
                0x00006cd0        0x8 /tmp/ccGMRpMt.ltrans0.ltrans.o
 .rodata.list_clear_obj
                0x00006cd8        0x8 /tmp/ccGMRpMt.ltrans0.ltrans.o
 .rodata.list_append_obj
                0x00006ce0        0x8 /tmp/ccGMRpMt.ltrans0.ltrans.o
 .rodata.list_locals_dict_table
                0x00006ce8       0x58 /tmp/ccGMRpMt.ltrans0.ltrans.o
 .rodata.list_locals_dict
                0x00006d40       0x10 /tmp/ccGMRpMt.ltrans0.ltrans.o
 .rodata.mp_type_LookupError
                0x00006d50       0x24 /tmp/ccGMRpMt.ltrans0.ltrans.o
 .rodata.int_from_bytes_fun_obj
                0x00006d74        0xc /tmp/ccGMRpMt.ltrans0.ltrans.o
 .rodata.int_to_bytes_obj
                0x00006d80        0xc /tmp/ccGMRpMt.ltrans0.ltrans.o
 .rodata.int_from_bytes_obj
                0x00006d8c        0x8 /tmp/ccGMRpMt.ltrans0.ltrans.o
 .rodata.int_locals_dict_table
                0x00006d94       0x10 /tmp/ccGMRpMt.ltrans0.ltrans.o
 .rodata.int_locals_dict
                0x00006da4       0x10 /tmp/ccGMRpMt.ltrans0.ltrans.o
 .rodata.mp_type_bool
                0x00006db4       0x24 /tmp/ccGMRpMt.ltrans0.ltrans.o
 .rodata.mp_type_NoneType
                0x00006dd8       0x18 /tmp/ccGMRpMt.ltrans0.ltrans.o
 .rodata.str_islower_obj
                0x00006df0        0x8 /tmp/ccGMRpMt.ltrans0.ltrans.o
 .rodata.str_isupper_obj
                0x00006df8        0x8 /tmp/ccGMRpMt.ltrans0.ltrans.o
 .rodata.str_isdigit_obj
                0x00006e00        0x8 /tmp/ccGMRpMt.ltrans0.ltrans.o
 .rodata.str_isalpha_obj
                0x00006e08        0x8 /tmp/ccGMRpMt.ltrans0.ltrans.o
 .rodata.str_isspace_obj
                0x00006e10        0x8 /tmp/ccGMRpMt.ltrans0.ltrans.o
 .rodata.str_upper_obj
                0x00006e18        0x8 /tmp/ccGMRpMt.ltrans0.ltrans.o
 .rodata.str_lower_obj
                0x00006e20        0x8 /tmp/ccGMRpMt.ltrans0.ltrans.o
 .rodata.str_replace_obj
                0x00006e28        0xc /tmp/ccGMRpMt.ltrans0.ltrans.o
 .rodata.str_format_obj
                0x00006e34        0xc /tmp/ccGMRpMt.ltrans0.ltrans.o
 .rodata.str_rstrip_obj
                0x00006e40        0xc /tmp/ccGMRpMt.ltrans0.ltrans.o
 .rodata.str_lstrip_obj
                0x00006e4c        0xc /tmp/ccGMRpMt.ltrans0.ltrans.o
 .rodata.str_strip_obj
                0x00006e58        0xc /tmp/ccGMRpMt.ltrans0.ltrans.o
 .rodata.str_endswith_obj
                0x00006e64        0xc /tmp/ccGMRpMt.ltrans0.ltrans.o
 .rodata.str_startswith_obj
                0x00006e70        0xc /tmp/ccGMRpMt.ltrans0.ltrans.o
 .rodata.str_rsplit_obj
                0x00006e7c        0xc /tmp/ccGMRpMt.ltrans0.ltrans.o
 .rodata.str_split_obj
                0x00006e88        0xc /tmp/ccGMRpMt.ltrans0.ltrans.o
 .rodata.str_join_obj
                0x00006e94        0x8 /tmp/ccGMRpMt.ltrans0.ltrans.o
 .rodata.str_rindex_obj
                0x00006e9c        0xc /tmp/ccGMRpMt.ltrans0.ltrans.o
 .rodata.str_index_obj
                0x00006ea8        0xc /tmp/ccGMRpMt.ltrans0.ltrans.o
 .rodata.str_rfind_obj
                0x00006eb4        0xc /tmp/ccGMRpMt.ltrans0.ltrans.o
 .rodata.str_find_obj
                0x00006ec0        0xc /tmp/ccGMRpMt.ltrans0.ltrans.o
 .rodata.array_bytearray_str_bytes_locals_table
                0x00006ecc       0xa8 /tmp/ccGMRpMt.ltrans0.ltrans.o
 .rodata.mp_obj_str_locals_dict
                0x00006f74       0x10 /tmp/ccGMRpMt.ltrans0.ltrans.o
 .rodata.mp_type_fun_builtin_3
                0x00006f84       0x18 /tmp/ccGMRpMt.ltrans0.ltrans.o
 .rodata.mp_type_fun_builtin_1
                0x00006f9c       0x18 /tmp/ccGMRpMt.ltrans0.ltrans.o
 .rodata.mp_op_delitem_obj
                0x00006fb4        0x8 /tmp/ccGMRpMt.ltrans0.ltrans.o
 .rodata.mp_op_setitem_obj
                0x00006fbc        0x8 /tmp/ccGMRpMt.ltrans0.ltrans.o
 .rodata.mp_op_getitem_obj
                0x00006fc4        0x8 /tmp/ccGMRpMt.ltrans0.ltrans.o
 .rodata.dict_values_obj
                0x00006fcc        0x8 /tmp/ccGMRpMt.ltrans0.ltrans.o
 .rodata.dict_update_obj
                0x00006fd4        0xc /tmp/ccGMRpMt.ltrans0.ltrans.o
 .rodata.dict_setdefault_obj
                0x00006fe0        0xc /tmp/ccGMRpMt.ltrans0.ltrans.o
 .rodata.dict_popitem_obj
                0x00006fec        0x8 /tmp/ccGMRpMt.ltrans0.ltrans.o
 .rodata.dict_pop_obj
                0x00006ff4        0xc /tmp/ccGMRpMt.ltrans0.ltrans.o
 .rodata.dict_keys_obj
                0x00007000        0x8 /tmp/ccGMRpMt.ltrans0.ltrans.o
 .rodata.dict_items_obj
                0x00007008        0x8 /tmp/ccGMRpMt.ltrans0.ltrans.o
 .rodata.dict_get_obj
                0x00007010        0xc /tmp/ccGMRpMt.ltrans0.ltrans.o
 .rodata.dict_copy_obj
                0x0000701c        0x8 /tmp/ccGMRpMt.ltrans0.ltrans.o
 .rodata.dict_clear_obj
                0x00007024        0x8 /tmp/ccGMRpMt.ltrans0.ltrans.o
 .rodata.mp_type_fun_builtin_var
                0x0000702c       0x18 /tmp/ccGMRpMt.ltrans0.ltrans.o
 .rodata.mp_type_fun_builtin_2
                0x00007044       0x18 /tmp/ccGMRpMt.ltrans0.ltrans.o
 .rodata.dict_locals_dict_table
                0x0000705c       0x68 /tmp/ccGMRpMt.ltrans0.ltrans.o
 .rodata.tuple_index_obj
                0x000070c4        0xc /tmp/ccGMRpMt.ltrans0.ltrans.o
 .rodata.tuple_count_obj
                0x000070d0        0x8 /tmp/ccGMRpMt.ltrans0.ltrans.o
 .rodata.dict_locals_dict
                0x000070d8       0x10 /tmp/ccGMRpMt.ltrans0.ltrans.o
 .rodata.tuple_locals_dict_table
                0x000070e8       0x10 /tmp/ccGMRpMt.ltrans0.ltrans.o
 .rodata.mp_type_ArithmeticError
                0x000070f8       0x24 /tmp/ccGMRpMt.ltrans0.ltrans.o
 .rodata.tuple_locals_dict
                0x0000711c       0x10 /tmp/ccGMRpMt.ltrans0.ltrans.o
 .rodata.mp_type_Exception
                0x0000712c       0x24 /tmp/ccGMRpMt.ltrans0.ltrans.o
 .rodata.log_base2_floor
                0x00007150       0x10 /tmp/ccGMRpMt.ltrans0.ltrans.o
 .rodata.mp_qstr_const_pool
                0x00007160       0x98 /tmp/ccGMRpMt.ltrans0.ltrans.o
 .rodata.mp_type_OSError
                0x000071f8       0x24 /tmp/ccGMRpMt.ltrans0.ltrans.o
 .rodata.mp_binary_op_method_name
                0x0000721c       0x25 /tmp/ccGMRpMt.ltrans0.ltrans.o
 .rodata.mp_unary_op_method_name
                0x00007241        0xc /tmp/ccGMRpMt.ltrans0.ltrans.o
 *fill*         0x0000724d        0x3
 .rodata.mp_type_object
                0x00007250       0x18 /tmp/ccGMRpMt.ltrans0.ltrans.o
 .rodata.whitespace.0
                0x00007268        0x7 /tmp/ccGMRpMt.ltrans0.ltrans.o
 *fill*         0x0000726f        0x1
 .rodata.mp_type_NotImplementedError
                0x00007270       0x24 /tmp/ccGMRpMt.ltrans0.ltrans.o
 .rodata.mp_const_empty_bytes_obj
                0x00007294       0x10 /tmp/ccGMRpMt.ltrans0.ltrans.o
 .rodata.allowed_args.0
                0x000072a4       0x10 /tmp/ccGMRpMt.ltrans0.ltrans.o
 .rodata.mp_type_polymorph_iter
                0x000072b4       0x18 /tmp/ccGMRpMt.ltrans0.ltrans.o
 .rodata.mp_type_list
                0x000072cc       0x30 /tmp/ccGMRpMt.ltrans0.ltrans.o
 .rodata.mp_type_IndexError
                0x000072fc       0x24 /tmp/ccGMRpMt.ltrans0.ltrans.o
 .rodata.mp_native_base_init_wrapper_obj
                0x00007320        0xc /tmp/ccGMRpMt.ltrans0.ltrans.o
 .rodata.mp_type_BaseException
                0x0000732c       0x20 /tmp/ccGMRpMt.ltrans0.ltrans.o
 .rodata.mp_type_dict_view
                0x0000734c       0x24 /tmp/ccGMRpMt.ltrans0.ltrans.o
 .rodata.mp_dict_view_names
                0x00007370        0xc /tmp/ccGMRpMt.ltrans0.ltrans.o
 .rodata.mp_type_dict_view_it
                0x0000737c       0x18 /tmp/ccGMRpMt.ltrans0.ltrans.o
 .rodata.mp_type_KeyError
                0x00007394       0x24 /tmp/ccGMRpMt.ltrans0.ltrans.o
 .rodata.mp_type_dict
                0x000073b8       0x30 /tmp/ccGMRpMt.ltrans0.ltrans.o
 .rodata.mp_type_bytes
                0x000073e8       0x30 /tmp/ccGMRpMt.ltrans0.ltrans.o
 .rodata.mp_type_int
                0x00007418       0x28 /tmp/ccGMRpMt.ltrans0.ltrans.o
 .rodata.types.0
                0x00007440       0x40 /tmp/ccGMRpMt.ltrans0.ltrans.o
 .rodata.mp_type_str
                0x00007480       0x30 /tmp/ccGMRpMt.ltrans0.ltrans.o
 .rodata.hash_allocation_sizes
                0x000074b0       0x44 /tmp/ccGMRpMt.ltrans0.ltrans.o
 .rodata.mp_type_TypeError
                0x000074f4       0x24 /tmp/ccGMRpMt.ltrans0.ltrans.o
 .rodata.mp_type_ValueError
                0x00007518       0x24 /tmp/ccGMRpMt.ltrans0.ltrans.o
 .rodata.mp_type_MemoryError
                0x0000753c       0x24 /tmp/ccGMRpMt.ltrans0.ltrans.o
 .rodata.mp_type_StopIteration
                0x00007560       0x24 /tmp/ccGMRpMt.ltrans0.ltrans.o
 .rodata.mp_type_it
                0x00007584       0x18 /tmp/ccGMRpMt.ltrans0.ltrans.o
 .rodata.mp_builtin_next_obj
                0x0000759c        0x8 /tmp/ccGMRpMt.ltrans0.ltrans.o
 .rodata.mp_type_type
                0x000075a4       0x24 /tmp/ccGMRpMt.ltrans0.ltrans.o
 .rodata.mp_type_classmethod
                0x000075c8       0x18 /tmp/ccGMRpMt.ltrans0.ltrans.o
 .rodata.mp_type_staticmethod
                0x000075e0       0x18 /tmp/ccGMRpMt.ltrans0.ltrans.o
 .rodata.mp_const_empty_tuple_obj
                0x000075f8        0x8 /tmp/ccGMRpMt.ltrans0.ltrans.o
 .rodata.mp_type_OverflowError
                0x00007600       0x24 /tmp/ccGMRpMt.ltrans0.ltrans.o
 .rodata.mp_type_ZeroDivisionError
                0x00007624       0x24 /tmp/ccGMRpMt.ltrans0.ltrans.o
 .rodata.mp_type_tuple
                0x00007648       0x30 /tmp/ccGMRpMt.ltrans0.ltrans.o
 .rodata.attr   0x00007678       0x80 /tmp/ccGMRpMt.ltrans0.ltrans.o
 .rodata.pad_spaces
                0x000076f8       0x10 /tmp/ccGMRpMt.ltrans0.ltrans.o
 .rodata.pad_common
                0x00007708       0x17 /tmp/ccGMRpMt.ltrans0.ltrans.o
 *fill*         0x0000771f        0x1
 .rodata.mp_type_RuntimeError
                0x00007720       0x24 /tmp/ccGMRpMt.ltrans0.ltrans.o
 *(.init)
 .init          0x00007744        0x4 /usr/lib/gcc/arm-none-eabi/13.2.1/thumb/v7-m/nofp/crti.o
                0x00007744                _init
 *(.fini)
 .fini          0x00007748        0x4 /usr/lib/gcc/arm-none-eabi/13.2.1/thumb/v7-m/nofp/crti.o
                0x00007748                _fini
                0x0000774c                        . = ALIGN (0x4)
                0x0000774c                        _etext = .

.glue_7         0x0000774c        0x0
 .glue_7        0x0000774c        0x0 linker stubs

.glue_7t        0x0000774c        0x0
 .glue_7t       0x0000774c        0x0 linker stubs

.vfp11_veneer   0x0000774c        0x0
 .vfp11_veneer  0x0000774c        0x0 linker stubs

.v4_bx          0x0000774c        0x0
 .v4_bx         0x0000774c        0x0 linker stubs

.iplt           0x0000774c        0x0
 .iplt          0x0000774c        0x0 /tmp/ccGMRpMt.ltrans0.ltrans.o

.rel.dyn        0x0000774c        0x0
 .rel.iplt      0x0000774c        0x0 /tmp/ccGMRpMt.ltrans0.ltrans.o

.ARM.exidx      0x0000774c        0x8
 .ARM.exidx     0x0000774c        0x8 /usr/lib/gcc/arm-none-eabi/13.2.1/../../../arm-none-eabi/lib/thumb/v7-m/nofp/libg.a(libc_a-memcpy.o)

.data           0x20000000        0x0 load address 0x0000774c
                0x20000000                        _sdata = .
 *(.data*)
                0x20000000                        _edata = .

.igot.plt       0x20000000        0x0
 .igot.plt      0x20000000        0x0 /tmp/ccGMRpMt.ltrans0.ltrans.o

.bss            0x20000000     0x41b8
                0x20000000                        _sbss = .
 *(.bss*)
 .bss.heap      0x20000000     0x4000 /tmp/ccGMRpMt.ltrans0.ltrans.o
 .bss.stack_top
                0x20004000        0x4 /tmp/ccGMRpMt.ltrans0.ltrans.o
 .bss.mp_state_ctx
                0x20004004      0x1b4 /tmp/ccGMRpMt.ltrans0.ltrans.o
 *(COMMON)
                0x200041b8                        _ebss = .

.stack          0x200041b8      0x800
                0x200041b8                        . = ALIGN (0x8)
                0x200049b8                        . = (. + STACK_SIZE)
 *fill*         0x200041b8      0x800
                0x200049b8                        _estack = .
OUTPUT(build/firmware.elf elf32-littlearm)
LOAD linker stubs

.ARM.attributes
                0x00000000       0x29
 .ARM.attributes
                0x00000000       0x1d /usr/lib/gcc/arm-none-eabi/13.2.1/thumb/v7-m/nofp/crti.o
 .ARM.attributes
                0x0000001d       0x2b /tmp/ccGMRpMt.ltrans0.ltrans.o
 .ARM.attributes
                0x00000048       0x2d /usr/lib/gcc/arm-none-eabi/13.2.1/../../../arm-none-eabi/lib/thumb/v7-m/nofp/libg.a(libc_a-memset.o)
 .ARM.attributes
                0x00000075       0x2d /usr/lib/gcc/arm-none-eabi/13.2.1/../../../arm-none-eabi/lib/thumb/v7-m/nofp/libg.a(libc_a-strchr.o)
 .ARM.attributes
                0x000000a2       0x2d /usr/lib/gcc/arm-none-eabi/13.2.1/../../../arm-none-eabi/lib/thumb/v7-m/nofp/libg.a(libc_a-strncmp.o)
 .ARM.attributes
                0x000000cf       0x2d /usr/lib/gcc/arm-none-eabi/13.2.1/../../../arm-none-eabi/lib/thumb/v7-m/nofp/libg.a(libc_a-memmove.o)
 .ARM.attributes
                0x000000fc       0x2d /usr/lib/gcc/arm-none-eabi/13.2.1/../../../arm-none-eabi/lib/thumb/v7-m/nofp/libg.a(libc_a-memcmp.o)
 .ARM.attributes
                0x00000129       0x1b /usr/lib/gcc/arm-none-eabi/13.2.1/../../../arm-none-eabi/lib/thumb/v7-m/nofp/libg.a(libc_a-memcpy.o)
 .ARM.attributes
                0x00000144       0x2d /usr/lib/gcc/arm-none-eabi/13.2.1/../../../arm-none-eabi/lib/thumb/v7-m/nofp/libg.a(libc_a-strlen-stub.o)

.comment        0x00000000       0x26
 .comment       0x00000000       0x27 /tmp/ccGMRpMt.ltrans0.ltrans.o
 .comment       0x00000000       0x26 /usr/lib/gcc/arm-none-eabi/13.2.1/../../../arm-none-eabi/lib/thumb/v7-m/nofp/libg.a(libc_a-memset.o)
                                 0x27 (size before relaxing)
 .comment       0x00000026       0x27 /usr/lib/gcc/arm-none-eabi/13.2.1/../../../arm-none-eabi/lib/thumb/v7-m/nofp/libg.a(libc_a-strchr.o)
 .comment       0x00000026       0x27 /usr/lib/gcc/arm-none-eabi/13.2.1/../../../arm-none-eabi/lib/thumb/v7-m/nofp/libg.a(libc_a-strncmp.o)
 .comment       0x00000026       0x27 /usr/lib/gcc/arm-none-eabi/13.2.1/../../../arm-none-eabi/lib/thumb/v7-m/nofp/libg.a(libc_a-memmove.o)
 .comment       0x00000026       0x27 /usr/lib/gcc/arm-none-eabi/13.2.1/../../../arm-none-eabi/lib/thumb/v7-m/nofp/libg.a(libc_a-memcmp.o)
 .comment       0x00000026       0x27 /usr/lib/gcc/arm-none-eabi/13.2.1/../../../arm-none-eabi/lib/thumb/v7-m/nofp/libg.a(libc_a-strlen-stub.o)

.debug_info     0x00000000    0x31194
 .debug_info    0x00000000     0xf461 /tmp/ccGMRpMt.ltrans0.ltrans.o
 .debug_info    0x0000f461      0x7c9 /tmp/cchUzV5z.debug.temp.o
                0x0000f461                mpstate.c.2cc6ca37
 .debug_info    0x0000fc2a      0x862 /tmp/ccjzVtPs.debug.temp.o
                0x0000fc2a                nlr.c.e9c389f6
 .debug_info    0x0001048c      0x817 /tmp/ccDalv1v.debug.temp.o
                0x0001048c                nlrthumb.c.d3972a26
 .debug_info    0x00010ca3      0x1c7 /tmp/ccQqpCxE.debug.temp.o
                0x00010ca3                malloc.c.19e6b0a2
 .debug_info    0x00010e6a      0xef5 /tmp/ccw3PUR1.debug.temp.o
                0x00010e6a                gc.c.74e19ebc
 .debug_info    0x00011d5f     0x126e /tmp/ccSVdKvZ.debug.temp.o
                0x00011d5f                qstr.c.1b42da4f
 .debug_info    0x00012fcd      0x72d /tmp/ccWsX6cT.debug.temp.o
                0x00012fcd                vstr.c.009449e0
 .debug_info    0x000136fa      0x882 /tmp/ccrg5Xb9.debug.temp.o
                0x000136fa                mpprint.c.9d008f6d
 .debug_info    0x00013f7c      0x1ef /tmp/ccAlHAv1.debug.temp.o
                0x00013f7c                unicode.c.f3fdc6fd
 .debug_info    0x0001416b      0x112 /tmp/ccFTf8rR.debug.temp.o
                0x0001416b                parsenumbase.c.4e832fd7
 .debug_info    0x0001427d      0xe25 /tmp/ccRnmlKj.debug.temp.o
                0x0001427d                parsenum.c.a731b66e
 .debug_info    0x000150a2     0x2b99 /tmp/ccikBIaN.debug.temp.o
                0x000150a2                runtime.c.de38e06d
 .debug_info    0x00017c3b      0x4b7 /tmp/ccGWIg5D.debug.temp.o
                0x00017c3b                argcheck.c.dff690e1
 .debug_info    0x000180f2      0x5dc /tmp/ccsJTULm.debug.temp.o
                0x000180f2                map.c.9dd157dc
 .debug_info    0x000186ce     0x1562 /tmp/ccspLMjt.debug.temp.o
                0x000186ce                obj.c.638392ba
 .debug_info    0x00019c30      0xbb2 /tmp/cceb0dxe.debug.temp.o
                0x00019c30                objbool.c.0506ff68
 .debug_info    0x0001a7e2      0xb85 /tmp/ccAerdyr.debug.temp.o
                0x0001a7e2                objboundmeth.c.abacbb4c
 .debug_info    0x0001b367     0x1b43 /tmp/ccUer8vs.debug.temp.o
                0x0001b367                objdict.c.5dc70ed7
 .debug_info    0x0001ceaa     0x18cd /tmp/cc9ZkWQI.debug.temp.o
                0x0001ceaa                objexcept.c.1a14eefc
 .debug_info    0x0001e777     0x16d9 /tmp/ccVmShYg.debug.temp.o
                0x0001e777                objfun.c.41b46185
 .debug_info    0x0001fe50      0x933 /tmp/ccv5Bk5A.debug.temp.o
                0x0001fe50                objgetitemiter.c.8cbe359f
 .debug_info    0x00020783     0x1973 /tmp/cclqj9qN.debug.temp.o
                0x00020783                objint.c.5e21aa10
 .debug_info    0x000220f6     0x1a38 /tmp/cci0aQIl.debug.temp.o
                0x000220f6                objlist.c.01faafb6
 .debug_info    0x00023b2e      0x840 /tmp/ccBcwlPB.debug.temp.o
                0x00023b2e                objobject.c.7881336a
 .debug_info    0x0002436e      0x7b1 /tmp/ccwlv0DJ.debug.temp.o
                0x0002436e                objpolyiter.c.5c019a2c
 .debug_info    0x00024b1f      0x816 /tmp/cc7YKOvg.debug.temp.o
                0x00024b1f                objnone.c.d34c5307
 .debug_info    0x00025335     0x2eb0 /tmp/ccZ2EQCt.debug.temp.o
                0x00025335                objstr.c.d1719798
 .debug_info    0x000281e5     0x149b /tmp/ccbbkW87.debug.temp.o
                0x000281e5                objtuple.c.127ecff9
 .debug_info    0x00029680     0x1fd4 /tmp/ccND17YH.debug.temp.o
                0x00029680                objtype.c.668fb1a7
 .debug_info    0x0002b654      0x582 /tmp/ccTaTwii.debug.temp.o
                0x0002b654                opmethods.c.c98b3878
 .debug_info    0x0002bbd6      0x694 /tmp/ccX8wj3t.debug.temp.o
                0x0002bbd6                sequence.c.f8af76b9
 .debug_info    0x0002c26a     0x1095 /tmp/ccykFx73.debug.temp.o
                0x0002c26a                stream.c.5ecc17a9
 .debug_info    0x0002d2ff      0x4e1 /tmp/ccmffN53.debug.temp.o
                0x0002d2ff                binary.c.66051bb4
 .debug_info    0x0002d7e0     0x2471 /tmp/cc6M68od.debug.temp.o
                0x0002d7e0                modbuiltins.c.07d40f4e
 .debug_info    0x0002fc51       0xd6 /tmp/ccHZW02I.debug.temp.o
                0x0002fc51                smallint.c.3bbd14b9
 .debug_info    0x0002fd27      0x70d /tmp/ccQ4t0Ys.debug.temp.o
                0x0002fd27                main.c.2285753f
 .debug_info    0x00030434      0x151 /tmp/ccPjDAEv.debug.temp.o
                0x00030434                mphalport.c.18464c9e
 .debug_info    0x00030585      0x102 /tmp/cc1t33WJ.debug.temp.o
                0x00030585                uart.c.ba119241
 .debug_info    0x00030687      0x327 /tmp/ccLWlNOy.debug.temp.o
                0x00030687                printf.c.e00aed63
 .debug_info    0x000309ae      0x116 /tmp/ccjgdXQi.debug.temp.o
                0x000309ae                stdout_helpers.c.30ddf62f
 .debug_info    0x00030ac4      0x135 /usr/lib/gcc/arm-none-eabi/13.2.1/../../../arm-none-eabi/lib/thumb/v7-m/nofp/libg.a(libc_a-memset.o)
 .debug_info    0x00030bf9      0x130 /usr/lib/gcc/arm-none-eabi/13.2.1/../../../arm-none-eabi/lib/thumb/v7-m/nofp/libg.a(libc_a-strchr.o)
 .debug_info    0x00030d29      0x108 /usr/lib/gcc/arm-none-eabi/13.2.1/../../../arm-none-eabi/lib/thumb/v7-m/nofp/libg.a(libc_a-strncmp.o)
 .debug_info    0x00030e31      0x148 /usr/lib/gcc/arm-none-eabi/13.2.1/../../../arm-none-eabi/lib/thumb/v7-m/nofp/libg.a(libc_a-memmove.o)
 .debug_info    0x00030f79      0x12b /usr/lib/gcc/arm-none-eabi/13.2.1/../../../arm-none-eabi/lib/thumb/v7-m/nofp/libg.a(libc_a-memcmp.o)
 .debug_info    0x000310a4       0x33 /usr/lib/gcc/arm-none-eabi/13.2.1/../../../arm-none-eabi/lib/thumb/v7-m/nofp/libg.a(libc_a-memcpy.o)
 .debug_info    0x000310d7       0xbd /usr/lib/gcc/arm-none-eabi/13.2.1/../../../arm-none-eabi/lib/thumb/v7-m/nofp/libg.a(libc_a-strlen-stub.o)

.debug_abbrev   0x00000000     0x5df8
 .debug_abbrev  0x00000000      0x340 /tmp/ccGMRpMt.ltrans0.ltrans.o
 .debug_abbrev  0x00000340      0x190 /tmp/cchUzV5z.debug.temp.o
 .debug_abbrev  0x000004d0      0x1bf /tmp/ccjzVtPs.debug.temp.o
 .debug_abbrev  0x0000068f      0x1eb /tmp/ccDalv1v.debug.temp.o
 .debug_abbrev  0x0000087a      0x108 /tmp/ccQqpCxE.debug.temp.o
 .debug_abbrev  0x00000982      0x2e6 /tmp/ccw3PUR1.debug.temp.o
 .debug_abbrev  0x00000c68      0x30e /tmp/ccSVdKvZ.debug.temp.o
 .debug_abbrev  0x00000f76      0x1ef /tmp/ccWsX6cT.debug.temp.o
 .debug_abbrev  0x00001165      0x262 /tmp/ccrg5Xb9.debug.temp.o
 .debug_abbrev  0x000013c7       0xa5 /tmp/ccAlHAv1.debug.temp.o
 .debug_abbrev  0x0000146c       0x9d /tmp/ccFTf8rR.debug.temp.o
 .debug_abbrev  0x00001509      0x28f /tmp/ccRnmlKj.debug.temp.o
 .debug_abbrev  0x00001798      0x462 /tmp/ccikBIaN.debug.temp.o
 .debug_abbrev  0x00001bfa      0x248 /tmp/ccGWIg5D.debug.temp.o
 .debug_abbrev  0x00001e42      0x231 /tmp/ccsJTULm.debug.temp.o
 .debug_abbrev  0x00002073      0x32f /tmp/ccspLMjt.debug.temp.o
 .debug_abbrev  0x000023a2      0x1d2 /tmp/cceb0dxe.debug.temp.o
 .debug_abbrev  0x00002574      0x1bd /tmp/ccAerdyr.debug.temp.o
 .debug_abbrev  0x00002731      0x35b /tmp/ccUer8vs.debug.temp.o
 .debug_abbrev  0x00002a8c      0x388 /tmp/cc9ZkWQI.debug.temp.o
 .debug_abbrev  0x00002e14      0x33f /tmp/ccVmShYg.debug.temp.o
 .debug_abbrev  0x00003153      0x1b2 /tmp/ccv5Bk5A.debug.temp.o
 .debug_abbrev  0x00003305      0x330 /tmp/cclqj9qN.debug.temp.o
 .debug_abbrev  0x00003635      0x37a /tmp/cci0aQIl.debug.temp.o
 .debug_abbrev  0x000039af      0x15d /tmp/ccBcwlPB.debug.temp.o
 .debug_abbrev  0x00003b0c      0x13a /tmp/ccwlv0DJ.debug.temp.o
 .debug_abbrev  0x00003c46      0x14e /tmp/cc7YKOvg.debug.temp.o
 .debug_abbrev  0x00003d94      0x3c9 /tmp/ccZ2EQCt.debug.temp.o
 .debug_abbrev  0x0000415d      0x2fb /tmp/ccbbkW87.debug.temp.o
 .debug_abbrev  0x00004458      0x38f /tmp/ccND17YH.debug.temp.o
 .debug_abbrev  0x000047e7      0x1b4 /tmp/ccTaTwii.debug.temp.o
 .debug_abbrev  0x0000499b      0x1c4 /tmp/ccX8wj3t.debug.temp.o
 .debug_abbrev  0x00004b5f      0x343 /tmp/ccykFx73.debug.temp.o
 .debug_abbrev  0x00004ea2      0x199 /tmp/ccmffN53.debug.temp.o
 .debug_abbrev  0x0000503b      0x3d0 /tmp/cc6M68od.debug.temp.o
 .debug_abbrev  0x0000540b       0x7c /tmp/ccHZW02I.debug.temp.o
 .debug_abbrev  0x00005487      0x1f7 /tmp/ccQ4t0Ys.debug.temp.o
 .debug_abbrev  0x0000567e       0xf1 /tmp/ccPjDAEv.debug.temp.o
 .debug_abbrev  0x0000576f       0xb3 /tmp/cc1t33WJ.debug.temp.o
 .debug_abbrev  0x00005822      0x15d /tmp/ccLWlNOy.debug.temp.o
 .debug_abbrev  0x0000597f       0xa6 /tmp/ccjgdXQi.debug.temp.o
 .debug_abbrev  0x00005a25       0xb7 /usr/lib/gcc/arm-none-eabi/13.2.1/../../../arm-none-eabi/lib/thumb/v7-m/nofp/libg.a(libc_a-memset.o)
 .debug_abbrev  0x00005adc       0x97 /usr/lib/gcc/arm-none-eabi/13.2.1/../../../arm-none-eabi/lib/thumb/v7-m/nofp/libg.a(libc_a-strchr.o)
 .debug_abbrev  0x00005b73       0x92 /usr/lib/gcc/arm-none-eabi/13.2.1/../../../arm-none-eabi/lib/thumb/v7-m/nofp/libg.a(libc_a-strncmp.o)
 .debug_abbrev  0x00005c05       0xc3 /usr/lib/gcc/arm-none-eabi/13.2.1/../../../arm-none-eabi/lib/thumb/v7-m/nofp/libg.a(libc_a-memmove.o)
 .debug_abbrev  0x00005cc8       0x90 /usr/lib/gcc/arm-none-eabi/13.2.1/../../../arm-none-eabi/lib/thumb/v7-m/nofp/libg.a(libc_a-memcmp.o)
 .debug_abbrev  0x00005d58       0x28 /usr/lib/gcc/arm-none-eabi/13.2.1/../../../arm-none-eabi/lib/thumb/v7-m/nofp/libg.a(libc_a-memcpy.o)
 .debug_abbrev  0x00005d80       0x78 /usr/lib/gcc/arm-none-eabi/13.2.1/../../../arm-none-eabi/lib/thumb/v7-m/nofp/libg.a(libc_a-strlen-stub.o)

.debug_loclists
                0x00000000     0xd65d
 .debug_loclists
                0x00000000     0xcea4 /tmp/ccGMRpMt.ltrans0.ltrans.o
 .debug_loclists
                0x0000cea4      0x1d7 /usr/lib/gcc/arm-none-eabi/13.2.1/../../../arm-none-eabi/lib/thumb/v7-m/nofp/libg.a(libc_a-memset.o)
 .debug_loclists
                0x0000d07b      0x18f /usr/lib/gcc/arm-none-eabi/13.2.1/../../../arm-none-eabi/lib/thumb/v7-m/nofp/libg.a(libc_a-strchr.o)
 .debug_loclists
                0x0000d20a      0x139 /usr/lib/gcc/arm-none-eabi/13.2.1/../../../arm-none-eabi/lib/thumb/v7-m/nofp/libg.a(libc_a-strncmp.o)
 .debug_loclists
                0x0000d343      0x21b /usr/lib/gcc/arm-none-eabi/13.2.1/../../../arm-none-eabi/lib/thumb/v7-m/nofp/libg.a(libc_a-memmove.o)
 .debug_loclists
                0x0000d55e       0xd6 /usr/lib/gcc/arm-none-eabi/13.2.1/../../../arm-none-eabi/lib/thumb/v7-m/nofp/libg.a(libc_a-memcmp.o)
 .debug_loclists
                0x0000d634       0x29 /usr/lib/gcc/arm-none-eabi/13.2.1/../../../arm-none-eabi/lib/thumb/v7-m/nofp/libg.a(libc_a-strlen-stub.o)

.debug_aranges  0x00000000      0x888
 .debug_aranges
                0x00000000      0x7a8 /tmp/ccGMRpMt.ltrans0.ltrans.o
 .debug_aranges
                0x000007a8       0x20 /usr/lib/gcc/arm-none-eabi/13.2.1/../../../arm-none-eabi/lib/thumb/v7-m/nofp/libg.a(libc_a-memset.o)
 .debug_aranges
                0x000007c8       0x20 /usr/lib/gcc/arm-none-eabi/13.2.1/../../../arm-none-eabi/lib/thumb/v7-m/nofp/libg.a(libc_a-strchr.o)
 .debug_aranges
                0x000007e8       0x20 /usr/lib/gcc/arm-none-eabi/13.2.1/../../../arm-none-eabi/lib/thumb/v7-m/nofp/libg.a(libc_a-strncmp.o)
 .debug_aranges
                0x00000808       0x20 /usr/lib/gcc/arm-none-eabi/13.2.1/../../../arm-none-eabi/lib/thumb/v7-m/nofp/libg.a(libc_a-memmove.o)
 .debug_aranges
                0x00000828       0x20 /usr/lib/gcc/arm-none-eabi/13.2.1/../../../arm-none-eabi/lib/thumb/v7-m/nofp/libg.a(libc_a-memcmp.o)
 .debug_aranges
                0x00000848       0x20 /usr/lib/gcc/arm-none-eabi/13.2.1/../../../arm-none-eabi/lib/thumb/v7-m/nofp/libg.a(libc_a-memcpy.o)
 .debug_aranges
                0x00000868       0x20 /usr/lib/gcc/arm-none-eabi/13.2.1/../../../arm-none-eabi/lib/thumb/v7-m/nofp/libg.a(libc_a-strlen-stub.o)

.debug_rnglists
                0x00000000     0x145b
 .debug_rnglists
                0x00000000     0x1448 /tmp/ccGMRpMt.ltrans0.ltrans.o
 .debug_rnglists
                0x00001448       0x13 /usr/lib/gcc/arm-none-eabi/13.2.1/../../../arm-none-eabi/lib/thumb/v7-m/nofp/libg.a(libc_a-strlen-stub.o)

.debug_line     0x00000000     0xce10
 .debug_line    0x00000000     0xb135 /tmp/ccGMRpMt.ltrans0.ltrans.o
 .debug_line    0x0000b135       0x79 /tmp/cchUzV5z.debug.temp.o
 .debug_line    0x0000b1ae       0x79 /tmp/ccjzVtPs.debug.temp.o
 .debug_line    0x0000b227       0x79 /tmp/ccDalv1v.debug.temp.o
 .debug_line    0x0000b2a0       0x4d /tmp/ccQqpCxE.debug.temp.o
 .debug_line    0x0000b2ed       0x8c /tmp/ccw3PUR1.debug.temp.o
 .debug_line    0x0000b379       0x96 /tmp/ccSVdKvZ.debug.temp.o
 .debug_line    0x0000b40f       0x6f /tmp/ccWsX6cT.debug.temp.o
 .debug_line    0x0000b47e       0x83 /tmp/ccrg5Xb9.debug.temp.o
 .debug_line    0x0000b501       0x4d /tmp/ccAlHAv1.debug.temp.o
 .debug_line    0x0000b54e       0x48 /tmp/ccFTf8rR.debug.temp.o
 .debug_line    0x0000b596       0x7e /tmp/ccRnmlKj.debug.temp.o
 .debug_line    0x0000b614       0xe9 /tmp/ccikBIaN.debug.temp.o
 .debug_line    0x0000b6fd       0x65 /tmp/ccGWIg5D.debug.temp.o
 .debug_line    0x0000b762       0x6b /tmp/ccsJTULm.debug.temp.o
 .debug_line    0x0000b7cd       0x92 /tmp/ccspLMjt.debug.temp.o
 .debug_line    0x0000b85f       0x6b /tmp/cceb0dxe.debug.temp.o
 .debug_line    0x0000b8ca       0x74 /tmp/ccAerdyr.debug.temp.o
 .debug_line    0x0000b93e       0x7e /tmp/ccUer8vs.debug.temp.o
 .debug_line    0x0000b9bc       0xa5 /tmp/cc9ZkWQI.debug.temp.o
 .debug_line    0x0000ba61       0xa0 /tmp/ccVmShYg.debug.temp.o
 .debug_line    0x0000bb01       0x66 /tmp/ccv5Bk5A.debug.temp.o
 .debug_line    0x0000bb67       0x92 /tmp/cclqj9qN.debug.temp.o
 .debug_line    0x0000bbf9       0x83 /tmp/cci0aQIl.debug.temp.o
 .debug_line    0x0000bc7c       0x5c /tmp/ccBcwlPB.debug.temp.o
 .debug_line    0x0000bcd8       0x52 /tmp/ccwlv0DJ.debug.temp.o
 .debug_line    0x0000bd2a       0x57 /tmp/cc7YKOvg.debug.temp.o
 .debug_line    0x0000bd81       0x8d /tmp/ccZ2EQCt.debug.temp.o
 .debug_line    0x0000be0e       0x7e /tmp/ccbbkW87.debug.temp.o
 .debug_line    0x0000be8c       0x83 /tmp/ccND17YH.debug.temp.o
 .debug_line    0x0000bf0f       0x52 /tmp/ccTaTwii.debug.temp.o
 .debug_line    0x0000bf61       0x6a /tmp/ccX8wj3t.debug.temp.o
 .debug_line    0x0000bfcb       0x81 /tmp/ccykFx73.debug.temp.o
 .debug_line    0x0000c04c       0x65 /tmp/ccmffN53.debug.temp.o
 .debug_line    0x0000c0b1       0xa0 /tmp/cc6M68od.debug.temp.o
 .debug_line    0x0000c151       0x48 /tmp/ccHZW02I.debug.temp.o
 .debug_line    0x0000c199       0x83 /tmp/ccQ4t0Ys.debug.temp.o
 .debug_line    0x0000c21c       0x4e /tmp/ccPjDAEv.debug.temp.o
 .debug_line    0x0000c26a       0x3f /tmp/cc1t33WJ.debug.temp.o
 .debug_line    0x0000c2a9       0x5f /tmp/ccLWlNOy.debug.temp.o
 .debug_line    0x0000c308       0x5f /tmp/ccjgdXQi.debug.temp.o
 .debug_line    0x0000c367      0x1b1 /usr/lib/gcc/arm-none-eabi/13.2.1/../../../arm-none-eabi/lib/thumb/v7-m/nofp/libg.a(libc_a-memset.o)
 .debug_line    0x0000c518      0x1d6 /usr/lib/gcc/arm-none-eabi/13.2.1/../../../arm-none-eabi/lib/thumb/v7-m/nofp/libg.a(libc_a-strchr.o)
 .debug_line    0x0000c6ee      0x1ea /usr/lib/gcc/arm-none-eabi/13.2.1/../../../arm-none-eabi/lib/thumb/v7-m/nofp/libg.a(libc_a-strncmp.o)
 .debug_line    0x0000c8d8      0x20d /usr/lib/gcc/arm-none-eabi/13.2.1/../../../arm-none-eabi/lib/thumb/v7-m/nofp/libg.a(libc_a-memmove.o)
 .debug_line    0x0000cae5      0x17a /usr/lib/gcc/arm-none-eabi/13.2.1/../../../arm-none-eabi/lib/thumb/v7-m/nofp/libg.a(libc_a-memcmp.o)
 .debug_line    0x0000cc5f       0xbd /usr/lib/gcc/arm-none-eabi/13.2.1/../../../arm-none-eabi/lib/thumb/v7-m/nofp/libg.a(libc_a-memcpy.o)
 .debug_line    0x0000cd1c       0xf4 /usr/lib/gcc/arm-none-eabi/13.2.1/../../../arm-none-eabi/lib/thumb/v7-m/nofp/libg.a(libc_a-strlen-stub.o)

.debug_str      0x00000000     0x73c5
 .debug_str     0x00000000      0x161 /tmp/ccGMRpMt.ltrans0.ltrans.o
 .debug_str     0x00000000      0x73e /tmp/cchUzV5z.debug.temp.o
 .debug_str     0x00000000      0x780 /tmp/ccjzVtPs.debug.temp.o
 .debug_str     0x00000000      0x75d /tmp/ccDalv1v.debug.temp.o
 .debug_str     0x00000000      0x1f6 /tmp/ccQqpCxE.debug.temp.o
 .debug_str     0x00000000      0xad5 /tmp/ccw3PUR1.debug.temp.o
 .debug_str     0x00000000     0x1871 /tmp/ccSVdKvZ.debug.temp.o
 .debug_str     0x00000000      0x527 /tmp/ccWsX6cT.debug.temp.o
 .debug_str     0x00000000      0x56d /tmp/ccrg5Xb9.debug.temp.o
 .debug_str     0x00000000      0x23c /tmp/ccAlHAv1.debug.temp.o
 .debug_str     0x00000000      0x197 /tmp/ccFTf8rR.debug.temp.o
 .debug_str     0x00000000     0x1b8b /tmp/ccRnmlKj.debug.temp.o
 .debug_str     0x00000000     0x2db6 /tmp/ccikBIaN.debug.temp.o
 .debug_str     0x00000000      0x4ea /tmp/ccGWIg5D.debug.temp.o
 .debug_str     0x00000000      0x679 /tmp/ccsJTULm.debug.temp.o
 .debug_str     0x00000000     0x1e46 /tmp/ccspLMjt.debug.temp.o
 .debug_str     0x00000000     0x1942 /tmp/cceb0dxe.debug.temp.o
 .debug_str     0x00000000     0x18ed /tmp/ccAerdyr.debug.temp.o
 .debug_str     0x00000000     0x21aa /tmp/ccUer8vs.debug.temp.o
 .debug_str     0x00000000     0x1dd9 /tmp/cc9ZkWQI.debug.temp.o
 .debug_str     0x00000000     0x1b78 /tmp/ccVmShYg.debug.temp.o
 .debug_str     0x00000000     0x12bb /tmp/ccv5Bk5A.debug.temp.o
 .debug_str     0x00000000     0x2759 /tmp/cclqj9qN.debug.temp.o
 .debug_str     0x00000000     0x204d /tmp/cci0aQIl.debug.temp.o
 .debug_str     0x00000000     0x1224 /tmp/ccBcwlPB.debug.temp.o
 .debug_str     0x00000000     0x11ea /tmp/ccwlv0DJ.debug.temp.o
 .debug_str     0x00000000     0x1211 /tmp/cc7YKOvg.debug.temp.o
 .debug_str     0x00000000     0x2936 /tmp/ccZ2EQCt.debug.temp.o
 .debug_str     0x00000000     0x1e02 /tmp/ccbbkW87.debug.temp.o
 .debug_str     0x00000000     0x23a3 /tmp/ccND17YH.debug.temp.o
 .debug_str     0x00000000      0x922 /tmp/ccTaTwii.debug.temp.o
 .debug_str     0x00000000      0x931 /tmp/ccX8wj3t.debug.temp.o
 .debug_str     0x00000000      0xa82 /tmp/ccykFx73.debug.temp.o
 .debug_str     0x00000000      0x3a3 /tmp/ccmffN53.debug.temp.o
 .debug_str     0x00000000     0x2b78 /tmp/cc6M68od.debug.temp.o
 .debug_str     0x00000000      0x1b0 /tmp/ccHZW02I.debug.temp.o
 .debug_str     0x00000000      0xbc0 /tmp/ccQ4t0Ys.debug.temp.o
 .debug_str     0x00000000      0x1df /tmp/ccPjDAEv.debug.temp.o
 .debug_str     0x00000000      0x19b /tmp/cc1t33WJ.debug.temp.o
 .debug_str     0x00000000      0x26e /tmp/ccLWlNOy.debug.temp.o
 .debug_str     0x00000000      0x1da /tmp/ccjgdXQi.debug.temp.o
 .debug_str     0x00000000     0x73c5 /usr/lib/gcc/arm-none-eabi/13.2.1/../../../arm-none-eabi/lib/thumb/v7-m/nofp/libg.a(libc_a-memset.o)
                                0x1a0 (size before relaxing)
 .debug_str     0x000073c5      0x197 /usr/lib/gcc/arm-none-eabi/13.2.1/../../../arm-none-eabi/lib/thumb/v7-m/nofp/libg.a(libc_a-strchr.o)
 .debug_str     0x000073c5      0x18e /usr/lib/gcc/arm-none-eabi/13.2.1/../../../arm-none-eabi/lib/thumb/v7-m/nofp/libg.a(libc_a-strncmp.o)
 .debug_str     0x000073c5      0x1bf /usr/lib/gcc/arm-none-eabi/13.2.1/../../../arm-none-eabi/lib/thumb/v7-m/nofp/libg.a(libc_a-memmove.o)
 .debug_str     0x000073c5      0x18c /usr/lib/gcc/arm-none-eabi/13.2.1/../../../arm-none-eabi/lib/thumb/v7-m/nofp/libg.a(libc_a-memcmp.o)
 .debug_str     0x000073c5       0xa3 /usr/lib/gcc/arm-none-eabi/13.2.1/../../../arm-none-eabi/lib/thumb/v7-m/nofp/libg.a(libc_a-memcpy.o)
 .debug_str     0x000073c5      0x196 /usr/lib/gcc/arm-none-eabi/13.2.1/../../../arm-none-eabi/lib/thumb/v7-m/nofp/libg.a(libc_a-strlen-stub.o)

.debug_frame    0x00000000     0x1ddc
 .debug_frame   0x00000000     0x1cb0 /tmp/ccGMRpMt.ltrans0.ltrans.o
 .debug_frame   0x00001cb0       0x2c /usr/lib/gcc/arm-none-eabi/13.2.1/../../../arm-none-eabi/lib/thumb/v7-m/nofp/libg.a(libc_a-memset.o)
 .debug_frame   0x00001cdc       0x34 /usr/lib/gcc/arm-none-eabi/13.2.1/../../../arm-none-eabi/lib/thumb/v7-m/nofp/libg.a(libc_a-strchr.o)
 .debug_frame   0x00001d10       0x38 /usr/lib/gcc/arm-none-eabi/13.2.1/../../../arm-none-eabi/lib/thumb/v7-m/nofp/libg.a(libc_a-strncmp.o)
 .debug_frame   0x00001d48       0x40 /usr/lib/gcc/arm-none-eabi/13.2.1/../../../arm-none-eabi/lib/thumb/v7-m/nofp/libg.a(libc_a-memmove.o)
 .debug_frame   0x00001d88       0x34 /usr/lib/gcc/arm-none-eabi/13.2.1/../../../arm-none-eabi/lib/thumb/v7-m/nofp/libg.a(libc_a-memcmp.o)
 .debug_frame   0x00001dbc       0x20 /usr/lib/gcc/arm-none-eabi/13.2.1/../../../arm-none-eabi/lib/thumb/v7-m/nofp/libg.a(libc_a-strlen-stub.o)

.debug_line_str
                0x00000000      0x8a0
 .debug_line_str
                0x00000000      0x8a0 /tmp/cchUzV5z.debug.temp.o
                                0x100 (size before relaxing)
 .debug_line_str
                0x000008a0       0xf8 /tmp/ccjzVtPs.debug.temp.o
 .debug_line_str
                0x000008a0      0x102 /tmp/ccDalv1v.debug.temp.o
 .debug_line_str
                0x000008a0       0x9f /tmp/ccQqpCxE.debug.temp.o
 .debug_line_str
                0x000008a0      0x122 /tmp/ccw3PUR1.debug.temp.o
 .debug_line_str
                0x000008a0      0x147 /tmp/ccSVdKvZ.debug.temp.o
 .debug_line_str
                0x000008a0       0xea /tmp/ccWsX6cT.debug.temp.o
 .debug_line_str
                0x000008a0      0x117 /tmp/ccrg5Xb9.debug.temp.o
 .debug_line_str
                0x000008a0       0xab /tmp/ccAlHAv1.debug.temp.o
 .debug_line_str
                0x000008a0       0xa6 /tmp/ccFTf8rR.debug.temp.o
 .debug_line_str
                0x000008a0      0x110 /tmp/ccRnmlKj.debug.temp.o
 .debug_line_str
                0x000008a0      0x21d /tmp/ccikBIaN.debug.temp.o
 .debug_line_str
                0x000008a0       0xe3 /tmp/ccGWIg5D.debug.temp.o
 .debug_line_str
                0x000008a0       0xd8 /tmp/ccsJTULm.debug.temp.o
 .debug_line_str
                0x000008a0      0x130 /tmp/ccspLMjt.debug.temp.o
 .debug_line_str
                0x000008a0       0xe3 /tmp/cceb0dxe.debug.temp.o
 .debug_line_str
                0x000008a0      0x107 /tmp/ccAerdyr.debug.temp.o
 .debug_line_str
                0x000008a0      0x111 /tmp/ccUer8vs.debug.temp.o
 .debug_line_str
                0x000008a0      0x16b /tmp/cc9ZkWQI.debug.temp.o
 .debug_line_str
                0x000008a0      0x156 /tmp/ccVmShYg.debug.temp.o
 .debug_line_str
                0x000008a0       0xe2 /tmp/ccv5Bk5A.debug.temp.o
 .debug_line_str
                0x000008a0      0x133 /tmp/cclqj9qN.debug.temp.o
 .debug_line_str
                0x000008a0      0x11a /tmp/cci0aQIl.debug.temp.o
 .debug_line_str
                0x000008a0       0xc3 /tmp/ccBcwlPB.debug.temp.o
 .debug_line_str
                0x000008a0       0xb4 /tmp/ccwlv0DJ.debug.temp.o
 .debug_line_str
                0x000008a0       0xb5 /tmp/cc7YKOvg.debug.temp.o
 .debug_line_str
                0x000008a0      0x12c /tmp/ccZ2EQCt.debug.temp.o
 .debug_line_str
                0x000008a0      0x114 /tmp/ccbbkW87.debug.temp.o
 .debug_line_str
                0x000008a0      0x11c /tmp/ccND17YH.debug.temp.o
 .debug_line_str
                0x000008a0       0xb4 /tmp/ccTaTwii.debug.temp.o
 .debug_line_str
                0x000008a0       0xee /tmp/ccX8wj3t.debug.temp.o
 .debug_line_str
                0x000008a0      0x142 /tmp/ccykFx73.debug.temp.o
 .debug_line_str
                0x000008a0       0xdf /tmp/ccmffN53.debug.temp.o
 .debug_line_str
                0x000008a0      0x166 /tmp/cc6M68od.debug.temp.o
 .debug_line_str
                0x000008a0       0xa6 /tmp/ccHZW02I.debug.temp.o
 .debug_line_str
                0x000008a0      0x103 /tmp/ccQ4t0Ys.debug.temp.o
 .debug_line_str
                0x000008a0       0x7a /tmp/ccPjDAEv.debug.temp.o
 .debug_line_str
                0x000008a0       0x56 /tmp/cc1t33WJ.debug.temp.o
 .debug_line_str
                0x000008a0       0xf9 /tmp/ccLWlNOy.debug.temp.o
 .debug_line_str
                0x000008a0      0x111 /tmp/ccjgdXQi.debug.temp.o
 .debug_line_str
                0x000008a0       0x90 /usr/lib/gcc/arm-none-eabi/13.2.1/../../../arm-none-eabi/lib/thumb/v7-m/nofp/libg.a(libc_a-memcpy.o)

Cross Reference Table

Symbol                                            File
Reset_Handler                                     /tmp/ccGMRpMt.ltrans0.ltrans.o
                                                  build/main.o (symbol from plugin)
_ITM_deregisterTMCloneTable                       /usr/lib/gcc/arm-none-eabi/13.2.1/thumb/v7-m/nofp/crtbegin.o
_ITM_registerTMCloneTable                         /usr/lib/gcc/arm-none-eabi/13.2.1/thumb/v7-m/nofp/crtbegin.o
__TMC_END__                                       /usr/lib/gcc/arm-none-eabi/13.2.1/thumb/v7-m/nofp/crtend.o
                                                  /usr/lib/gcc/arm-none-eabi/13.2.1/thumb/v7-m/nofp/crtbegin.o
__atexit                                          /usr/lib/gcc/arm-none-eabi/13.2.1/../../../arm-none-eabi/lib/thumb/v7-m/nofp/libg.a(libc_a-__call_atexit.o)
                                                  /usr/lib/gcc/arm-none-eabi/13.2.1/../../../arm-none-eabi/lib/thumb/v7-m/nofp/libg.a(libc_a-__atexit.o)
__atexit0                                         /usr/lib/gcc/arm-none-eabi/13.2.1/../../../arm-none-eabi/lib/thumb/v7-m/nofp/libg.a(libc_a-__atexit.o)
__bss_end__                                       /usr/lib/gcc/arm-none-eabi/13.2.1/../../../arm-none-eabi/lib/thumb/v7-m/nofp/crt0.o
__bss_start__                                     /usr/lib/gcc/arm-none-eabi/13.2.1/../../../arm-none-eabi/lib/thumb/v7-m/nofp/crt0.o
__call_exitprocs                                  /usr/lib/gcc/arm-none-eabi/13.2.1/../../../arm-none-eabi/lib/thumb/v7-m/nofp/libg.a(libc_a-__call_atexit.o)
                                                  /usr/lib/gcc/arm-none-eabi/13.2.1/../../../arm-none-eabi/lib/thumb/v7-m/nofp/libg.a(libc_a-exit.o)
__deregister_frame_info                           /usr/lib/gcc/arm-none-eabi/13.2.1/thumb/v7-m/nofp/crtbegin.o
__dso_handle                                      /usr/lib/gcc/arm-none-eabi/13.2.1/thumb/v7-m/nofp/crtbegin.o
__errno                                           /usr/lib/gcc/arm-none-eabi/13.2.1/../../../arm-none-eabi/lib/thumb/v7-m/nofp/libg.a(libc_a-errno.o)
                                                  /usr/lib/gcc/arm-none-eabi/13.2.1/../../../arm-none-eabi/lib/thumb/v7-m/nofp/libg.a(libc_a-sysconf.o)
__fatal_error                                     build/main.o (symbol from plugin)
__fini_array_end                                  /usr/lib/gcc/arm-none-eabi/13.2.1/../../../arm-none-eabi/lib/thumb/v7-m/nofp/libg.a(libc_a-fini.o)
__fini_array_start                                /usr/lib/gcc/arm-none-eabi/13.2.1/../../../arm-none-eabi/lib/thumb/v7-m/nofp/libg.a(libc_a-fini.o)
__fp_lock_all                                     /usr/lib/gcc/arm-none-eabi/13.2.1/../../../arm-none-eabi/lib/thumb/v7-m/nofp/libg.a(libc_a-findfp.o)
__fp_unlock_all                                   /usr/lib/gcc/arm-none-eabi/13.2.1/../../../arm-none-eabi/lib/thumb/v7-m/nofp/libg.a(libc_a-findfp.o)
__init_array_end                                  /usr/lib/gcc/arm-none-eabi/13.2.1/../../../arm-none-eabi/lib/thumb/v7-m/nofp/libg.a(libc_a-init.o)
__init_array_start                                /usr/lib/gcc/arm-none-eabi/13.2.1/../../../arm-none-eabi/lib/thumb/v7-m/nofp/libg.a(libc_a-init.o)
__libc_fini                                       /usr/lib/gcc/arm-none-eabi/13.2.1/../../../arm-none-eabi/lib/thumb/v7-m/nofp/libg.a(libc_a-__call_atexit.o)
__libc_fini_array                                 /usr/lib/gcc/arm-none-eabi/13.2.1/../../../arm-none-eabi/lib/thumb/v7-m/nofp/libg.a(libc_a-fini.o)
                                                  /usr/lib/gcc/arm-none-eabi/13.2.1/../../../arm-none-eabi/lib/thumb/v7-m/nofp/libg.a(libc_a-__call_atexit.o)
                                                  /usr/lib/gcc/arm-none-eabi/13.2.1/../../../arm-none-eabi/lib/thumb/v7-m/nofp/crt0.o
__libc_init_array                                 /usr/lib/gcc/arm-none-eabi/13.2.1/../../../arm-none-eabi/lib/thumb/v7-m/nofp/libg.a(libc_a-init.o)
                                                  /usr/lib/gcc/arm-none-eabi/13.2.1/../../../arm-none-eabi/lib/thumb/v7-m/nofp/crt0.o
__malloc_av_                                      /usr/lib/gcc/arm-none-eabi/13.2.1/../../../arm-none-eabi/lib/thumb/v7-m/nofp/libg.a(libc_a-mallocr.o)
                                                  /usr/lib/gcc/arm-none-eabi/13.2.1/../../../arm-none-eabi/lib/thumb/v7-m/nofp/libg.a(libc_a-freer.o)
__malloc_current_mallinfo                         /usr/lib/gcc/arm-none-eabi/13.2.1/../../../arm-none-eabi/lib/thumb/v7-m/nofp/libg.a(libc_a-mallocr.o)
                                                  /usr/lib/gcc/arm-none-eabi/13.2.1/../../../arm-none-eabi/lib/thumb/v7-m/nofp/libg.a(libc_a-freer.o)
__malloc_lock                                     /usr/lib/gcc/arm-none-eabi/13.2.1/../../../arm-none-eabi/lib/thumb/v7-m/nofp/libg.a(libc_a-mlock.o)
                                                  /usr/lib/gcc/arm-none-eabi/13.2.1/../../../arm-none-eabi/lib/thumb/v7-m/nofp/libg.a(libc_a-freer.o)
                                                  /usr/lib/gcc/arm-none-eabi/13.2.1/../../../arm-none-eabi/lib/thumb/v7-m/nofp/libg.a(libc_a-mallocr.o)
__malloc_max_sbrked_mem                           /usr/lib/gcc/arm-none-eabi/13.2.1/../../../arm-none-eabi/lib/thumb/v7-m/nofp/libg.a(libc_a-mallocr.o)
__malloc_max_total_mem                            /usr/lib/gcc/arm-none-eabi/13.2.1/../../../arm-none-eabi/lib/thumb/v7-m/nofp/libg.a(libc_a-mallocr.o)
__malloc_sbrk_base                                /usr/lib/gcc/arm-none-eabi/13.2.1/../../../arm-none-eabi/lib/thumb/v7-m/nofp/libg.a(libc_a-mallocr.o)
                                                  /usr/lib/gcc/arm-none-eabi/13.2.1/../../../arm-none-eabi/lib/thumb/v7-m/nofp/libg.a(libc_a-freer.o)
__malloc_top_pad                                  /usr/lib/gcc/arm-none-eabi/13.2.1/../../../arm-none-eabi/lib/thumb/v7-m/nofp/libg.a(libc_a-mallocr.o)
                                                  /usr/lib/gcc/arm-none-eabi/13.2.1/../../../arm-none-eabi/lib/thumb/v7-m/nofp/libg.a(libc_a-freer.o)
__malloc_trim_threshold                           /usr/lib/gcc/arm-none-eabi/13.2.1/../../../arm-none-eabi/lib/thumb/v7-m/nofp/libg.a(libc_a-mallocr.o)
                                                  /usr/lib/gcc/arm-none-eabi/13.2.1/../../../arm-none-eabi/lib/thumb/v7-m/nofp/libg.a(libc_a-freer.o)
__malloc_unlock                                   /usr/lib/gcc/arm-none-eabi/13.2.1/../../../arm-none-eabi/lib/thumb/v7-m/nofp/libg.a(libc_a-mlock.o)
                                                  /usr/lib/gcc/arm-none-eabi/13.2.1/../../../arm-none-eabi/lib/thumb/v7-m/nofp/libg.a(libc_a-freer.o)
                                                  /usr/lib/gcc/arm-none-eabi/13.2.1/../../../arm-none-eabi/lib/thumb/v7-m/nofp/libg.a(libc_a-mallocr.o)
__preinit_array_end                               /usr/lib/gcc/arm-none-eabi/13.2.1/../../../arm-none-eabi/lib/thumb/v7-m/nofp/libg.a(libc_a-init.o)
__preinit_array_start                             /usr/lib/gcc/arm-none-eabi/13.2.1/../../../arm-none-eabi/lib/thumb/v7-m/nofp/libg.a(libc_a-init.o)
__register_exitproc                               /usr/lib/gcc/arm-none-eabi/13.2.1/../../../arm-none-eabi/lib/thumb/v7-m/nofp/libg.a(libc_a-__atexit.o)
                                                  /usr/lib/gcc/arm-none-eabi/13.2.1/../../../arm-none-eabi/lib/thumb/v7-m/nofp/libg.a(libc_a-atexit.o)
__register_frame_info                             /usr/lib/gcc/arm-none-eabi/13.2.1/thumb/v7-m/nofp/crtbegin.o
__sclose                                          /usr/lib/gcc/arm-none-eabi/13.2.1/../../../arm-none-eabi/lib/thumb/v7-m/nofp/libg.a(libc_a-stdio.o)
                                                  /usr/lib/gcc/arm-none-eabi/13.2.1/../../../arm-none-eabi/lib/thumb/v7-m/nofp/libg.a(libc_a-findfp.o)
__seofread                                        /usr/lib/gcc/arm-none-eabi/13.2.1/../../../arm-none-eabi/lib/thumb/v7-m/nofp/libg.a(libc_a-stdio.o)
__sf                                              /usr/lib/gcc/arm-none-eabi/13.2.1/../../../arm-none-eabi/lib/thumb/v7-m/nofp/libg.a(libc_a-findfp.o)
                                                  /usr/lib/gcc/arm-none-eabi/13.2.1/../../../arm-none-eabi/lib/thumb/v7-m/nofp/libg.a(libc_a-impure.o)
__sflush_r                                        /usr/lib/gcc/arm-none-eabi/13.2.1/../../../arm-none-eabi/lib/thumb/v7-m/nofp/libg.a(libc_a-fflush.o)
                                                  /usr/lib/gcc/arm-none-eabi/13.2.1/../../../arm-none-eabi/lib/thumb/v7-m/nofp/libg.a(libc_a-fclose.o)
__sfp                                             /usr/lib/gcc/arm-none-eabi/13.2.1/../../../arm-none-eabi/lib/thumb/v7-m/nofp/libg.a(libc_a-findfp.o)
__sfp_lock_acquire                                /usr/lib/gcc/arm-none-eabi/13.2.1/../../../arm-none-eabi/lib/thumb/v7-m/nofp/libg.a(libc_a-findfp.o)
                                                  /usr/lib/gcc/arm-none-eabi/13.2.1/../../../arm-none-eabi/lib/thumb/v7-m/nofp/libg.a(libc_a-fclose.o)
__sfp_lock_release                                /usr/lib/gcc/arm-none-eabi/13.2.1/../../../arm-none-eabi/lib/thumb/v7-m/nofp/libg.a(libc_a-findfp.o)
                                                  /usr/lib/gcc/arm-none-eabi/13.2.1/../../../arm-none-eabi/lib/thumb/v7-m/nofp/libg.a(libc_a-fclose.o)
__sglue                                           /usr/lib/gcc/arm-none-eabi/13.2.1/../../../arm-none-eabi/lib/thumb/v7-m/nofp/libg.a(libc_a-findfp.o)
                                                  /usr/lib/gcc/arm-none-eabi/13.2.1/../../../arm-none-eabi/lib/thumb/v7-m/nofp/libg.a(libc_a-fflush.o)
__sinit                                           /usr/lib/gcc/arm-none-eabi/13.2.1/../../../arm-none-eabi/lib/thumb/v7-m/nofp/libg.a(libc_a-findfp.o)
                                                  /usr/lib/gcc/arm-none-eabi/13.2.1/../../../arm-none-eabi/lib/thumb/v7-m/nofp/libg.a(libc_a-fflush.o)
                                                  /usr/lib/gcc/arm-none-eabi/13.2.1/../../../arm-none-eabi/lib/thumb/v7-m/nofp/libg.a(libc_a-fclose.o)
__sread                                           /usr/lib/gcc/arm-none-eabi/13.2.1/../../../arm-none-eabi/lib/thumb/v7-m/nofp/libg.a(libc_a-stdio.o)
                                                  /usr/lib/gcc/arm-none-eabi/13.2.1/../../../arm-none-eabi/lib/thumb/v7-m/nofp/libg.a(libc_a-findfp.o)
__sseek                                           /usr/lib/gcc/arm-none-eabi/13.2.1/../../../arm-none-eabi/lib/thumb/v7-m/nofp/libg.a(libc_a-stdio.o)
                                                  /usr/lib/gcc/arm-none-eabi/13.2.1/../../../arm-none-eabi/lib/thumb/v7-m/nofp/libg.a(libc_a-findfp.o)
__stack                                           /usr/lib/gcc/arm-none-eabi/13.2.1/../../../arm-none-eabi/lib/thumb/v7-m/nofp/crt0.o
__stdio_exit_handler                              /usr/lib/gcc/arm-none-eabi/13.2.1/../../../arm-none-eabi/lib/thumb/v7-m/nofp/libg.a(libc_a-findfp.o)
                                                  /usr/lib/gcc/arm-none-eabi/13.2.1/../../../arm-none-eabi/lib/thumb/v7-m/nofp/libg.a(libc_a-exit.o)
__swrite                                          /usr/lib/gcc/arm-none-eabi/13.2.1/../../../arm-none-eabi/lib/thumb/v7-m/nofp/libg.a(libc_a-stdio.o)
                                                  /usr/lib/gcc/arm-none-eabi/13.2.1/../../../arm-none-eabi/lib/thumb/v7-m/nofp/libg.a(libc_a-findfp.o)
_close                                            /usr/lib/gcc/arm-none-eabi/13.2.1/../../../arm-none-eabi/lib/thumb/v7-m/nofp/libnosys.a(close.o)
                                                  /usr/lib/gcc/arm-none-eabi/13.2.1/../../../arm-none-eabi/lib/thumb/v7-m/nofp/libg.a(libc_a-closer.o)
_close_r                                          /usr/lib/gcc/arm-none-eabi/13.2.1/../../../arm-none-eabi/lib/thumb/v7-m/nofp/libg.a(libc_a-closer.o)
                                                  /usr/lib/gcc/arm-none-eabi/13.2.1/../../../arm-none-eabi/lib/thumb/v7-m/nofp/libg.a(libc_a-stdio.o)
_ebss                                             /tmp/ccGMRpMt.ltrans0.ltrans.o
                                                  build/main.o (symbol from plugin)
_edata                                            /tmp/ccGMRpMt.ltrans0.ltrans.o
                                                  build/main.o (symbol from plugin)
_estack                                           /tmp/ccGMRpMt.ltrans0.ltrans.o
                                                  build/main.o (symbol from plugin)
_etext                                            /tmp/ccGMRpMt.ltrans0.ltrans.o
                                                  build/main.o (symbol from plugin)
_exit                                             /usr/lib/gcc/arm-none-eabi/13.2.1/../../../arm-none-eabi/lib/thumb/v7-m/nofp/libnosys.a(_exit.o)
                                                  /usr/lib/gcc/arm-none-eabi/13.2.1/../../../arm-none-eabi/lib/thumb/v7-m/nofp/libg.a(libc_a-exit.o)
_fclose_r                                         /usr/lib/gcc/arm-none-eabi/13.2.1/../../../arm-none-eabi/lib/thumb/v7-m/nofp/libg.a(libc_a-fclose.o)
                                                  /usr/lib/gcc/arm-none-eabi/13.2.1/../../../arm-none-eabi/lib/thumb/v7-m/nofp/libg.a(libc_a-findfp.o)
_fflush_r                                         /usr/lib/gcc/arm-none-eabi/13.2.1/../../../arm-none-eabi/lib/thumb/v7-m/nofp/libg.a(libc_a-fflush.o)
_fini                                             /usr/lib/gcc/arm-none-eabi/13.2.1/thumb/v7-m/nofp/crti.o
                                                  /usr/lib/gcc/arm-none-eabi/13.2.1/../../../arm-none-eabi/lib/thumb/v7-m/nofp/libg.a(libc_a-fini.o)
_free_r                                           /usr/lib/gcc/arm-none-eabi/13.2.1/../../../arm-none-eabi/lib/thumb/v7-m/nofp/libg.a(libc_a-freer.o)
                                                  /usr/lib/gcc/arm-none-eabi/13.2.1/../../../arm-none-eabi/lib/thumb/v7-m/nofp/libg.a(libc_a-reent.o)
                                                  /usr/lib/gcc/arm-none-eabi/13.2.1/../../../arm-none-eabi/lib/thumb/v7-m/nofp/libg.a(libc_a-fflush.o)
                                                  /usr/lib/gcc/arm-none-eabi/13.2.1/../../../arm-none-eabi/lib/thumb/v7-m/nofp/libg.a(libc_a-fclose.o)
                                                  /usr/lib/gcc/arm-none-eabi/13.2.1/../../../arm-none-eabi/lib/thumb/v7-m/nofp/libg.a(libc_a-mallocr.o)
_fwalk_sglue                                      /usr/lib/gcc/arm-none-eabi/13.2.1/../../../arm-none-eabi/lib/thumb/v7-m/nofp/libg.a(libc_a-fwalk.o)
                                                  /usr/lib/gcc/arm-none-eabi/13.2.1/../../../arm-none-eabi/lib/thumb/v7-m/nofp/libg.a(libc_a-fflush.o)
                                                  /usr/lib/gcc/arm-none-eabi/13.2.1/../../../arm-none-eabi/lib/thumb/v7-m/nofp/libg.a(libc_a-findfp.o)
_impure_data                                      /usr/lib/gcc/arm-none-eabi/13.2.1/../../../arm-none-eabi/lib/thumb/v7-m/nofp/libg.a(libc_a-impure.o)
                                                  /usr/lib/gcc/arm-none-eabi/13.2.1/../../../arm-none-eabi/lib/thumb/v7-m/nofp/libg.a(libc_a-fflush.o)
                                                  /usr/lib/gcc/arm-none-eabi/13.2.1/../../../arm-none-eabi/lib/thumb/v7-m/nofp/libg.a(libc_a-findfp.o)
_impure_ptr                                       /usr/lib/gcc/arm-none-eabi/13.2.1/../../../arm-none-eabi/lib/thumb/v7-m/nofp/libg.a(libc_a-impure.o)
                                                  /usr/lib/gcc/arm-none-eabi/13.2.1/../../../arm-none-eabi/lib/thumb/v7-m/nofp/libg.a(libc_a-reent.o)
                                                  /usr/lib/gcc/arm-none-eabi/13.2.1/../../../arm-none-eabi/lib/thumb/v7-m/nofp/libg.a(libc_a-errno.o)
                                                  /usr/lib/gcc/arm-none-eabi/13.2.1/../../../arm-none-eabi/lib/thumb/v7-m/nofp/libg.a(libc_a-fflush.o)
                                                  /usr/lib/gcc/arm-none-eabi/13.2.1/../../../arm-none-eabi/lib/thumb/v7-m/nofp/libg.a(libc_a-fclose.o)
_init                                             /usr/lib/gcc/arm-none-eabi/13.2.1/thumb/v7-m/nofp/crti.o
                                                  /usr/lib/gcc/arm-none-eabi/13.2.1/../../../arm-none-eabi/lib/thumb/v7-m/nofp/libg.a(libc_a-init.o)
_lseek                                            /usr/lib/gcc/arm-none-eabi/13.2.1/../../../arm-none-eabi/lib/thumb/v7-m/nofp/libnosys.a(lseek.o)
                                                  /usr/lib/gcc/arm-none-eabi/13.2.1/../../../arm-none-eabi/lib/thumb/v7-m/nofp/libg.a(libc_a-lseekr.o)
_lseek_r                                          /usr/lib/gcc/arm-none-eabi/13.2.1/../../../arm-none-eabi/lib/thumb/v7-m/nofp/libg.a(libc_a-lseekr.o)
                                                  /usr/lib/gcc/arm-none-eabi/13.2.1/../../../arm-none-eabi/lib/thumb/v7-m/nofp/libg.a(libc_a-stdio.o)