Archive member included to satisfy reference by file (symbol)

/usr/lib/gcc/arm-none-eabi/13.2.1/../../../arm-none-eabi/lib/thumb/v7-m/nofp/libg.a(libc_a-memset.o)
                              /usr/lib/gcc/arm-none-eabi/13.2.1/../../../arm-none-eabi/lib/thumb/v7-m/nofp/crt0.o (memset)
/usr/lib/gcc/arm-none-eabi/13.2.1/../../../arm-none-eabi/lib/thumb/v7-m/nofp/libg.a(libc_a-strchr.o)
                              build/py/objstr.o (strchr)
/usr/lib/gcc/arm-none-eabi/13.2.1/../../../arm-none-eabi/lib/thumb/v7-m/nofp/libg.a(libc_a-strcmp.o)
                              build/shared/readline/readline.o (strcmp)
/usr/lib/gcc/arm-none-eabi/13.2.1/../../../arm-none-eabi/lib/thumb/v7-m/nofp/libg.a(libc_a-strncmp.o)
                              build/py/qstr.o (strncmp)
/usr/lib/gcc/arm-none-eabi/13.2.1/../../../arm-none-eabi/lib/thumb/v7-m/nofp/libg.a(libc_a-memmove.o)
                              build/py/vstr.o (memmove)
/usr/lib/gcc/arm-none-eabi/13.2.1/../../../arm-none-eabi/lib/thumb/v7-m/nofp/libg.a(libc_a-memcmp.o)
                              build/py/qstr.o (memcmp)
/usr/lib/gcc/arm-none-eabi/13.2.1/../../../arm-none-eabi/lib/thumb/v7-m/nofp/libg.a(libc_a-memcpy.o)
                              build/py/gc.o (memcpy)
/usr/lib/gcc/arm-none-eabi/13.2.1/../../../arm-none-eabi/lib/thumb/v7-m/nofp/libg.a(libc_a-init.o)
                              /usr/lib/gcc/arm-none-eabi/13.2.1/../../../arm-none-eabi/lib/thumb/v7-m/nofp/crt0.o (__libc_init_array)
/usr/lib/gcc/arm-none-eabi/13.2.1/../../../arm-none-eabi/lib/thumb/v7-m/nofp/libg.a(libc_a-exit.o)
                              /usr/lib/gcc/arm-none-eabi/13.2.1/../../../arm-none-eabi/lib/thumb/v7-m/nofp/crt0.o (exit)
/usr/lib/gcc/arm-none-eabi/13.2.1/../../../arm-none-eabi/lib/thumb/v7-m/nofp/libg.a(libc_a-atexit.o)
                              /usr/lib/gcc/arm-none-eabi/13.2.1/../../../arm-none-eabi/lib/thumb/v7-m/nofp/crt0.o (atexit)
/usr/lib/gcc/arm-none-eabi/13.2.1/../../../arm-none-eabi/lib/thumb/v7-m/nofp/libg.a(libc_a-strlen-stub.o)
                              build/py/qstr.o (strlen)
/usr/lib/gcc/arm-none-eabi/13.2.1/../../../arm-none-eabi/lib/thumb/v7-m/nofp/libg.a(libc_a-fini.o)
                              /usr/lib/gcc/arm-none-eabi/13.2.1/../../../arm-none-eabi/lib/thumb/v7-m/nofp/crt0.o (__libc_fini_array)
/usr/lib/gcc/arm-none-eabi/13.2.1/../../../arm-none-eabi/lib/thumb/v7-m/nofp/libg.a(libc_a-__call_atexit.o)
                              /usr/lib/gcc/arm-none-eabi/13.2.1/../../../arm-none-eabi/lib/thumb/v7-m/nofp/libg.a(libc_a-exit.o) (__call_exitprocs)
/usr/lib/gcc/arm-none-eabi/13.2.1/../../../arm-none-eabi/lib/thumb/v7-m/nofp/libg.a(libc_a-__atexit.o)
                              /usr/lib/gcc/arm-none-eabi/13.2.1/../../../arm-none-eabi/lib/thumb/v7-m/nofp/libg.a(libc_a-atexit.o) (__register_exitproc)
/usr/lib/gcc/arm-none-eabi/13.2.1/../../../arm-none-eabi/lib/thumb/v7-m/nofp/libg.a(libc_a-findfp.o)
                              /usr/lib/gcc/arm-none-eabi/13.2.1/../../../arm-none-eabi/lib/thumb/v7-m/nofp/libg.a(libc_a-exit.o) (__stdio_exit_handler)
/usr/lib/gcc/arm-none-eabi/13.2.1/../../../arm-none-eabi/lib/thumb/v7-m/nofp/libg.a(libc_a-fwalk.o)
                              /usr/lib/gcc/arm-none-eabi/13.2.1/../../../arm-none-eabi/lib/thumb/v7-m/nofp/libg.a(libc_a-findfp.o) (_fwalk_sglue)
/usr/lib/gcc/arm-none-eabi/13.2.1/../../../arm-none-eabi/lib/thumb/v7-m/nofp/libg.a(libc_a-impure.o)
                              /usr/lib/gcc/arm-none-eabi/13.2.1/../../../arm-none-eabi/lib/thumb/v7-m/nofp/libg.a(libc_a-findfp.o) (_impure_data)
/usr/lib/gcc/arm-none-eabi/13.2.1/../../../arm-none-eabi/lib/thumb/v7-m/nofp/libg.a(libc_a-mallocr.o)
                              /usr/lib/gcc/arm-none-eabi/13.2.1/../../../arm-none-eabi/lib/thumb/v7-m/nofp/libg.a(libc_a-findfp.o) (_malloc_r)
/usr/lib/gcc/arm-none-eabi/13.2.1/../../../arm-none-eabi/lib/thumb/v7-m/nofp/libg.a(libc_a-freer.o)
                              /usr/lib/gcc/arm-none-eabi/13.2.1/../../../arm-none-eabi/lib/thumb/v7-m/nofp/libg.a(libc_a-mallocr.o) (_free_r)
/usr/lib/gcc/arm-none-eabi/13.2.1/../../../arm-none-eabi/lib/thumb/v7-m/nofp/libg.a(libc_a-fclose.o)
                              /usr/lib/gcc/arm-none-eabi/13.2.1/../../../arm-none-eabi/lib/thumb/v7-m/nofp/libg.a(libc_a-findfp.o) (_fclose_r)
/usr/lib/gcc/arm-none-eabi/13.2.1/../../../arm-none-eabi/lib/thumb/v7-m/nofp/libg.a(libc_a-sysconf.o)
                              /usr/lib/gcc/arm-none-eabi/13.2.1/../../../arm-none-eabi/lib/thumb/v7-m/nofp/libg.a(libc_a-mallocr.o) (sysconf)
/usr/lib/gcc/arm-none-eabi/13.2.1/../../../arm-none-eabi/lib/thumb/v7-m/nofp/libg.a(libc_a-stdio.o)
                              /usr/lib/gcc/arm-none-eabi/13.2.1/../../../arm-none-eabi/lib/thumb/v7-m/nofp/libg.a(libc_a-findfp.o) (__sread)
/usr/lib/gcc/arm-none-eabi/13.2.1/../../../arm-none-eabi/lib/thumb/v7-m/nofp/libg.a(libc_a-writer.o)
[...]
Memory Configuration

Name             Origin             Length             Attributes
FLASH            0x00000000         0x00008000         xr
SRAM             0x20000000         0x00005800         xrw
*default*        0x00000000         0xffffffff

Linker script and memory map

LOAD /usr/lib/gcc/arm-none-eabi/13.2.1/thumb/v7-m/nofp/crti.o
LOAD /usr/lib/gcc/arm-none-eabi/13.2.1/thumb/v7-m/nofp/crtbegin.o
LOAD /usr/lib/gcc/arm-none-eabi/13.2.1/../../../arm-none-eabi/lib/thumb/v7-m/nofp/crt0.o
LOAD build/py/mpstate.o
LOAD build/py/nlr.o
LOAD build/py/nlrx86.o
LOAD build/py/nlrx64.o
LOAD build/py/nlrthumb.o
LOAD build/py/nlraarch64.o
LOAD build/py/nlrmips.o
LOAD build/py/nlrpowerpc.o
LOAD build/py/nlrxtensa.o
LOAD build/py/nlrrv32.o
LOAD build/py/nlrrv64.o
LOAD build/py/nlrsetjmp.o
LOAD build/py/malloc.o
LOAD build/py/gc.o
LOAD build/py/pystack.o
LOAD build/py/qstr.o
LOAD build/py/vstr.o
LOAD build/py/mpprint.o
LOAD build/py/unicode.o
LOAD build/py/mpz.o
LOAD build/py/reader.o
LOAD build/py/lexer.o
LOAD build/py/parse.o
LOAD build/py/scope.o
LOAD build/py/compile.o
LOAD build/py/emitcommon.o
LOAD build/py/emitbc.o
LOAD build/py/asmbase.o
LOAD build/py/asmx64.o
LOAD build/py/emitnx64.o
LOAD build/py/asmx86.o
LOAD build/py/emitnx86.o
LOAD build/py/asmthumb.o
LOAD build/py/emitnthumb.o
LOAD build/py/emitinlinethumb.o
LOAD build/py/asmarm.o
LOAD build/py/emitnarm.o
LOAD build/py/asmxtensa.o
LOAD build/py/emitnxtensa.o
LOAD build/py/emitinlinextensa.o
LOAD build/py/emitnxtensawin.o
LOAD build/py/asmrv32.o
LOAD build/py/emitnrv32.o
LOAD build/py/emitinlinerv32.o
LOAD build/py/emitndebug.o
LOAD build/py/formatfloat.o
LOAD build/py/parsenumbase.o
LOAD build/py/parsenum.o
LOAD build/py/emitglue.o
LOAD build/py/persistentcode.o
LOAD build/py/runtime.o
LOAD build/py/runtime_utils.o
LOAD build/py/scheduler.o
LOAD build/py/nativeglue.o
LOAD build/py/pairheap.o
LOAD build/py/ringbuf.o
LOAD build/py/cstack.o
LOAD build/py/stackctrl.o
LOAD build/py/argcheck.o
LOAD build/py/warning.o
LOAD build/py/profile.o
LOAD build/py/map.o
LOAD build/py/obj.o
LOAD build/py/objarray.o
LOAD build/py/objattrtuple.o
LOAD build/py/objbool.o
LOAD build/py/objboundmeth.o
LOAD build/py/objcell.o
LOAD build/py/objclosure.o
LOAD build/py/objcode.o
LOAD build/py/objcomplex.o
LOAD build/py/objdeque.o
LOAD build/py/objdict.o
LOAD build/py/objenumerate.o
LOAD build/py/objexcept.o
LOAD build/py/objfilter.o
LOAD build/py/objfloat.o
LOAD build/py/objfun.o
LOAD build/py/objgenerator.o
LOAD build/py/objgetitemiter.o
LOAD build/py/objint.o
LOAD build/py/objint_longlong.o
LOAD build/py/objint_mpz.o
LOAD build/py/objlist.o
LOAD build/py/objmap.o
LOAD build/py/objmodule.o
LOAD build/py/objobject.o
LOAD build/py/objpolyiter.o
LOAD build/py/objproperty.o
LOAD build/py/objnone.o
LOAD build/py/objnamedtuple.o
LOAD build/py/objrange.o
LOAD build/py/objreversed.o
LOAD build/py/objringio.o
LOAD build/py/objset.o
LOAD build/py/objsingleton.o
LOAD build/py/objslice.o
LOAD build/py/objstr.o
LOAD build/py/objstrunicode.o
LOAD build/py/objstringio.o
LOAD build/py/objtuple.o
LOAD build/py/objtype.o
LOAD build/py/objzip.o
LOAD build/py/opmethods.o
LOAD build/py/sequence.o
LOAD build/py/stream.o
LOAD build/py/binary.o
LOAD build/py/builtinimport.o
LOAD build/py/builtinevex.o
LOAD build/py/builtinhelp.o
LOAD build/py/modarray.o
LOAD build/py/modbuiltins.o
LOAD build/py/modcollections.o
LOAD build/py/modgc.o
LOAD build/py/modio.o
LOAD build/py/modmath.o
LOAD build/py/modcmath.o
LOAD build/py/modmicropython.o
LOAD build/py/modstruct.o
LOAD build/py/modsys.o
LOAD build/py/moderrno.o
LOAD build/py/modthread.o
LOAD build/py/vm.o
LOAD build/py/bc.o
LOAD build/py/showbc.o
LOAD build/py/repl.o
LOAD build/py/smallint.o
LOAD build/py/frozenmod.o
LOAD build/main.o
LOAD build/mphalport.o
LOAD build/uart.o
LOAD build/shared/libc/printf.o
LOAD build/shared/readline/readline.o
LOAD build/shared/runtime/pyexec.o
LOAD build/shared/runtime/stdout_helpers.o
START GROUP
LOAD /usr/lib/gcc/arm-none-eabi/13.2.1/thumb/v7-m/nofp/libgcc.a
LOAD /usr/lib/gcc/arm-none-eabi/13.2.1/../../../arm-none-eabi/lib/thumb/v7-m/nofp/libg.a
LOAD /usr/lib/gcc/arm-none-eabi/13.2.1/../../../arm-none-eabi/lib/thumb/v7-m/nofp/libc.a
END GROUP
START GROUP
LOAD /usr/lib/gcc/arm-none-eabi/13.2.1/thumb/v7-m/nofp/libgcc.a
LOAD /usr/lib/gcc/arm-none-eabi/13.2.1/../../../arm-none-eabi/lib/thumb/v7-m/nofp/libc.a
LOAD /usr/lib/gcc/arm-none-eabi/13.2.1/../../../arm-none-eabi/lib/thumb/v7-m/nofp/libnosys.a
END GROUP
LOAD /usr/lib/gcc/arm-none-eabi/13.2.1/thumb/v7-m/nofp/crtend.o
LOAD /usr/lib/gcc/arm-none-eabi/13.2.1/thumb/v7-m/nofp/crtn.o
                0x00000800                        STACK_SIZE = 0x800

.text           0x00000000     0x7c4c
 *(.isr_vector)
 .isr_vector    0x00000000       0x40 build/main.o
                0x00000000                isr_vector
 *(.text*)
 .text.nlr_push_tail
                0x00000040       0x10 build/py/nlr.o
                0x00000040                nlr_push_tail
 .text.nlr_pop  0x00000050       0x10 build/py/nlr.o
                0x00000050                nlr_pop
 .text.nlr_pop_jump_callback
                0x00000060       0x18 build/py/nlr.o
                0x00000060                nlr_pop_jump_callback
 .text.nlr_call_jump_callbacks
                0x00000078       0x1c build/py/nlr.o
                0x00000078                nlr_call_jump_callbacks
 .text.nlr_push
                0x00000094       0x24 build/py/nlrthumb.o
                0x00000094                nlr_push
 .text.nlr_jump
                0x000000b8       0x44 build/py/nlrthumb.o
                0x000000b8                nlr_jump
 .text.m_malloc
                0x000000fc       0x16 build/py/malloc.o
                0x000000fc                m_malloc
 .text.m_malloc_maybe
                0x00000112        0x6 build/py/malloc.o
                0x00000112                m_malloc_maybe
 .text.m_malloc0
                0x00000118        0x4 build/py/malloc.o
                0x00000118                m_malloc0
 .text.m_realloc
                0x0000011c       0x16 build/py/malloc.o
                0x0000011c                m_realloc
 .text.m_realloc_maybe
                0x00000132        0x4 build/py/malloc.o
                0x00000132                m_realloc_maybe
 .text.m_free   0x00000136        0x4 build/py/malloc.o
                0x00000136                m_free
 *fill*         0x0000013a        0x2
 .text.gc_mark_subtree
                0x0000013c       0xb8 build/py/gc.o
 .text.gc_sweep_free_blocks
                0x000001f4       0x84 build/py/gc.o
 .text.gc_init  0x00000278       0x4c build/py/gc.o
                0x00000278                gc_init
 .text.gc_is_locked
                0x000002c4       0x10 build/py/gc.o
                0x000002c4                gc_is_locked
 .text.gc_collect_start
                0x000002d4       0x68 build/py/gc.o
                0x000002d4                gc_collect_start
 .text.gc_collect_root
                0x0000033c       0x6c build/py/gc.o
                0x0000033c                gc_collect_root
 .text.gc_collect_end
                0x000003a8       0x70 build/py/gc.o
                0x000003a8                gc_collect_end
 .text.gc_alloc
                0x00000418      0x154 build/py/gc.o
                0x00000418                gc_alloc
 .text.gc_free  0x0000056c       0x6c build/py/gc.o
                0x0000056c                gc_free
 .text.gc_realloc
                0x000005d8      0x258 build/py/gc.o
                0x000005d8                gc_realloc
 .text.find_qstr
                0x00000830       0x20 build/py/qstr.o
 .text.qstr_compute_hash
                0x00000850       0x20 build/py/qstr.o
                0x00000850                qstr_compute_hash
 .text.qstr_init
                0x00000870       0x18 build/py/qstr.o
                0x00000870                qstr_init
 .text.qstr_find_strn
                0x00000888       0x8c build/py/qstr.o
                0x00000888                qstr_find_strn
 .text.qstr_from_strn
                0x00000914      0x134 build/py/qstr.o
                0x00000914                qstr_from_strn
 .text.qstr_hash
                0x00000a48       0x20 build/py/qstr.o
                0x00000a48                qstr_hash
 .text.qstr_len
                0x00000a68       0x16 build/py/qstr.o
                0x00000a68                qstr_len
 .text.qstr_str
                0x00000a7e       0x18 build/py/qstr.o
                0x00000a7e                qstr_str
 .text.qstr_data
                0x00000a96       0x1e build/py/qstr.o
                0x00000a96                qstr_data
 .text.mp_decompress_rom_string
                0x00000ab4       0x70 build/py/qstr.o
                0x00000ab4                mp_decompress_rom_string
 .text.vstr_ensure_extra
                0x00000b24       0x38 build/py/vstr.o
 .text.vstr_add_strn
                0x00000b5c       0x24 build/py/vstr.o
                0x00000b5c                vstr_add_strn
 .text.vstr_init
                0x00000b80       0x1c build/py/vstr.o
                0x00000b80                vstr_init
 .text.vstr_init_len
                0x00000b9c       0x10 build/py/vstr.o
                0x00000b9c                vstr_init_len
 .text.vstr_init_print
                0x00000bac       0x18 build/py/vstr.o
                0x00000bac                vstr_init_print
 .text.vstr_clear
                0x00000bc4       0x14 build/py/vstr.o
                0x00000bc4                vstr_clear
 .text.vstr_extend
                0x00000bd8       0x2c build/py/vstr.o
                0x00000bd8                vstr_extend
 .text.vstr_add_len
                0x00000c04       0x16 build/py/vstr.o
                0x00000c04                vstr_add_len
 .text.vstr_null_terminated_str
                0x00000c1a       0x1e build/py/vstr.o
                0x00000c1a                vstr_null_terminated_str
 .text.vstr_add_byte
                0x00000c38        0xe build/py/vstr.o
                0x00000c38                vstr_add_byte
 .text.vstr_cut_tail_bytes
                0x00000c46        0xe build/py/vstr.o
                0x00000c46                vstr_cut_tail_bytes
 .text.mp_print_str
                0x00000c54       0x1e build/py/mpprint.o
                0x00000c54                mp_print_str
 *fill*         0x00000c72        0x2
 .text.mp_print_strn
                0x00000c74       0xf8 build/py/mpprint.o
                0x00000c74                mp_print_strn
 .text.mp_print_mp_int
                0x00000d6c      0x220 build/py/mpprint.o
                0x00000d6c                mp_print_mp_int
 .text.mp_vprintf
                0x00000f8c      0x29c build/py/mpprint.o
                0x00000f8c                mp_vprintf
 .text.mp_printf
                0x00001228       0x1a build/py/mpprint.o
                0x00001228                mp_printf
 *fill*         0x00001242        0x2
 .text.unichar_isspace
                0x00001244       0x14 build/py/unicode.o
                0x00001244                unichar_isspace
 .text.unichar_isalpha
                0x00001258       0x14 build/py/unicode.o
                0x00001258                unichar_isalpha
 .text.unichar_isdigit
                0x0000126c       0x14 build/py/unicode.o
                0x0000126c                unichar_isdigit
 .text.unichar_isupper
                0x00001280       0x14 build/py/unicode.o
                0x00001280                unichar_isupper
 .text.unichar_islower
                0x00001294       0x14 build/py/unicode.o
                0x00001294                unichar_islower
 .text.unichar_tolower
                0x000012a8       0x10 build/py/unicode.o
                0x000012a8                unichar_tolower
 .text.unichar_toupper
                0x000012b8       0x10 build/py/unicode.o
                0x000012b8                unichar_toupper
 .text.mp_parse_num_base
                0x000012c8       0x56 build/py/parsenumbase.o
                0x000012c8                mp_parse_num_base
 *fill*         0x0000131e        0x2
 .text.raise_exc
                0x00001320       0x20 build/py/parsenum.o
 .text.mp_parse_num_integer
                0x00001340       0xf8 build/py/parsenum.o
                0x00001340                mp_parse_num_integer
 .text.type_get_iternext
                0x00001438       0x38 build/py/runtime.o
 .text.mp_init  0x00001470       0x54 build/py/runtime.o
                0x00001470                mp_init
 .text.mp_deinit
                0x000014c4        0x2 build/py/runtime.o
                0x000014c4                mp_deinit
 *fill*         0x000014c6        0x2
 .text.mp_convert_member_lookup
                0x000014c8       0x60 build/py/runtime.o
                0x000014c8                mp_convert_member_lookup
 .text.mp_load_method_maybe
                0x00001528       0x7c build/py/runtime.o
                0x00001528                mp_load_method_maybe
 .text.mp_raise_msg
                0x000015a4       0x12 build/py/runtime.o
                0x000015a4                mp_raise_msg
 .text.mp_raise_msg_varg
                0x000015b6       0x14 build/py/runtime.o
                0x000015b6                mp_raise_msg_varg
 *fill*         0x000015ca        0x2
 .text.m_malloc_fail
                0x000015cc       0x28 build/py/runtime.o
                0x000015cc                m_malloc_fail
 .text.mp_raise_ValueError
                0x000015f4       0x10 build/py/runtime.o
                0x000015f4                mp_raise_ValueError
 .text.mp_raise_TypeError
                0x00001604       0x10 build/py/runtime.o
                0x00001604                mp_raise_TypeError
 .text.mp_unary_op
                0x00001614      0x110 build/py/runtime.o
                0x00001614                mp_unary_op
 .text.mp_call_function_n_kw
                0x00001724       0x34 build/py/runtime.o
                0x00001724                mp_call_function_n_kw
 .text.mp_call_function_1
                0x00001758       0x14 build/py/runtime.o
                0x00001758                mp_call_function_1
 .text.mp_call_method_n_kw
                0x0000176c       0x20 build/py/runtime.o
                0x0000176c                mp_call_method_n_kw
 .text.mp_getiter
                0x0000178c       0x7c build/py/runtime.o
                0x0000178c                mp_getiter
 .text.mp_iternext_allow_raise
                0x00001808       0x50 build/py/runtime.o
                0x00001808                mp_iternext_allow_raise
 .text.mp_iternext
                0x00001858       0x84 build/py/runtime.o
                0x00001858                mp_iternext
 .text.mp_binary_op
                0x000018dc      0x28c build/py/runtime.o
                0x000018dc                mp_binary_op
 .text.mp_raise_NotImplementedError
                0x00001b68       0x10 build/py/runtime.o
                0x00001b68                mp_raise_NotImplementedError
 .text.mp_raise_type_arg
                0x00001b78       0x12 build/py/runtime.o
                0x00001b78                mp_raise_type_arg
 *fill*         0x00001b8a        0x2
 .text.mp_raise_StopIteration
                0x00001b8c       0x14 build/py/runtime.o
                0x00001b8c                mp_raise_StopIteration
 .text.mp_raise_TypeError_int_conversion
                0x00001ba0        0xc build/py/runtime.o
                0x00001ba0                mp_raise_TypeError_int_conversion
 .text.mp_raise_OSError
                0x00001bac       0x14 build/py/runtime.o
                0x00001bac                mp_raise_OSError
 .text.mp_arg_error_terse_mismatch
                0x00001bc0        0xc build/py/argcheck.o
                0x00001bc0                mp_arg_error_terse_mismatch
 .text.mp_arg_check_num_sig
                0x00001bcc       0x26 build/py/argcheck.o
                0x00001bcc                mp_arg_check_num_sig
 .text.mp_arg_parse_all
                0x00001bf2       0x9a build/py/argcheck.o
                0x00001bf2                mp_arg_parse_all
 .text.mp_map_init
                0x00001c8c       0x1a build/py/map.o
                0x00001c8c                mp_map_init
 .text.mp_map_init_fixed_table
                0x00001ca6        0xe build/py/map.o
                0x00001ca6                mp_map_init_fixed_table
 .text.mp_map_clear
                0x00001cb4       0x24 build/py/map.o
                0x00001cb4                mp_map_clear
 .text.mp_map_lookup
                0x00001cd8      0x184 build/py/map.o
                0x00001cd8                mp_map_lookup
 .text.mp_map_rehash
                0x00001e5c       0x74 build/py/map.o
 .text.mp_obj_malloc_helper
                0x00001ed0        0xc build/py/obj.o
                0x00001ed0                mp_obj_malloc_helper
 .text.mp_obj_get_type
                0x00001edc       0x18 build/py/obj.o
                0x00001edc                mp_obj_get_type
 .text.mp_obj_get_type_str
                0x00001ef4       0x10 build/py/obj.o
                0x00001ef4                mp_obj_get_type_str
 .text.mp_obj_print_helper
                0x00001f04       0x30 build/py/obj.o
                0x00001f04                mp_obj_print_helper
 .text.mp_obj_get_int_maybe
                0x00001f34       0x4c build/py/obj.o
                0x00001f34                mp_obj_get_int_maybe
 .text.mp_obj_get_int
                0x00001f80       0x18 build/py/obj.o
                0x00001f80                mp_obj_get_int
 .text.mp_obj_get_int_truncated
                0x00001f98       0x1c build/py/obj.o
                0x00001f98                mp_obj_get_int_truncated
 .text.mp_obj_get_array
                0x00001fb4       0x38 build/py/obj.o
                0x00001fb4                mp_obj_get_array
 .text.mp_get_index
                0x00001fec       0x60 build/py/obj.o
                0x00001fec                mp_get_index
 .text.mp_obj_len_maybe
                0x0000204c       0x54 build/py/obj.o
                0x0000204c                mp_obj_len_maybe
 .text.mp_obj_is_true
                0x000020a0       0x52 build/py/obj.o
                0x000020a0                mp_obj_is_true
 *fill*         0x000020f2        0x2
 .text.mp_obj_equal_not_equal
                0x000020f4       0xf8 build/py/obj.o
                0x000020f4                mp_obj_equal_not_equal
 .text.mp_obj_equal
                0x000021ec       0x14 build/py/obj.o
                0x000021ec                mp_obj_equal
 .text.mp_obj_subscr
                0x00002200       0x3c build/py/obj.o
                0x00002200                mp_obj_subscr
 .text.mp_get_buffer
                0x0000223c       0x38 build/py/obj.o
                0x0000223c                mp_get_buffer
 .text.bool_binary_op
                0x00002274       0x10 build/py/objbool.o
 .text.bool_unary_op
                0x00002284       0x18 build/py/objbool.o
 .text.bool_print
                0x0000229c       0x14 build/py/objbool.o
 .text.bool_make_new
                0x000022b0       0x22 build/py/objbool.o
 .text.mp_call_method_self_n_kw
                0x000022d2       0x64 build/py/objboundmeth.o
                0x000022d2                mp_call_method_self_n_kw
 .text.dict_unary_op
                0x00002336       0x26 build/py/objdict.o
 .text.dict_view_getiter
                0x0000235c       0x1c build/py/objdict.o
 .text.dict_view_unary_op
                0x00002378       0x18 build/py/objdict.o
 .text.dict_getiter
                0x00002390       0x18 build/py/objdict.o
 .text.dict_values
                0x000023a8       0x18 build/py/objdict.o
 .text.mp_ensure_not_fixed
                0x000023c0       0x10 build/py/objdict.o
 .text.dict_get_helper
                0x000023d0       0x50 build/py/objdict.o
 .text.dict_setdefault
                0x00002420        0x6 build/py/objdict.o
 .text.dict_pop
                0x00002426        0x6 build/py/objdict.o
 .text.dict_get
                0x0000242c        0x6 build/py/objdict.o
 .text.dict_clear
                0x00002432       0x12 build/py/objdict.o
 .text.dict_iter_next
                0x00002444       0x28 build/py/objdict.o
 .text.dict_view_it_iternext
                0x0000246c       0x36 build/py/objdict.o
 *fill*         0x000024a2        0x2
 .text.dict_view_print
                0x000024a4       0x78 build/py/objdict.o
 .text.dict_print
                0x0000251c       0x70 build/py/objdict.o
 .text.dict_popitem
                0x0000258c       0x4c build/py/objdict.o
 .text.dict_binary_op
                0x000025d8       0x70 build/py/objdict.o
 .text.dict_view_binary_op
                0x00002648       0x1a build/py/objdict.o
 *fill*         0x00002662        0x2
 .text.dict_items
                0x00002664       0x18 build/py/objdict.o
 .text.dict_keys
                0x0000267c       0x18 build/py/objdict.o
 .text.mp_obj_is_dict_or_ordereddict
                0x00002694       0x28 build/py/objdict.o
                0x00002694                mp_obj_is_dict_or_ordereddict
 .text.dict_update
                0x000026bc       0xe4 build/py/objdict.o
 .text.mp_obj_dict_init
                0x000027a0       0x10 build/py/objdict.o
                0x000027a0                mp_obj_dict_init
 .text.mp_obj_new_dict
                0x000027b0       0x16 build/py/objdict.o
                0x000027b0                mp_obj_new_dict
 .text.mp_obj_dict_make_new
                0x000027c6       0x44 build/py/objdict.o
                0x000027c6                mp_obj_dict_make_new
 .text.mp_obj_dict_copy
                0x0000280a       0x30 build/py/objdict.o
                0x0000280a                mp_obj_dict_copy
 .text.mp_obj_dict_store
                0x0000283a       0x1c build/py/objdict.o
                0x0000283a                mp_obj_dict_store
 .text.mp_obj_dict_delete
                0x00002856       0x18 build/py/objdict.o
                0x00002856                mp_obj_dict_delete
 *fill*         0x0000286e        0x2
 .text.dict_subscr
                0x00002870       0x34 build/py/objdict.o
 .text.decompress_error_text_maybe
                0x000028a4       0x64 build/py/objexcept.o
 .text.mp_obj_exception_print
                0x00002908       0x78 build/py/objexcept.o
                0x00002908                mp_obj_exception_print
 .text.mp_obj_exception_make_new
                0x00002980       0x6c build/py/objexcept.o
                0x00002980                mp_obj_exception_make_new
 .text.exc_add_strn
                0x000029ec       0x54 build/py/objexcept.o
 .text.mp_obj_is_native_exception_instance
                0x00002a40       0x30 build/py/objexcept.o
                0x00002a40                mp_obj_is_native_exception_instance
 .text.get_native_exception
                0x00002a70       0x10 build/py/objexcept.o
 .text.mp_obj_exception_get_value
                0x00002a80       0x1c build/py/objexcept.o
                0x00002a80                mp_obj_exception_get_value
 .text.mp_obj_exception_attr
                0x00002a9c       0x3a build/py/objexcept.o
                0x00002a9c                mp_obj_exception_attr
 .text.mp_obj_new_exception
                0x00002ad6        0xa build/py/objexcept.o
                0x00002ad6                mp_obj_new_exception
 .text.mp_obj_new_exception_msg
                0x00002ae0       0x48 build/py/objexcept.o
                0x00002ae0                mp_obj_new_exception_msg
 .text.mp_obj_new_exception_msg_vlist
                0x00002b28       0xa8 build/py/objexcept.o
                0x00002b28                mp_obj_new_exception_msg_vlist
 .text.mp_obj_is_exception_type
                0x00002bd0       0x34 build/py/objexcept.o
                0x00002bd0                mp_obj_is_exception_type
 .text.mp_obj_is_exception_instance
                0x00002c04       0x28 build/py/objexcept.o
                0x00002c04                mp_obj_is_exception_instance
 .text.mp_obj_exception_match
                0x00002c2c       0x20 build/py/objexcept.o
                0x00002c2c                mp_obj_exception_match
 .text.mp_obj_exception_add_traceback
                0x00002c4c       0x5c build/py/objexcept.o
                0x00002c4c                mp_obj_exception_add_traceback
 .text.fun_builtin_1_call
                0x00002ca8       0x1c build/py/objfun.o
 .text.fun_builtin_2_call
                0x00002cc4       0x1e build/py/objfun.o
 .text.fun_builtin_3_call
                0x00002ce2       0x20 build/py/objfun.o
 .text.fun_builtin_var_call
                0x00002d02       0x44 build/py/objfun.o
 *fill*         0x00002d46        0x2
 .text.it_iternext
                0x00002d48       0x54 build/py/objgetitemiter.o
 .text.mp_obj_new_getitem_iter
                0x00002d9c       0x1c build/py/objgetitemiter.o
                0x00002d9c                mp_obj_new_getitem_iter
 .text.mp_obj_int_unary_op
                0x00002db8        0x4 build/py/objint.o
                0x00002db8                mp_obj_int_unary_op
 .text.int_to_bytes
                0x00002dbc       0xc4 build/py/objint.o
 .text.mp_obj_int_make_new
                0x00002e80       0x68 build/py/objint.o
 .text.mp_int_format_size
                0x00002ee8       0x3c build/py/objint.o
                0x00002ee8                mp_int_format_size
 .text.mp_obj_int_formatted
                0x00002f24      0x110 build/py/objint.o
                0x00002f24                mp_obj_int_formatted
 .text.mp_obj_int_print
                0x00003034       0x3c build/py/objint.o
                0x00003034                mp_obj_int_print
 .text.mp_obj_int_sign
                0x00003070       0x18 build/py/objint.o
                0x00003070                mp_obj_int_sign
 .text.mp_obj_new_int_from_str_len
                0x00003088       0x14 build/py/objint.o
                0x00003088                mp_obj_new_int_from_str_len
 .text.mp_obj_new_int_from_ll
                0x0000309c       0x14 build/py/objint.o
                0x0000309c                mp_obj_new_int_from_ll
 .text.mp_obj_new_int_from_uint
                0x000030b0       0x20 build/py/objint.o
                0x000030b0                mp_obj_new_int_from_uint
 .text.int_from_bytes
                0x000030d0       0x48 build/py/objint.o
 .text.mp_obj_new_int
                0x00003118       0x20 build/py/objint.o
                0x00003118                mp_obj_new_int
 .text.mp_obj_int_get_truncated
                0x00003138        0x4 build/py/objint.o
                0x00003138                mp_obj_int_get_truncated
 .text.mp_obj_int_get_checked
                0x0000313c        0x4 build/py/objint.o
                0x0000313c                mp_obj_int_get_checked
 .text.mp_obj_int_binary_op_extra_cases
                0x00003140       0x64 build/py/objint.o
                0x00003140                mp_obj_int_binary_op_extra_cases
 .text.mp_obj_int_binary_op
                0x000031a4        0x4 build/py/objint.o
                0x000031a4                mp_obj_int_binary_op
 .text.list_unary_op
                0x000031a8       0x22 build/py/objlist.o
 *fill*         0x000031ca        0x2
 .text.list_getiter
                0x000031cc       0x1c build/py/objlist.o
 .text.list_reverse
                0x000031e8       0x2e build/py/objlist.o
 .text.list_it_iternext
                0x00003216       0x1c build/py/objlist.o
 *fill*         0x00003232        0x2
 .text.list_pop
                0x00003234       0x78 build/py/objlist.o
 .text.list_index
                0x000032ac       0x12 build/py/objlist.o
 .text.mp_obj_list_remove
                0x000032be       0x20 build/py/objlist.o
                0x000032be                mp_obj_list_remove
 .text.list_clear
                0x000032de       0x22 build/py/objlist.o
 .text.mp_obj_list_append
                0x00003300       0x42 build/py/objlist.o
                0x00003300                mp_obj_list_append
 .text.list_extend_from_iter
                0x00003342       0x22 build/py/objlist.o
 .text.list_insert
                0x00003364       0x40 build/py/objlist.o
 .text.list_count
                0x000033a4        0xa build/py/objlist.o
 *fill*         0x000033ae        0x2
 .text.list_print
                0x000033b0       0x4c build/py/objlist.o
 .text.mp_quicksort
                0x000033fc       0xae build/py/objlist.o
 *fill*         0x000034aa        0x2
 .text.mp_obj_list_sort
                0x000034ac       0x50 build/py/objlist.o
                0x000034ac                mp_obj_list_sort
 .text.list_subscr
                0x000034fc       0x42 build/py/objlist.o
 *fill*         0x0000353e        0x2
 .text.list_extend
                0x00003540       0x70 build/py/objlist.o
 .text.mp_obj_list_init
                0x000035b0       0x38 build/py/objlist.o
                0x000035b0                mp_obj_list_init
 .text.list_new
                0x000035e8       0x16 build/py/objlist.o
 *fill*         0x000035fe        0x2
 .text.list_binary_op
                0x00003600       0xcc build/py/objlist.o
 .text.mp_obj_list_make_new
                0x000036cc       0x2c build/py/objlist.o
                0x000036cc                mp_obj_list_make_new
 .text.mp_obj_new_list
                0x000036f8       0x24 build/py/objlist.o
                0x000036f8                mp_obj_new_list
 .text.list_copy
                0x0000371c        0x8 build/py/objlist.o
 .text.object_make_new
                0x00003724       0x1a build/py/objobject.o
 .text.polymorph_it_iternext
                0x0000373e        0x4 build/py/objpolyiter.o
 *fill*         0x00003742        0x2
 .text.none_print
                0x00003744        0xc build/py/objnone.o
 .text.arg_looks_integer
                0x00003750       0x28 build/py/objstr.o
 .text.mp_obj_new_str_iterator
                0x00003778       0x1c build/py/objstr.o
 .text.mp_obj_new_bytes_iterator
                0x00003794       0x1c build/py/objstr.o
 .text.bytes_it_iternext
                0x000037b0       0x3a build/py/objstr.o
 *fill*         0x000037ea        0x2
 .text.terse_str_format_value_error
                0x000037ec        0xc build/py/objstr.o
 .text.mp_obj_new_str_type_from_vstr
                0x000037f8       0x68 build/py/objstr.o
 .text.str_caseconv
                0x00003860       0x56 build/py/objstr.o
 *fill*         0x000038b6        0x2
 .text.str_lower
                0x000038b8        0xc build/py/objstr.o
 .text.str_upper
                0x000038c4        0xc build/py/objstr.o
 .text.str_join
                0x000038d0      0x108 build/py/objstr.o
 .text.str_uni_istype
                0x000039d8       0x84 build/py/objstr.o
 .text.str_isspace
                0x00003a5c        0xc build/py/objstr.o
 .text.str_isalpha
                0x00003a68        0xc build/py/objstr.o
 .text.str_isdigit
                0x00003a74        0xc build/py/objstr.o
 .text.str_isupper
                0x00003a80        0xc build/py/objstr.o
 .text.str_islower
                0x00003a8c        0xc build/py/objstr.o
 .text.str_to_int
                0x00003a98       0x30 build/py/objstr.o
 .text.mp_obj_str_get_buffer
                0x00003ac8       0x34 build/py/objstr.o
                0x00003ac8                mp_obj_str_get_buffer
 .text.str_check_arg_type
                0x00003afc       0x1c build/py/objstr.o
 .text.mp_str_print_quoted
                0x00003b18       0xcc build/py/objstr.o
                0x00003b18                mp_str_print_quoted
 .text.str_print
                0x00003be4       0x6c build/py/objstr.o
 .text.find_subbytes
                0x00003c50       0x42 build/py/objstr.o
                0x00003c50                find_subbytes
 *fill*         0x00003c92        0x2
 .text.mp_obj_str_binary_op
                0x00003c94      0x16c build/py/objstr.o
                0x00003c94                mp_obj_str_binary_op
 .text.str_replace
                0x00003e00      0x14e build/py/objstr.o
 *fill*         0x00003f4e        0x2
 .text.str_finder
                0x00003f50       0xcc build/py/objstr.o
 .text.str_find
                0x0000401c        0x8 build/py/objstr.o
 .text.str_rfind
                0x00004024        0xa build/py/objstr.o
 .text.str_index
                0x0000402e        0x8 build/py/objstr.o
 .text.str_rindex
                0x00004036        0xa build/py/objstr.o
 .text.mp_obj_new_str_copy
                0x00004040       0x38 build/py/objstr.o
                0x00004040                mp_obj_new_str_copy
 .text.mp_obj_new_str_via_qstr
                0x00004078        0xe build/py/objstr.o
                0x00004078                mp_obj_new_str_via_qstr
 *fill*         0x00004086        0x2
 .text.bytes_subscr
                0x00004088       0x5c build/py/objstr.o
 .text.str_it_iternext
                0x000040e4       0x3c build/py/objstr.o
 .text.mp_obj_new_str_from_vstr
                0x00004120        0xc build/py/objstr.o
                0x00004120                mp_obj_new_str_from_vstr
 .text.mp_obj_new_bytes_from_vstr
                0x0000412c        0xc build/py/objstr.o
                0x0000412c                mp_obj_new_bytes_from_vstr
 .text.mp_obj_new_str
                0x00004138       0x28 build/py/objstr.o
                0x00004138                mp_obj_new_str
 .text.mp_obj_str_make_new
                0x00004160       0x98 build/py/objstr.o
                0x00004160                mp_obj_str_make_new
 .text.mp_obj_new_bytes
                0x000041f8       0x10 build/py/objstr.o
                0x000041f8                mp_obj_new_bytes
 .text.bytes_make_new
                0x00004208      0x108 build/py/objstr.o
 .text.mp_obj_new_str_of_type
                0x00004310       0x18 build/py/objstr.o
                0x00004310                mp_obj_new_str_of_type
 .text.str_uni_strip
                0x00004328      0x114 build/py/objstr.o
 .text.str_strip
                0x0000443c        0xa build/py/objstr.o
 .text.str_lstrip
                0x00004446        0xa build/py/objstr.o
 .text.str_rstrip
                0x00004450        0xa build/py/objstr.o
 .text.mp_obj_str_equal
                0x0000445a       0x8e build/py/objstr.o
                0x0000445a                mp_obj_str_equal
 .text.mp_obj_str_get_qstr
                0x000044e8       0x34 build/py/objstr.o
                0x000044e8                mp_obj_str_get_qstr
 .text.mp_obj_str_get_data
                0x0000451c       0x48 build/py/objstr.o
                0x0000451c                mp_obj_str_get_data
 .text.mp_obj_str_split
                0x00004564      0x138 build/py/objstr.o
                0x00004564                mp_obj_str_split
 .text.str_rsplit
                0x0000469c      0x118 build/py/objstr.o
 .text.str_startendswith
                0x000047b4       0xc8 build/py/objstr.o
 .text.str_startswith
                0x0000487c        0x6 build/py/objstr.o
 .text.str_endswith
                0x00004882        0x6 build/py/objstr.o
 .text.mp_obj_str_format_helper
                0x00004888      0x498 build/py/objstr.o
 .text.mp_obj_str_format
                0x00004d20       0x4c build/py/objstr.o
                0x00004d20                mp_obj_str_format
 .text.tuple_it_iternext
                0x00004d6c       0x1c build/py/objtuple.o
 .text.mp_obj_tuple_getiter
                0x00004d88       0x1c build/py/objtuple.o
                0x00004d88                mp_obj_tuple_getiter
 .text.mp_obj_tuple_print
                0x00004da4       0x60 build/py/objtuple.o
                0x00004da4                mp_obj_tuple_print
 .text.tuple_index
                0x00004e04       0x10 build/py/objtuple.o
 .text.tuple_count
                0x00004e14        0xc build/py/objtuple.o
 .text.mp_obj_tuple_unary_op
                0x00004e20       0x54 build/py/objtuple.o
                0x00004e20                mp_obj_tuple_unary_op
 .text.mp_obj_tuple_subscr
                0x00004e74       0x1e build/py/objtuple.o
                0x00004e74                mp_obj_tuple_subscr
 *fill*         0x00004e92        0x2
 .text.mp_obj_new_tuple
                0x00004e94       0x3c build/py/objtuple.o
                0x00004e94                mp_obj_new_tuple
 .text.mp_obj_tuple_make_new
                0x00004ed0       0x7c build/py/objtuple.o
 .text.mp_obj_tuple_binary_op
                0x00004f4c       0xf4 build/py/objtuple.o
                0x00004f4c                mp_obj_tuple_binary_op
 .text.instance_count_native_bases
                0x00005040       0x28 build/py/objtype.o
 .text.native_base_init_wrapper
                0x00005068       0x34 build/py/objtype.o
 .text.mp_obj_class_lookup
                0x0000509c       0xac build/py/objtype.o
 .text.type_attr
                0x00005148       0x60 build/py/objtype.o
 .text.type_call
                0x000051a8       0x20 build/py/objtype.o
 .text.mp_obj_instance_getiter
                0x000051c8       0x6a build/py/objtype.o
                0x000051c8                mp_obj_instance_getiter
 .text.mp_obj_instance_attr
                0x00005232       0x8a build/py/objtype.o
 .text.type_print
                0x000052bc        0xc build/py/objtype.o
 .text.static_class_method_make_new
                0x000052c8       0x20 build/py/objtype.o
 .text.instance_subscr
                0x000052e8       0x6e build/py/objtype.o
 *fill*         0x00005356        0x2
 .text.instance_binary_op
                0x00005358       0x70 build/py/objtype.o
 .text.instance_unary_op
                0x000053c8       0x9c build/py/objtype.o
 .text.instance_print
                0x00005464       0x9c build/py/objtype.o
 .text.instance_get_buffer
                0x00005500       0x4e build/py/objtype.o
 *fill*         0x0000554e        0x2
 .text.type_make_new
                0x00005550      0x194 build/py/objtype.o
 .text.mp_obj_instance_make_new
                0x000056e4      0x15c build/py/objtype.o
 .text.mp_obj_instance_call
                0x00005840       0x5c build/py/objtype.o
                0x00005840                mp_obj_instance_call
 .text.mp_obj_is_subclass_fast
                0x0000589c       0x30 build/py/objtype.o
                0x0000589c                mp_obj_is_subclass_fast
 .text.mp_obj_cast_to_native_base
                0x000058cc       0x20 build/py/objtype.o
                0x000058cc                mp_obj_cast_to_native_base
 .text.op_getitem
                0x000058ec       0x1e build/py/opmethods.o
 .text.op_setitem
                0x0000590a       0x20 build/py/opmethods.o
 .text.op_delitem
                0x0000592a       0x1e build/py/opmethods.o
 .text.mp_seq_multiply
                0x00005948       0x26 build/py/sequence.o
                0x00005948                mp_seq_multiply
 .text.mp_seq_cmp_bytes
                0x0000596e       0x68 build/py/sequence.o
                0x0000596e                mp_seq_cmp_bytes
 .text.mp_seq_cmp_objs
                0x000059d6       0x88 build/py/sequence.o
                0x000059d6                mp_seq_cmp_objs
 *fill*         0x00005a5e        0x2
 .text.mp_seq_index_obj
                0x00005a60       0x68 build/py/sequence.o
                0x00005a60                mp_seq_index_obj
 .text.mp_seq_count_obj
                0x00005ac8       0x2e build/py/sequence.o
                0x00005ac8                mp_seq_count_obj
 .text.mp_get_stream
                0x00005af6        0xc build/py/stream.o
 .text.stream_unbuffered_readline
                0x00005b02       0x8a build/py/stream.o
 .text.mp_stream_unbuffered_iter
                0x00005b8c       0x1e build/py/stream.o
                0x00005b8c                mp_stream_unbuffered_iter
 .text.mp_binary_set_int
                0x00005baa       0x2a build/py/binary.o
                0x00005baa                mp_binary_set_int
 .text.mp_builtin_next
                0x00005bd4       0x18 build/py/modbuiltins.o
 .text.mp_small_int_modulo
                0x00005bec       0x1c build/py/smallint.o
                0x00005bec                mp_small_int_modulo
 .text.mp_small_int_floor_divide
                0x00005c08       0x1c build/py/smallint.o
                0x00005c08                mp_small_int_floor_divide
 .text.startup.main
                0x00005c24       0x38 build/main.o
                0x00005c24                main
 .text.Reset_Handler
                0x00005c5c       0x5c build/main.o
                0x00005c5c                Reset_Handler
 .text.gc_collect
                0x00005cb8       0x24 build/main.o
                0x00005cb8                gc_collect
 .text.nlr_jump_fail
                0x00005cdc        0x2 build/main.o
                0x00005cdc                nlr_jump_fail
 .text.mp_hal_init
                0x00005cde        0x8 build/mphalport.o
                0x00005cde                mp_hal_init
 *fill*         0x00005ce6        0x2
 .text.uart_init
                0x00005ce8       0x20 build/uart.o
                0x00005ce8                uart_init
 .text          0x00005d08       0xa0 /usr/lib/gcc/arm-none-eabi/13.2.1/../../../arm-none-eabi/lib/thumb/v7-m/nofp/libg.a(libc_a-memset.o)
                0x00005d08                memset
 .text          0x00005da8       0xd0 /usr/lib/gcc/arm-none-eabi/13.2.1/../../../arm-none-eabi/lib/thumb/v7-m/nofp/libg.a(libc_a-strchr.o)
                0x00005da8                strchr
 .text          0x00005e78       0x8c /usr/lib/gcc/arm-none-eabi/13.2.1/../../../arm-none-eabi/lib/thumb/v7-m/nofp/libg.a(libc_a-strncmp.o)
                0x00005e78                strncmp
 .text          0x00005f04       0xfc /usr/lib/gcc/arm-none-eabi/13.2.1/../../../arm-none-eabi/lib/thumb/v7-m/nofp/libg.a(libc_a-memmove.o)
                0x00005f04                memmove
 .text          0x00006000       0x5c /usr/lib/gcc/arm-none-eabi/13.2.1/../../../arm-none-eabi/lib/thumb/v7-m/nofp/libg.a(libc_a-memcmp.o)
                0x00006000                memcmp
 .text          0x0000605c       0xec /usr/lib/gcc/arm-none-eabi/13.2.1/../../../arm-none-eabi/lib/thumb/v7-m/nofp/libg.a(libc_a-memcpy.o)
                0x0000605c                memcpy
 .text          0x00006148       0x5c /usr/lib/gcc/arm-none-eabi/13.2.1/../../../arm-none-eabi/lib/thumb/v7-m/nofp/libg.a(libc_a-strlen-stub.o)
                0x00006148                strlen
 *(.rodata*)
 .rodata.qstr_from_strn.str1.1
                0x000061a4      0xbf5 build/py/qstr.o
                                  0x5 (size before relaxing)
 .rodata.mp_decompress_rom_string.str1.1
                0x00006d99      0x2fd build/py/qstr.o
 .rodata.str1.1
                0x00006d99      0x6c6 build/py/qstr.o
 *fill*         0x00006d99        0x3
 .rodata.mp_qstr_const_pool
                0x00006d9c       0x98 build/py/qstr.o
                0x00006d9c                mp_qstr_const_pool
 .rodata.mp_qstr_const_lengths
                0x00006e34       0x21 build/py/qstr.o
                0x00006e34                mp_qstr_const_lengths
 *fill*         0x00006e55        0x3
 .rodata.mp_qstr_const_pool_static
                0x00006e58      0x2f0 build/py/qstr.o
                0x00006e58                mp_qstr_const_pool_static
 .rodata.mp_qstr_const_lengths_static
                0x00007148       0xb7 build/py/qstr.o
                0x00007148                mp_qstr_const_lengths_static
 .rodata.mp_print_mp_int.str1.1
                0x000071ff        0x1 build/py/mpprint.o
 .rodata.mp_vprintf.str1.1
                0x000071ff        0xb build/py/mpprint.o
 .rodata.pad_common
                0x000071ff       0x17 build/py/mpprint.o
 .rodata.pad_spaces
                0x00007216       0x10 build/py/mpprint.o
 .rodata.attr   0x00007226       0x80 build/py/unicode.o
 .rodata.mp_parse_num_integer.str1.1
                0x000072a6       0x17 build/py/parsenum.o
 .rodata.m_malloc_fail.str1.1
                0x000072a6       0x40 build/py/runtime.o
 .rodata.mp_unary_op.str1.1
                0x000072a6       0x17 build/py/runtime.o
 .rodata.mp_call_function_n_kw.str1.1
                0x000072a6        0x5 build/py/runtime.o
 .rodata.mp_getiter.str1.1
                0x000072a6        0x5 build/py/runtime.o
 .rodata.mp_iternext_allow_raise.str1.1
                0x000072a6        0x6 build/py/runtime.o
 .rodata.mp_binary_op.str1.1
                0x000072a6       0x1a build/py/runtime.o
 .rodata.mp_raise_TypeError_int_conversion.str1.1
                0x000072a6        0x6 build/py/runtime.o
 .rodata.mp_arg_error_terse_mismatch.str1.1
                0x000072a6       0x15 build/py/argcheck.o
 .rodata.hash_allocation_sizes
                0x000072a6       0x44 build/py/map.o
 .rodata.mp_obj_print_helper.str1.1
                0x000072ea        0x5 build/py/obj.o
 .rodata.mp_obj_get_array.str1.1
                0x000072ea        0x4 build/py/obj.o
 .rodata.mp_get_index.str1.1
                0x000072ea        0xc build/py/obj.o
 .rodata.mp_obj_subscr.str1.1
                0x000072ea       0x1f build/py/obj.o
 .rodata.mp_get_buffer.str1.1
                0x000072ea        0xe build/py/obj.o
 *fill*         0x000072ea        0x2
 .rodata.types.0
                0x000072ec       0x40 build/py/obj.o
 .rodata.bool_print.str1.1
                0x0000732c        0xb build/py/objbool.o
 .rodata.mp_type_bool
                0x0000732c       0x24 build/py/objbool.o
                0x0000732c                mp_type_bool
 .rodata.dict_view_print.str1.1
                0x00007350        0x9 build/py/objdict.o
 .rodata.dict_print.str1.1
                0x00007350        0x7 build/py/objdict.o
 .rodata.dict_popitem.str1.1
                0x00007350        0xf build/py/objdict.o
 .rodata.dict_update.str1.1
                0x00007350        0xd build/py/objdict.o
 .rodata.dict_locals_dict
                0x00007350       0x10 build/py/objdict.o
 .rodata.dict_locals_dict_table
                0x00007360       0x68 build/py/objdict.o
 .rodata.dict_values_obj
                0x000073c8        0x8 build/py/objdict.o
 .rodata.dict_keys_obj
                0x000073d0        0x8 build/py/objdict.o
 .rodata.dict_items_obj
                0x000073d8        0x8 build/py/objdict.o
 .rodata.str1.1
                0x000073e0       0x21 build/py/objdict.o
 .rodata.mp_dict_view_names
                0x000073e0        0xc build/py/objdict.o
 .rodata.mp_type_dict_view_it
                0x000073ec       0x18 build/py/objdict.o
 .rodata.mp_type_dict_view
                0x00007404       0x24 build/py/objdict.o
 .rodata.dict_update_obj
                0x00007428        0xc build/py/objdict.o
 .rodata.dict_popitem_obj
                0x00007434        0x8 build/py/objdict.o
 .rodata.dict_setdefault_obj
                0x0000743c        0xc build/py/objdict.o
 .rodata.dict_pop_obj
                0x00007448        0xc build/py/objdict.o
 .rodata.dict_get_obj
                0x00007454        0xc build/py/objdict.o
 .rodata.dict_copy_obj
                0x00007460        0x8 build/py/objdict.o
 .rodata.dict_clear_obj
                0x00007468        0x8 build/py/objdict.o
 .rodata.mp_type_dict
                0x00007470       0x30 build/py/objdict.o
                0x00007470                mp_type_dict
 .rodata.mp_obj_exception_print.str1.1
                0x000074a0        0x4 build/py/objexcept.o
 .rodata.mp_type_ValueError
                0x000074a0       0x24 build/py/objexcept.o
                0x000074a0                mp_type_ValueError
 .rodata.mp_type_TypeError
                0x000074c4       0x24 build/py/objexcept.o
                0x000074c4                mp_type_TypeError
 .rodata.mp_type_SyntaxError
                0x000074e8       0x24 build/py/objexcept.o
                0x000074e8                mp_type_SyntaxError
 .rodata.mp_type_NotImplementedError
                0x0000750c       0x24 build/py/objexcept.o
                0x0000750c                mp_type_NotImplementedError
 .rodata.mp_type_RuntimeError
                0x00007530       0x24 build/py/objexcept.o
                0x00007530                mp_type_RuntimeError
 .rodata.mp_type_OSError
                0x00007554       0x24 build/py/objexcept.o
                0x00007554                mp_type_OSError
 .rodata.mp_type_MemoryError
                0x00007578       0x24 build/py/objexcept.o
                0x00007578                mp_type_MemoryError
 .rodata.mp_type_KeyError
                0x0000759c       0x24 build/py/objexcept.o
                0x0000759c                mp_type_KeyError
 .rodata.mp_type_IndexError
                0x000075c0       0x24 build/py/objexcept.o
                0x000075c0                mp_type_IndexError
 .rodata.mp_type_LookupError
                0x000075e4       0x24 build/py/objexcept.o
                0x000075e4                mp_type_LookupError
 .rodata.mp_type_ZeroDivisionError
                0x00007608       0x24 build/py/objexcept.o
                0x00007608                mp_type_ZeroDivisionError
 .rodata.mp_type_OverflowError
                0x0000762c       0x24 build/py/objexcept.o
                0x0000762c                mp_type_OverflowError
 .rodata.mp_type_ArithmeticError
                0x00007650       0x24 build/py/objexcept.o
                0x00007650                mp_type_ArithmeticError
 .rodata.mp_type_StopIteration
                0x00007674       0x24 build/py/objexcept.o
                0x00007674                mp_type_StopIteration
 .rodata.mp_type_Exception
                0x00007698       0x24 build/py/objexcept.o
                0x00007698                mp_type_Exception
 .rodata.mp_type_BaseException
                0x000076bc       0x20 build/py/objexcept.o
                0x000076bc                mp_type_BaseException
 .rodata.mp_type_fun_builtin_var
                0x000076dc       0x18 build/py/objfun.o
                0x000076dc                mp_type_fun_builtin_var
 .rodata.mp_type_fun_builtin_3
                0x000076f4       0x18 build/py/objfun.o
                0x000076f4                mp_type_fun_builtin_3
 .rodata.mp_type_fun_builtin_2
                0x0000770c       0x18 build/py/objfun.o
                0x0000770c                mp_type_fun_builtin_2
 .rodata.mp_type_fun_builtin_1
                0x00007724       0x18 build/py/objfun.o
                0x00007724                mp_type_fun_builtin_1
 .rodata.mp_type_it
                0x0000773c       0x18 build/py/objgetitemiter.o
 .rodata.int_to_bytes.str1.1
                0x00007754        0x5 build/py/objint.o
 .rodata.mp_obj_new_int_from_str_len.str1.1
                0x00007754        0xc build/py/objint.o
 .rodata.mp_obj_new_int_from_ll.str1.1
                0x00007754        0xc build/py/objint.o
 .rodata.int_locals_dict
                0x00007754       0x10 build/py/objint.o
 .rodata.int_locals_dict_table
                0x00007764       0x10 build/py/objint.o
 .rodata.int_to_bytes_obj
                0x00007774        0xc build/py/objint.o
 .rodata.int_from_bytes_obj
                0x00007780        0x8 build/py/objint.o
 .rodata.int_from_bytes_fun_obj
                0x00007788        0xc build/py/objint.o
 .rodata.mp_type_int
                0x00007794       0x28 build/py/objint.o
                0x00007794                mp_type_int
 .rodata.log_base2_floor
                0x000077bc       0x10 build/py/objint.o
 .rodata.list_pop.str1.1
                0x000077cc        0x8 build/py/objlist.o
 .rodata.list_print.str1.1
                0x000077cc        0x7 build/py/objlist.o
 .rodata.allowed_args.0
                0x000077cc       0x10 build/py/objlist.o
 .rodata.list_locals_dict
                0x000077dc       0x10 build/py/objlist.o
 .rodata.list_locals_dict_table
                0x000077ec       0x58 build/py/objlist.o
 .rodata.list_sort_obj
                0x00007844        0xc build/py/objlist.o
 .rodata.list_reverse_obj
                0x00007850        0x8 build/py/objlist.o
 .rodata.list_remove_obj
                0x00007858        0x8 build/py/objlist.o
 .rodata.list_pop_obj
                0x00007860        0xc build/py/objlist.o
 .rodata.list_insert_obj
                0x0000786c        0x8 build/py/objlist.o
 .rodata.list_index_obj
                0x00007874        0xc build/py/objlist.o
 .rodata.list_count_obj
                0x00007880        0x8 build/py/objlist.o
 .rodata.list_copy_obj
                0x00007888        0x8 build/py/objlist.o
 .rodata.list_clear_obj
                0x00007890        0x8 build/py/objlist.o
 .rodata.list_extend_obj
                0x00007898        0x8 build/py/objlist.o
 .rodata.list_append_obj
                0x000078a0        0x8 build/py/objlist.o
 .rodata.mp_type_list
                0x000078a8       0x30 build/py/objlist.o
                0x000078a8                mp_type_list
 .rodata.mp_type_object
                0x000078d8       0x18 build/py/objobject.o
                0x000078d8                mp_type_object
 .rodata.mp_type_polymorph_iter
                0x000078f0       0x18 build/py/objpolyiter.o
                0x000078f0                mp_type_polymorph_iter
 .rodata.none_print.str1.1
                0x00007908        0x5 build/py/objnone.o
 .rodata.mp_type_NoneType
                0x00007908       0x18 build/py/objnone.o
                0x00007908                mp_type_NoneType
 .rodata.terse_str_format_value_error.str1.1
                0x00007920        0xa build/py/objstr.o
 .rodata.str_join.str1.1
                0x00007920       0x1f build/py/objstr.o
 .rodata.str_check_arg_type.str1.1
                0x00007920        0x9 build/py/objstr.o
 .rodata.mp_str_print_quoted.str1.1
                0x00007920       0x1a build/py/objstr.o
 .rodata.str_print.str1.1
                0x00007920        0x2 build/py/objstr.o
 .rodata.str_finder.str1.1
                0x00007920        0xd build/py/objstr.o
 .rodata.bytes_make_new.str1.1
                0x00007920        0x6 build/py/objstr.o
 .rodata.mp_obj_str_split.str1.1
                0x00007920        0xc build/py/objstr.o
 .rodata.str_rsplit.str1.1
                0x00007920        0xf build/py/objstr.o
 .rodata.mp_obj_str_format_helper.str1.1
                0x00007920       0x21 build/py/objstr.o
 .rodata.whitespace.0
                0x00007920        0x7 build/py/objstr.o
 .rodata.str1.1
                0x00007927        0x1 build/py/objstr.o
 *fill*         0x00007927        0x1
 .rodata.mp_const_empty_bytes_obj
                0x00007928       0x10 build/py/objstr.o
                0x00007928                mp_const_empty_bytes_obj
 .rodata.mp_obj_str_locals_dict
                0x00007938       0x10 build/py/objstr.o
                0x00007938                mp_obj_str_locals_dict
 .rodata.array_bytearray_str_bytes_locals_table
                0x00007948       0xa8 build/py/objstr.o
 .rodata.str_islower_obj
                0x000079f0        0x8 build/py/objstr.o
                0x000079f0                str_islower_obj
 .rodata.str_isupper_obj
                0x000079f8        0x8 build/py/objstr.o
                0x000079f8                str_isupper_obj
 .rodata.str_isdigit_obj
                0x00007a00        0x8 build/py/objstr.o
                0x00007a00                str_isdigit_obj
 .rodata.str_isalpha_obj
                0x00007a08        0x8 build/py/objstr.o
                0x00007a08                str_isalpha_obj
 .rodata.str_isspace_obj
                0x00007a10        0x8 build/py/objstr.o
                0x00007a10                str_isspace_obj
 .rodata.str_upper_obj
                0x00007a18        0x8 build/py/objstr.o
                0x00007a18                str_upper_obj
 .rodata.str_lower_obj
                0x00007a20        0x8 build/py/objstr.o
                0x00007a20                str_lower_obj
 .rodata.str_replace_obj
                0x00007a28        0xc build/py/objstr.o
                0x00007a28                str_replace_obj
 .rodata.str_format_obj
                0x00007a34        0xc build/py/objstr.o
                0x00007a34                str_format_obj
 .rodata.str_rstrip_obj
                0x00007a40        0xc build/py/objstr.o
                0x00007a40                str_rstrip_obj
 .rodata.str_lstrip_obj
                0x00007a4c        0xc build/py/objstr.o
                0x00007a4c                str_lstrip_obj
 .rodata.str_strip_obj
                0x00007a58        0xc build/py/objstr.o
                0x00007a58                str_strip_obj
 .rodata.str_endswith_obj
                0x00007a64        0xc build/py/objstr.o
                0x00007a64                str_endswith_obj
 .rodata.str_startswith_obj
                0x00007a70        0xc build/py/objstr.o
                0x00007a70                str_startswith_obj
 .rodata.str_rindex_obj
                0x00007a7c        0xc build/py/objstr.o
                0x00007a7c                str_rindex_obj
 .rodata.str_index_obj
                0x00007a88        0xc build/py/objstr.o
                0x00007a88                str_index_obj
 .rodata.str_rfind_obj
                0x00007a94        0xc build/py/objstr.o
                0x00007a94                str_rfind_obj
 .rodata.str_find_obj
                0x00007aa0        0xc build/py/objstr.o
                0x00007aa0                str_find_obj
 .rodata.str_rsplit_obj
                0x00007aac        0xc build/py/objstr.o
                0x00007aac                str_rsplit_obj
 .rodata.str_split_obj
                0x00007ab8        0xc build/py/objstr.o
                0x00007ab8                str_split_obj
 .rodata.str_join_obj
                0x00007ac4        0x8 build/py/objstr.o
                0x00007ac4                str_join_obj
 .rodata.mp_type_str
                0x00007acc       0x30 build/py/objstr.o
                0x00007acc                mp_type_str
 .rodata.mp_type_bytes
                0x00007afc       0x30 build/py/objstr.o
                0x00007afc                mp_type_bytes
 .rodata.mp_obj_tuple_print.str1.1
                0x00007b2c        0x9 build/py/objtuple.o
 .rodata.mp_const_empty_tuple_obj
                0x00007b2c        0x8 build/py/objtuple.o
                0x00007b2c                mp_const_empty_tuple_obj
 .rodata.tuple_locals_dict
                0x00007b34       0x10 build/py/objtuple.o
 .rodata.tuple_locals_dict_table
                0x00007b44       0x10 build/py/objtuple.o
 .rodata.tuple_index_obj
                0x00007b54        0xc build/py/objtuple.o
 .rodata.tuple_count_obj
                0x00007b60        0x8 build/py/objtuple.o
 .rodata.mp_type_tuple
                0x00007b68       0x30 build/py/objtuple.o
                0x00007b68                mp_type_tuple
 .rodata.type_call.str1.1
                0x00007b98        0x5 build/py/objtype.o
 .rodata.type_print.str1.1
                0x00007b98        0xd build/py/objtype.o
 .rodata.instance_print.str1.1
                0x00007b98       0x12 build/py/objtype.o
 .rodata.type_make_new.str1.1
                0x00007b98       0x28 build/py/objtype.o
 .rodata.mp_obj_instance_make_new.str1.1
                0x00007b98       0x11 build/py/objtype.o
 .rodata.mp_obj_instance_call.str1.1
                0x00007b98        0x5 build/py/objtype.o
 .rodata.mp_type_classmethod
                0x00007b98       0x18 build/py/objtype.o
                0x00007b98                mp_type_classmethod
 .rodata.mp_type_staticmethod
                0x00007bb0       0x18 build/py/objtype.o
                0x00007bb0                mp_type_staticmethod
 .rodata.mp_type_type
                0x00007bc8       0x24 build/py/objtype.o
                0x00007bc8                mp_type_type
 .rodata.mp_binary_op_method_name
                0x00007bec       0x25 build/py/objtype.o
                0x00007bec                mp_binary_op_method_name
 .rodata.mp_unary_op_method_name
                0x00007c11        0xc build/py/objtype.o
                0x00007c11                mp_unary_op_method_name
 *fill*         0x00007c1d        0x3
 .rodata.mp_native_base_init_wrapper_obj
                0x00007c20        0xc build/py/objtype.o
                0x00007c20                mp_native_base_init_wrapper_obj
 .rodata.mp_op_delitem_obj
                0x00007c2c        0x8 build/py/opmethods.o
                0x00007c2c                mp_op_delitem_obj
 .rodata.mp_op_setitem_obj
                0x00007c34        0x8 build/py/opmethods.o
                0x00007c34                mp_op_setitem_obj
 .rodata.mp_op_getitem_obj
                0x00007c3c        0x8 build/py/opmethods.o
                0x00007c3c                mp_op_getitem_obj
 .rodata.mp_seq_index_obj.str1.1
                0x00007c44        0x6 build/py/sequence.o
 .rodata.mp_builtin_next_obj
                0x00007c44        0x8 build/py/modbuiltins.o
                0x00007c44                mp_builtin_next_obj
                0x00007c4c                        _etext = .

.glue_7         0x00007c4c        0x0
 .glue_7        0x00007c4c        0x0 linker stubs

.glue_7t        0x00007c4c        0x0
 .glue_7t       0x00007c4c        0x0 linker stubs

.vfp11_veneer   0x00007c4c        0x0
 .vfp11_veneer  0x00007c4c        0x0 linker stubs

.v4_bx          0x00007c4c        0x0
 .v4_bx         0x00007c4c        0x0 linker stubs

.init           0x00007c4c        0x4
 .init          0x00007c4c        0x4 /usr/lib/gcc/arm-none-eabi/13.2.1/thumb/v7-m/nofp/crti.o
                0x00007c4c                _init

.fini           0x00007c50        0x4
 .fini          0x00007c50        0x4 /usr/lib/gcc/arm-none-eabi/13.2.1/thumb/v7-m/nofp/crti.o
                0x00007c50                _fini

.iplt           0x00007c54        0x0
 .iplt          0x00007c54        0x0 build/py/nlr.o

.rel.dyn        0x00007c54        0x0
 .rel.iplt      0x00007c54        0x0 build/py/nlr.o

.ARM.exidx      0x00007c54        0x8
 .ARM.exidx     0x00007c54        0x8 /usr/lib/gcc/arm-none-eabi/13.2.1/../../../arm-none-eabi/lib/thumb/v7-m/nofp/libg.a(libc_a-memcpy.o)

.data           0x20000000        0x0 load address 0x00007c4c
                0x20000000                        _sdata = .
 *(.data*)
                0x20000000                        _edata = .

.igot.plt       0x20000000        0x0
 .igot.plt      0x20000000        0x0 build/py/nlr.o

.bss            0x20000000     0x41b8
                0x20000000                        _sbss = .
 *(.bss*)
 .bss.mp_state_ctx
                0x20000000      0x1b4 build/py/mpstate.o
                0x20000000                mp_state_ctx
 .bss.stack_top
                0x200001b4        0x4 build/main.o
 .bss.heap      0x200001b8     0x4000 build/main.o
 *(COMMON)
                0x200041b8                        _ebss = .
                0x200041b8                        _end = .
                0x200041b8                        end = .

.stack          0x200041b8      0x800
                0x200041b8                        . = ALIGN (0x8)
                0x200049b8                        . = (. + STACK_SIZE)
 *fill*         0x200041b8      0x800
                0x200049b8                        _estack = .
OUTPUT(build/firmware.elf elf32-littlearm)
LOAD linker stubs

.ARM.attributes
                0x00000000       0x29
 .ARM.attributes
                0x00000000       0x1d /usr/lib/gcc/arm-none-eabi/13.2.1/thumb/v7-m/nofp/crti.o
 .ARM.attributes
                0x0000001d       0x2d build/py/mpstate.o
 .ARM.attributes
                0x0000004a       0x2d build/py/nlr.o
 .ARM.attributes
                0x00000077       0x2d build/py/nlrthumb.o
 .ARM.attributes
                0x000000a4       0x2d build/py/malloc.o
 .ARM.attributes
                0x000000d1       0x2d build/py/gc.o
 .ARM.attributes
                0x000000fe       0x2d build/py/qstr.o
 .ARM.attributes
                0x0000012b       0x2d build/py/vstr.o
 .ARM.attributes
                0x00000158       0x2d build/py/mpprint.o
 .ARM.attributes
                0x00000185       0x2d build/py/unicode.o
 .ARM.attributes
                0x000001b2       0x2d build/py/parsenumbase.o
 .ARM.attributes
                0x000001df       0x2d build/py/parsenum.o
 .ARM.attributes
                0x0000020c       0x2d build/py/runtime.o
 .ARM.attributes
                0x00000239       0x2d build/py/argcheck.o
 .ARM.attributes
                0x00000266       0x2d build/py/map.o
 .ARM.attributes
                0x00000293       0x2d build/py/obj.o
 .ARM.attributes
                0x000002c0       0x2d build/py/objbool.o
 .ARM.attributes
                0x000002ed       0x2d build/py/objboundmeth.o
 .ARM.attributes
                0x0000031a       0x2d build/py/objdict.o
 .ARM.attributes
                0x00000347       0x2d build/py/objexcept.o
 .ARM.attributes
                0x00000374       0x2d build/py/objfun.o
 .ARM.attributes
                0x000003a1       0x2d build/py/objgetitemiter.o
 .ARM.attributes
                0x000003ce       0x2d build/py/objint.o
 .ARM.attributes
                0x000003fb       0x2d build/py/objlist.o
 .ARM.attributes
                0x00000428       0x2d build/py/objobject.o
 .ARM.attributes
                0x00000455       0x2d build/py/objpolyiter.o
 .ARM.attributes
                0x00000482       0x2d build/py/objnone.o
 .ARM.attributes
                0x000004af       0x2d build/py/objstr.o
 .ARM.attributes
                0x000004dc       0x2d build/py/objtuple.o
 .ARM.attributes
                0x00000509       0x2d build/py/objtype.o
 .ARM.attributes
                0x00000536       0x2d build/py/opmethods.o
 .ARM.attributes
                0x00000563       0x2d build/py/sequence.o
 .ARM.attributes
                0x00000590       0x2d build/py/stream.o
 .ARM.attributes
                0x000005bd       0x2d build/py/binary.o
 .ARM.attributes
                0x000005ea       0x2d build/py/modbuiltins.o
 .ARM.attributes
                0x00000617       0x2d build/py/smallint.o
 .ARM.attributes
                0x00000644       0x2d build/main.o
 .ARM.attributes
                0x00000671       0x2d build/mphalport.o
 .ARM.attributes
                0x0000069e       0x2d build/uart.o
 .ARM.attributes
                0x000006cb       0x2d /usr/lib/gcc/arm-none-eabi/13.2.1/../../../arm-none-eabi/lib/thumb/v7-m/nofp/libg.a(libc_a-memset.o)
 .ARM.attributes
                0x000006f8       0x2d /usr/lib/gcc/arm-none-eabi/13.2.1/../../../arm-none-eabi/lib/thumb/v7-m/nofp/libg.a(libc_a-strchr.o)
 .ARM.attributes
                0x00000725       0x2d /usr/lib/gcc/arm-none-eabi/13.2.1/../../../arm-none-eabi/lib/thumb/v7-m/nofp/libg.a(libc_a-strncmp.o)
 .ARM.attributes
                0x00000752       0x2d /usr/lib/gcc/arm-none-eabi/13.2.1/../../../arm-none-eabi/lib/thumb/v7-m/nofp/libg.a(libc_a-memmove.o)
 .ARM.attributes
                0x0000077f       0x2d /usr/lib/gcc/arm-none-eabi/13.2.1/../../../arm-none-eabi/lib/thumb/v7-m/nofp/libg.a(libc_a-memcmp.o)
 .ARM.attributes
                0x000007ac       0x1b /usr/lib/gcc/arm-none-eabi/13.2.1/../../../arm-none-eabi/lib/thumb/v7-m/nofp/libg.a(libc_a-memcpy.o)
 .ARM.attributes
                0x000007c7       0x2d /usr/lib/gcc/arm-none-eabi/13.2.1/../../../arm-none-eabi/lib/thumb/v7-m/nofp/libg.a(libc_a-strlen-stub.o)

.comment        0x00000000       0x26
 .comment       0x00000000       0x26 build/py/mpstate.o
                                 0x27 (size before relaxing)
 .comment       0x00000026       0x27 build/py/nlr.o
 .comment       0x00000026       0x27 build/py/nlrthumb.o
 .comment       0x00000026       0x27 build/py/malloc.o
 .comment       0x00000026       0x27 build/py/gc.o
 .comment       0x00000026       0x27 build/py/qstr.o
 .comment       0x00000026       0x27 build/py/vstr.o
 .comment       0x00000026       0x27 build/py/mpprint.o
 .comment       0x00000026       0x27 build/py/unicode.o
 .comment       0x00000026       0x27 build/py/parsenumbase.o
 .comment       0x00000026       0x27 build/py/parsenum.o
 .comment       0x00000026       0x27 build/py/runtime.o
 .comment       0x00000026       0x27 build/py/argcheck.o
 .comment       0x00000026       0x27 build/py/map.o
 .comment       0x00000026       0x27 build/py/obj.o
 .comment       0x00000026       0x27 build/py/objbool.o
 .comment       0x00000026       0x27 build/py/objboundmeth.o
 .comment       0x00000026       0x27 build/py/objdict.o
 .comment       0x00000026       0x27 build/py/objexcept.o
 .comment       0x00000026       0x27 build/py/objfun.o
 .comment       0x00000026       0x27 build/py/objgetitemiter.o
 .comment       0x00000026       0x27 build/py/objint.o
 .comment       0x00000026       0x27 build/py/objlist.o
 .comment       0x00000026       0x27 build/py/objobject.o
 .comment       0x00000026       0x27 build/py/objpolyiter.o
 .comment       0x00000026       0x27 build/py/objnone.o
 .comment       0x00000026       0x27 build/py/objstr.o
 .comment       0x00000026       0x27 build/py/objtuple.o
 .comment       0x00000026       0x27 build/py/objtype.o
 .comment       0x00000026       0x27 build/py/opmethods.o
 .comment       0x00000026       0x27 build/py/sequence.o
 .comment       0x00000026       0x27 build/py/stream.o
 .comment       0x00000026       0x27 build/py/binary.o
 .comment       0x00000026       0x27 build/py/modbuiltins.o
 .comment       0x00000026       0x27 build/py/smallint.o
 .comment       0x00000026       0x27 build/main.o
 .comment       0x00000026       0x27 build/mphalport.o
 .comment       0x00000026       0x27 build/uart.o
 .comment       0x00000026       0x27 /usr/lib/gcc/arm-none-eabi/13.2.1/../../../arm-none-eabi/lib/thumb/v7-m/nofp/libg.a(libc_a-memset.o)
 .comment       0x00000026       0x27 /usr/lib/gcc/arm-none-eabi/13.2.1/../../../arm-none-eabi/lib/thumb/v7-m/nofp/libg.a(libc_a-strchr.o)
 .comment       0x00000026       0x27 /usr/lib/gcc/arm-none-eabi/13.2.1/../../../arm-none-eabi/lib/thumb/v7-m/nofp/libg.a(libc_a-strncmp.o)
 .comment       0x00000026       0x27 /usr/lib/gcc/arm-none-eabi/13.2.1/../../../arm-none-eabi/lib/thumb/v7-m/nofp/libg.a(libc_a-memmove.o)
 .comment       0x00000026       0x27 /usr/lib/gcc/arm-none-eabi/13.2.1/../../../arm-none-eabi/lib/thumb/v7-m/nofp/libg.a(libc_a-memcmp.o)
 .comment       0x00000026       0x27 /usr/lib/gcc/arm-none-eabi/13.2.1/../../../arm-none-eabi/lib/thumb/v7-m/nofp/libg.a(libc_a-strlen-stub.o)

.debug_info     0x00000000    0x32a15
 .debug_info    0x00000000      0x7cf build/py/mpstate.o
 .debug_info    0x000007cf      0x8d5 build/py/nlr.o
 .debug_info    0x000010a4      0x876 build/py/nlrthumb.o
 .debug_info    0x0000191a      0x37f build/py/malloc.o
 .debug_info    0x00001c99     0x1779 build/py/gc.o
 .debug_info    0x00003412     0x17ce build/py/qstr.o
 .debug_info    0x00004be0      0xcf8 build/py/vstr.o
 .debug_info    0x000058d8      0xefd build/py/mpprint.o
 .debug_info    0x000067d5      0x2eb build/py/unicode.o
 .debug_info    0x00006ac0      0x156 build/py/parsenumbase.o
 .debug_info    0x00006c16     0x10f7 build/py/parsenum.o
 .debug_info    0x00007d0d     0x52ab build/py/runtime.o
 .debug_info    0x0000cfb8      0x6ac build/py/argcheck.o
 .debug_info    0x0000d664      0x86f build/py/map.o
 .debug_info    0x0000ded3     0x238f build/py/obj.o
 .debug_info    0x00010262      0xe8e build/py/objbool.o
 .debug_info    0x000110f0      0xdbb build/py/objboundmeth.o
 .debug_info    0x00011eab     0x2c1c build/py/objdict.o
 .debug_info    0x00014ac7     0x2290 build/py/objexcept.o
 .debug_info    0x00016d57     0x1da3 build/py/objfun.o
 .debug_info    0x00018afa      0xa3b build/py/objgetitemiter.o
 .debug_info    0x00019535     0x2200 build/py/objint.o
 .debug_info    0x0001b735     0x26f1 build/py/objlist.o
 .debug_info    0x0001de26      0x907 build/py/objobject.o
 .debug_info    0x0001e72d      0x7ec build/py/objpolyiter.o
 .debug_info    0x0001ef19      0x866 build/py/objnone.o
 .debug_info    0x0001f77f     0x63b4 build/py/objstr.o
 .debug_info    0x00025b33     0x1cac build/py/objtuple.o
 .debug_info    0x000277df     0x37de build/py/objtype.o
 .debug_info    0x0002afbd      0x71f build/py/opmethods.o
 .debug_info    0x0002b6dc      0x91d build/py/sequence.o
 .debug_info    0x0002bff9     0x1ce2 build/py/stream.o
 .debug_info    0x0002dcdb      0x862 build/py/binary.o
 .debug_info    0x0002e53d     0x317f build/py/modbuiltins.o
 .debug_info    0x000316bc      0x107 build/py/smallint.o
 .debug_info    0x000317c3      0x86e build/main.o
 .debug_info    0x00032031      0x1e2 build/mphalport.o
 .debug_info    0x00032213      0x132 build/uart.o
 .debug_info    0x00032345      0x135 /usr/lib/gcc/arm-none-eabi/13.2.1/../../../arm-none-eabi/lib/thumb/v7-m/nofp/libg.a(libc_a-memset.o)
 .debug_info    0x0003247a      0x130 /usr/lib/gcc/arm-none-eabi/13.2.1/../../../arm-none-eabi/lib/thumb/v7-m/nofp/libg.a(libc_a-strchr.o)
 .debug_info    0x000325aa      0x108 /usr/lib/gcc/arm-none-eabi/13.2.1/../../../arm-none-eabi/lib/thumb/v7-m/nofp/libg.a(libc_a-strncmp.o)
 .debug_info    0x000326b2      0x148 /usr/lib/gcc/arm-none-eabi/13.2.1/../../../arm-none-eabi/lib/thumb/v7-m/nofp/libg.a(libc_a-memmove.o)
 .debug_info    0x000327fa      0x12b /usr/lib/gcc/arm-none-eabi/13.2.1/../../../arm-none-eabi/lib/thumb/v7-m/nofp/libg.a(libc_a-memcmp.o)
 .debug_info    0x00032925       0x33 /usr/lib/gcc/arm-none-eabi/13.2.1/../../../arm-none-eabi/lib/thumb/v7-m/nofp/libg.a(libc_a-memcpy.o)
 .debug_info    0x00032958       0xbd /usr/lib/gcc/arm-none-eabi/13.2.1/../../../arm-none-eabi/lib/thumb/v7-m/nofp/libg.a(libc_a-strlen-stub.o)

.debug_abbrev   0x00000000     0x89aa
 .debug_abbrev  0x00000000      0x192 build/py/mpstate.o
 .debug_abbrev  0x00000192      0x23d build/py/nlr.o
 .debug_abbrev  0x000003cf      0x226 build/py/nlrthumb.o
 .debug_abbrev  0x000005f5      0x1ba build/py/malloc.o
 .debug_abbrev  0x000007af      0x53c build/py/gc.o
 .debug_abbrev  0x00000ceb      0x514 build/py/qstr.o
 .debug_abbrev  0x000011ff      0x34f build/py/vstr.o
 .debug_abbrev  0x0000154e      0x3f0 build/py/mpprint.o
 .debug_abbrev  0x0000193e       0xd7 build/py/unicode.o
 .debug_abbrev  0x00001a15       0xb9 build/py/parsenumbase.o
 .debug_abbrev  0x00001ace      0x37d build/py/parsenum.o
 .debug_abbrev  0x00001e4b      0x7c6 build/py/runtime.o
 .debug_abbrev  0x00002611      0x2f7 build/py/argcheck.o
 .debug_abbrev  0x00002908      0x34b build/py/map.o
 .debug_abbrev  0x00002c53      0x556 build/py/obj.o
 .debug_abbrev  0x000031a9      0x2e0 build/py/objbool.o
 .debug_abbrev  0x00003489      0x2d1 build/py/objboundmeth.o
 .debug_abbrev  0x0000375a      0x684 build/py/objdict.o
 .debug_abbrev  0x00003dde      0x5d7 build/py/objexcept.o
 .debug_abbrev  0x000043b5      0x515 build/py/objfun.o
 .debug_abbrev  0x000048ca      0x296 build/py/objgetitemiter.o
 .debug_abbrev  0x00004b60      0x53c build/py/objint.o
 .debug_abbrev  0x0000509c      0x659 build/py/objlist.o
 .debug_abbrev  0x000056f5      0x1c8 build/py/objobject.o
 .debug_abbrev  0x000058bd      0x165 build/py/objpolyiter.o
 .debug_abbrev  0x00005a22      0x176 build/py/objnone.o
 .debug_abbrev  0x00005b98      0x728 build/py/objstr.o
 .debug_abbrev  0x000062c0      0x4f9 build/py/objtuple.o
 .debug_abbrev  0x000067b9      0x676 build/py/objtype.o
 .debug_abbrev  0x00006e2f      0x1f2 build/py/opmethods.o
 .debug_abbrev  0x00007021      0x26e build/py/sequence.o
 .debug_abbrev  0x0000728f      0x553 build/py/stream.o
 .debug_abbrev  0x000077e2      0x2bb build/py/binary.o
 .debug_abbrev  0x00007a9d      0x601 build/py/modbuiltins.o
 .debug_abbrev  0x0000809e       0xab build/py/smallint.o
 .debug_abbrev  0x00008149      0x269 build/main.o
 .debug_abbrev  0x000083b2      0x14f build/mphalport.o
 .debug_abbrev  0x00008501       0xd6 build/uart.o
 .debug_abbrev  0x000085d7       0xb7 /usr/lib/gcc/arm-none-eabi/13.2.1/../../../arm-none-eabi/lib/thumb/v7-m/nofp/libg.a(libc_a-memset.o)
 .debug_abbrev  0x0000868e       0x97 /usr/lib/gcc/arm-none-eabi/13.2.1/../../../arm-none-eabi/lib/thumb/v7-m/nofp/libg.a(libc_a-strchr.o)
 .debug_abbrev  0x00008725       0x92 /usr/lib/gcc/arm-none-eabi/13.2.1/../../../arm-none-eabi/lib/thumb/v7-m/nofp/libg.a(libc_a-strncmp.o)
 .debug_abbrev  0x000087b7       0xc3 /usr/lib/gcc/arm-none-eabi/13.2.1/../../../arm-none-eabi/lib/thumb/v7-m/nofp/libg.a(libc_a-memmove.o)
 .debug_abbrev  0x0000887a       0x90 /usr/lib/gcc/arm-none-eabi/13.2.1/../../../arm-none-eabi/lib/thumb/v7-m/nofp/libg.a(libc_a-memcmp.o)
 .debug_abbrev  0x0000890a       0x28 /usr/lib/gcc/arm-none-eabi/13.2.1/../../../arm-none-eabi/lib/thumb/v7-m/nofp/libg.a(libc_a-memcpy.o)
 .debug_abbrev  0x00008932       0x78 /usr/lib/gcc/arm-none-eabi/13.2.1/../../../arm-none-eabi/lib/thumb/v7-m/nofp/libg.a(libc_a-strlen-stub.o)

.debug_aranges  0x00000000     0x12b8
 .debug_aranges
                0x00000000       0x18 build/py/mpstate.o
 .debug_aranges
                0x00000018       0x40 build/py/nlr.o
 .debug_aranges
                0x00000058       0x28 build/py/nlrthumb.o
 .debug_aranges
                0x00000080       0x48 build/py/malloc.o
 .debug_aranges
                0x000000c8       0xa0 build/py/gc.o
 .debug_aranges
                0x00000168       0x78 build/py/qstr.o
 .debug_aranges
                0x000001e0       0xc8 build/py/vstr.o
 .debug_aranges
                0x000002a8       0x48 build/py/mpprint.o
 .debug_aranges
                0x000002f0       0x70 build/py/unicode.o
 .debug_aranges
                0x00000360       0x20 build/py/parsenumbase.o
 .debug_aranges
                0x00000380       0x30 build/py/parsenum.o
 .debug_aranges
                0x000003b0      0x190 build/py/runtime.o
 .debug_aranges
                0x00000540       0x38 build/py/argcheck.o
 .debug_aranges
                0x00000578       0x48 build/py/map.o
 .debug_aranges
                0x000005c0       0xc8 build/py/obj.o
 .debug_aranges
                0x00000688       0x38 build/py/objbool.o
 .debug_aranges
                0x000006c0       0x40 build/py/objboundmeth.o
 .debug_aranges
                0x00000700      0x110 build/py/objdict.o
 .debug_aranges
                0x00000810       0xb0 build/py/objexcept.o
 .debug_aranges
                0x000008c0       0x58 build/py/objfun.o
 .debug_aranges
                0x00000918       0x28 build/py/objgetitemiter.o
 .debug_aranges
                0x00000940       0xa0 build/py/objint.o
 .debug_aranges
                0x000009e0       0xd0 build/py/objlist.o
 .debug_aranges
                0x00000ab0       0x20 build/py/objobject.o
 .debug_aranges
                0x00000ad0       0x20 build/py/objpolyiter.o
 .debug_aranges
                0x00000af0       0x20 build/py/objnone.o
 .debug_aranges
                0x00000b10      0x1f8 build/py/objstr.o
 .debug_aranges
                0x00000d08       0x68 build/py/objtuple.o
 .debug_aranges
                0x00000d70       0xf0 build/py/objtype.o
 .debug_aranges
                0x00000e60       0x38 build/py/opmethods.o
 .debug_aranges
                0x00000e98       0x40 build/py/sequence.o
 .debug_aranges
                0x00000ed8       0xd0 build/py/stream.o
 .debug_aranges
                0x00000fa8       0x58 build/py/binary.o
 .debug_aranges
                0x00001000       0xf0 build/py/modbuiltins.o
 .debug_aranges
                0x000010f0       0x28 build/py/smallint.o
 .debug_aranges
                0x00001118       0x50 build/main.o
 .debug_aranges
                0x00001168       0x40 build/mphalport.o
 .debug_aranges
                0x000011a8       0x30 build/uart.o
 .debug_aranges
                0x000011d8       0x20 /usr/lib/gcc/arm-none-eabi/13.2.1/../../../arm-none-eabi/lib/thumb/v7-m/nofp/libg.a(libc_a-memset.o)
 .debug_aranges
                0x000011f8       0x20 /usr/lib/gcc/arm-none-eabi/13.2.1/../../../arm-none-eabi/lib/thumb/v7-m/nofp/libg.a(libc_a-strchr.o)
 .debug_aranges
                0x00001218       0x20 /usr/lib/gcc/arm-none-eabi/13.2.1/../../../arm-none-eabi/lib/thumb/v7-m/nofp/libg.a(libc_a-strncmp.o)
 .debug_aranges
                0x00001238       0x20 /usr/lib/gcc/arm-none-eabi/13.2.1/../../../arm-none-eabi/lib/thumb/v7-m/nofp/libg.a(libc_a-memmove.o)
 .debug_aranges
                0x00001258       0x20 /usr/lib/gcc/arm-none-eabi/13.2.1/../../../arm-none-eabi/lib/thumb/v7-m/nofp/libg.a(libc_a-memcmp.o)
 .debug_aranges
                0x00001278       0x20 /usr/lib/gcc/arm-none-eabi/13.2.1/../../../arm-none-eabi/lib/thumb/v7-m/nofp/libg.a(libc_a-memcpy.o)
 .debug_aranges
                0x00001298       0x20 /usr/lib/gcc/arm-none-eabi/13.2.1/../../../arm-none-eabi/lib/thumb/v7-m/nofp/libg.a(libc_a-strlen-stub.o)

.debug_line     0x00000000    0x121fb
 .debug_line    0x00000000      0x102 build/py/mpstate.o
 .debug_line    0x00000102      0x1df build/py/nlr.o
 .debug_line    0x000002e1      0x162 build/py/nlrthumb.o
 .debug_line    0x00000443      0x163 build/py/malloc.o
 .debug_line    0x000005a6     0x12f8 build/py/gc.o
 .debug_line    0x0000189e      0x82c build/py/qstr.o
 .debug_line    0x000020ca      0x54c build/py/vstr.o
 .debug_line    0x00002616      0x98a build/py/mpprint.o
 .debug_line    0x00002fa0      0x2e1 build/py/unicode.o
 .debug_line    0x00003281      0x154 build/py/parsenumbase.o
 .debug_line    0x000033d5      0x3e0 build/py/parsenum.o
 .debug_line    0x000037b5     0x22f2 build/py/runtime.o
 .debug_line    0x00005aa7      0x2b3 build/py/argcheck.o
 .debug_line    0x00005d5a      0x548 build/py/map.o
 .debug_line    0x000062a2      0xd55 build/py/obj.o
 .debug_line    0x00006ff7      0x1f6 build/py/objbool.o
 .debug_line    0x000071ed      0x25e build/py/objboundmeth.o
 .debug_line    0x0000744b      0xc83 build/py/objdict.o
 .debug_line    0x000080ce      0x90f build/py/objexcept.o
 .debug_line    0x000089dd      0x5fc build/py/objfun.o
 .debug_line    0x00008fd9      0x197 build/py/objgetitemiter.o
 .debug_line    0x00009170      0xab8 build/py/objint.o
 .debug_line    0x00009c28      0xb77 build/py/objlist.o
 .debug_line    0x0000a79f       0xfb build/py/objobject.o
 .debug_line    0x0000a89a       0xb5 build/py/objpolyiter.o
 .debug_line    0x0000a94f       0xc0 build/py/objnone.o
 .debug_line    0x0000aa0f     0x2e78 build/py/objstr.o
 .debug_line    0x0000d887      0x5f2 build/py/objtuple.o
 .debug_line    0x0000de79     0x14f2 build/py/objtype.o
 .debug_line    0x0000f36b      0x144 build/py/opmethods.o
 .debug_line    0x0000f4af      0x432 build/py/sequence.o
 .debug_line    0x0000f8e1      0x963 build/py/stream.o
 .debug_line    0x00010244      0x502 build/py/binary.o
 .debug_line    0x00010746      0xa57 build/py/modbuiltins.o
 .debug_line    0x0001119d      0x118 build/py/smallint.o
 .debug_line    0x000112b5      0x23a build/main.o
 .debug_line    0x000114ef      0x153 build/mphalport.o
 .debug_line    0x00011642      0x110 build/uart.o
 .debug_line    0x00011752      0x1b1 /usr/lib/gcc/arm-none-eabi/13.2.1/../../../arm-none-eabi/lib/thumb/v7-m/nofp/libg.a(libc_a-memset.o)
 .debug_line    0x00011903      0x1d6 /usr/lib/gcc/arm-none-eabi/13.2.1/../../../arm-none-eabi/lib/thumb/v7-m/nofp/libg.a(libc_a-strchr.o)
 .debug_line    0x00011ad9      0x1ea /usr/lib/gcc/arm-none-eabi/13.2.1/../../../arm-none-eabi/lib/thumb/v7-m/nofp/libg.a(libc_a-strncmp.o)
 .debug_line    0x00011cc3      0x20d /usr/lib/gcc/arm-none-eabi/13.2.1/../../../arm-none-eabi/lib/thumb/v7-m/nofp/libg.a(libc_a-memmove.o)
 .debug_line    0x00011ed0      0x17a /usr/lib/gcc/arm-none-eabi/13.2.1/../../../arm-none-eabi/lib/thumb/v7-m/nofp/libg.a(libc_a-memcmp.o)
 .debug_line    0x0001204a       0xbd /usr/lib/gcc/arm-none-eabi/13.2.1/../../../arm-none-eabi/lib/thumb/v7-m/nofp/libg.a(libc_a-memcpy.o)
 .debug_line    0x00012107       0xf4 /usr/lib/gcc/arm-none-eabi/13.2.1/../../../arm-none-eabi/lib/thumb/v7-m/nofp/libg.a(libc_a-strlen-stub.o)

.debug_str      0x00000000     0x7212
 .debug_str     0x00000000     0x7212 build/py/mpstate.o
                                0x738 (size before relaxing)
 .debug_str     0x00007212      0x77a build/py/nlr.o
 .debug_str     0x00007212      0x757 build/py/nlrthumb.o
 .debug_str     0x00007212      0x1f0 build/py/malloc.o
 .debug_str     0x00007212      0xaf1 build/py/gc.o
 .debug_str     0x00007212     0x187c build/py/qstr.o
 .debug_str     0x00007212      0x521 build/py/vstr.o
 .debug_str     0x00007212      0x567 build/py/mpprint.o
 .debug_str     0x00007212      0x236 build/py/unicode.o
 .debug_str     0x00007212      0x191 build/py/parsenumbase.o
 .debug_str     0x00007212     0x1b85 build/py/parsenum.o
 .debug_str     0x00007212     0x2dc1 build/py/runtime.o
 .debug_str     0x00007212      0x4e4 build/py/argcheck.o
 .debug_str     0x00007212      0x673 build/py/map.o
 .debug_str     0x00007212     0x1e40 build/py/obj.o
 .debug_str     0x00007212     0x193c build/py/objbool.o
 .debug_str     0x00007212     0x18f8 build/py/objboundmeth.o
 .debug_str     0x00007212     0x21b5 build/py/objdict.o
 .debug_str     0x00007212     0x1de4 build/py/objexcept.o
 .debug_str     0x00007212     0x1b83 build/py/objfun.o
 .debug_str     0x00007212     0x12b5 build/py/objgetitemiter.o
 .debug_str     0x00007212     0x2753 build/py/objint.o
 .debug_str     0x00007212     0x2069 build/py/objlist.o
 .debug_str     0x00007212     0x121e build/py/objobject.o
 .debug_str     0x00007212     0x11e4 build/py/objpolyiter.o
 .debug_str     0x00007212     0x120b build/py/objnone.o
 .debug_str     0x00007212     0x2952 build/py/objstr.o
 .debug_str     0x00007212     0x1e0d build/py/objtuple.o
 .debug_str     0x00007212     0x23ae build/py/objtype.o
 .debug_str     0x00007212      0x91c build/py/opmethods.o
 .debug_str     0x00007212      0x93c build/py/sequence.o
 .debug_str     0x00007212      0xa7c build/py/stream.o
 .debug_str     0x00007212      0x3ae build/py/binary.o
 .debug_str     0x00007212     0x2b72 build/py/modbuiltins.o
 .debug_str     0x00007212      0x1aa build/py/smallint.o
 .debug_str     0x00007212      0xbea build/main.o
 .debug_str     0x00007212      0x1d9 build/mphalport.o
 .debug_str     0x00007212      0x195 build/uart.o
 .debug_str     0x00007212      0x1a0 /usr/lib/gcc/arm-none-eabi/13.2.1/../../../arm-none-eabi/lib/thumb/v7-m/nofp/libg.a(libc_a-memset.o)
 .debug_str     0x00007212      0x197 /usr/lib/gcc/arm-none-eabi/13.2.1/../../../arm-none-eabi/lib/thumb/v7-m/nofp/libg.a(libc_a-strchr.o)
 .debug_str     0x00007212      0x18e /usr/lib/gcc/arm-none-eabi/13.2.1/../../../arm-none-eabi/lib/thumb/v7-m/nofp/libg.a(libc_a-strncmp.o)
 .debug_str     0x00007212      0x1bf /usr/lib/gcc/arm-none-eabi/13.2.1/../../../arm-none-eabi/lib/thumb/v7-m/nofp/libg.a(libc_a-memmove.o)
 .debug_str     0x00007212      0x18c /usr/lib/gcc/arm-none-eabi/13.2.1/../../../arm-none-eabi/lib/thumb/v7-m/nofp/libg.a(libc_a-memcmp.o)
 .debug_str     0x00007212       0xa3 /usr/lib/gcc/arm-none-eabi/13.2.1/../../../arm-none-eabi/lib/thumb/v7-m/nofp/libg.a(libc_a-memcpy.o)
 .debug_str     0x00007212      0x196 /usr/lib/gcc/arm-none-eabi/13.2.1/../../../arm-none-eabi/lib/thumb/v7-m/nofp/libg.a(libc_a-strlen-stub.o)

.debug_loclists
                0x00000000    0x11ad9
 .debug_loclists
                0x00000000       0x6d build/py/nlr.o
 .debug_loclists
                0x0000006d       0x70 build/py/nlrthumb.o
 .debug_loclists
                0x000000dd      0x132 build/py/malloc.o
 .debug_loclists
                0x0000020f      0xd20 build/py/gc.o
 .debug_loclists
                0x00000f2f      0x6af build/py/qstr.o
 .debug_loclists
                0x000015de      0x5bf build/py/vstr.o
 .debug_loclists
                0x00001b9d      0xc60 build/py/mpprint.o
 .debug_loclists
                0x000027fd      0x1ac build/py/unicode.o
 .debug_loclists
                0x000029a9       0xf3 build/py/parsenumbase.o
 .debug_loclists
                0x00002a9c      0x2db build/py/parsenum.o
 .debug_loclists
                0x00002d77     0x1fc6 build/py/runtime.o
 .debug_loclists
                0x00004d3d      0x1ee build/py/argcheck.o
 .debug_loclists
                0x00004f2b      0x355 build/py/map.o
 .debug_loclists
                0x00005280      0xb3f build/py/obj.o
 .debug_loclists
                0x00005dbf      0x30b build/py/objbool.o
 .debug_loclists
                0x000060ca      0x2ad build/py/objboundmeth.o
 .debug_loclists
                0x00006377      0xfdf build/py/objdict.o
 .debug_loclists
                0x00007356      0x9ac build/py/objexcept.o
 .debug_loclists
                0x00007d02      0x96f build/py/objfun.o
 .debug_loclists
                0x00008671       0x96 build/py/objgetitemiter.o
 .debug_loclists
                0x00008707      0xafa build/py/objint.o
 .debug_loclists
                0x00009201      0xccc build/py/objlist.o
 .debug_loclists
                0x00009ecd       0xf0 build/py/objobject.o
 .debug_loclists
                0x00009fbd       0x46 build/py/objpolyiter.o
 .debug_loclists
                0x0000a003       0x63 build/py/objnone.o
 .debug_loclists
                0x0000a066     0x3055 build/py/objstr.o
 .debug_loclists
                0x0000d0bb      0x90f build/py/objtuple.o
 .debug_loclists
                0x0000d9ca     0x14b4 build/py/objtype.o
 .debug_loclists
                0x0000ee7e      0x1bb build/py/opmethods.o
 .debug_loclists
                0x0000f039      0x4e0 build/py/sequence.o
 .debug_loclists
                0x0000f519      0xb44 build/py/stream.o
 .debug_loclists
                0x0001005d      0x858 build/py/binary.o
 .debug_loclists
                0x000108b5      0x8cf build/py/modbuiltins.o
 .debug_loclists
                0x00011184       0x3b build/py/smallint.o
 .debug_loclists
                0x000111bf       0x96 build/main.o
 .debug_loclists
                0x00011255       0xa2 build/mphalport.o
 .debug_loclists
                0x000112f7       0x29 build/uart.o
 .debug_loclists
                0x00011320      0x1d7 /usr/lib/gcc/arm-none-eabi/13.2.1/../../../arm-none-eabi/lib/thumb/v7-m/nofp/libg.a(libc_a-memset.o)
 .debug_loclists
                0x000114f7      0x18f /usr/lib/gcc/arm-none-eabi/13.2.1/../../../arm-none-eabi/lib/thumb/v7-m/nofp/libg.a(libc_a-strchr.o)
 .debug_loclists
                0x00011686      0x139 /usr/lib/gcc/arm-none-eabi/13.2.1/../../../arm-none-eabi/lib/thumb/v7-m/nofp/libg.a(libc_a-strncmp.o)
 .debug_loclists
                0x000117bf      0x21b /usr/lib/gcc/arm-none-eabi/13.2.1/../../../arm-none-eabi/lib/thumb/v7-m/nofp/libg.a(libc_a-memmove.o)
 .debug_loclists
                0x000119da       0xd6 /usr/lib/gcc/arm-none-eabi/13.2.1/../../../arm-none-eabi/lib/thumb/v7-m/nofp/libg.a(libc_a-memcmp.o)
 .debug_loclists
                0x00011ab0       0x29 /usr/lib/gcc/arm-none-eabi/13.2.1/../../../arm-none-eabi/lib/thumb/v7-m/nofp/libg.a(libc_a-strlen-stub.o)

.debug_rnglists
                0x00000000     0x1ab8
 .debug_rnglists
                0x00000000       0x2b build/py/nlr.o
 .debug_rnglists
                0x0000002b       0x19 build/py/nlrthumb.o
 .debug_rnglists
                0x00000044       0x31 build/py/malloc.o
 .debug_rnglists
                0x00000075      0x275 build/py/gc.o
 .debug_rnglists
                0x000002ea      0x10e build/py/qstr.o
 .debug_rnglists
                0x000003f8       0x9d build/py/vstr.o
 .debug_rnglists
                0x00000495       0x7d build/py/mpprint.o
 .debug_rnglists
                0x00000512       0x4f build/py/unicode.o
 .debug_rnglists
                0x00000561       0x22 build/py/parsenumbase.o
 .debug_rnglists
                0x00000583       0x2d build/py/parsenum.o
 .debug_rnglists
                0x000005b0      0x352 build/py/runtime.o
 .debug_rnglists
                0x00000902       0x57 build/py/argcheck.o
 .debug_rnglists
                0x00000959       0x66 build/py/map.o
 .debug_rnglists
                0x000009bf      0x109 build/py/obj.o
 .debug_rnglists
                0x00000ac8       0x4c build/py/objbool.o
 .debug_rnglists
                0x00000b14       0x37 build/py/objboundmeth.o
 .debug_rnglists
                0x00000b4b      0x177 build/py/objdict.o
 .debug_rnglists
                0x00000cc2       0xbc build/py/objexcept.o
 .debug_rnglists
                0x00000d7e       0x92 build/py/objfun.o
 .debug_rnglists
                0x00000e10       0x19 build/py/objgetitemiter.o
 .debug_rnglists
                0x00000e29       0xf0 build/py/objint.o
 .debug_rnglists
                0x00000f19      0x134 build/py/objlist.o
 .debug_rnglists
                0x0000104d       0x13 build/py/objobject.o
 .debug_rnglists
                0x00001060       0x13 build/py/objpolyiter.o
 .debug_rnglists
                0x00001073       0x13 build/py/objnone.o
 .debug_rnglists
                0x00001086      0x43e build/py/objstr.o
 .debug_rnglists
                0x000014c4       0xa0 build/py/objtuple.o
 .debug_rnglists
                0x00001564      0x1a1 build/py/objtype.o
 .debug_rnglists
                0x00001705       0x25 build/py/opmethods.o
 .debug_rnglists
                0x0000172a       0x74 build/py/sequence.o
 .debug_rnglists
                0x0000179e       0xe8 build/py/stream.o
 .debug_rnglists
                0x00001886       0x5d build/py/binary.o
 .debug_rnglists
                0x000018e3      0x10a build/py/modbuiltins.o
 .debug_rnglists
                0x000019ed       0x19 build/py/smallint.o
 .debug_rnglists
                0x00001a06       0x37 build/main.o
 .debug_rnglists
                0x00001a3d       0x49 build/mphalport.o
 .debug_rnglists
                0x00001a86       0x1f build/uart.o
 .debug_rnglists
                0x00001aa5       0x13 /usr/lib/gcc/arm-none-eabi/13.2.1/../../../arm-none-eabi/lib/thumb/v7-m/nofp/libg.a(libc_a-strlen-stub.o)

.debug_frame    0x00000000     0x3528
 .debug_frame   0x00000000       0x6c build/py/nlr.o
 .debug_frame   0x0000006c       0x38 build/py/nlrthumb.o
 .debug_frame   0x000000a4       0x80 build/py/malloc.o
 .debug_frame   0x00000124      0x22c build/py/gc.o
 .debug_frame   0x00000350      0x148 build/py/qstr.o
 .debug_frame   0x00000498      0x24c build/py/vstr.o
 .debug_frame   0x000006e4       0xf4 build/py/mpprint.o
 .debug_frame   0x000007d8       0xd0 build/py/unicode.o
 .debug_frame   0x000008a8       0x28 build/py/parsenumbase.o
 .debug_frame   0x000008d0       0x64 build/py/parsenum.o
 .debug_frame   0x00000934      0x564 build/py/runtime.o
 .debug_frame   0x00000e98       0x90 build/py/argcheck.o
 .debug_frame   0x00000f28       0xc4 build/py/map.o
 .debug_frame   0x00000fec      0x260 build/py/obj.o
 .debug_frame   0x0000124c       0x5c build/py/objbool.o
 .debug_frame   0x000012a8       0x88 build/py/objboundmeth.o
 .debug_frame   0x00001330      0x344 build/py/objdict.o
 .debug_frame   0x00001674      0x26c build/py/objexcept.o
 .debug_frame   0x000018e0      0x128 build/py/objfun.o
 .debug_frame   0x00001a08       0x44 build/py/objgetitemiter.o
 .debug_frame   0x00001a4c      0x1e0 build/py/objint.o